                                      1 ;--------------------------------------------------------
                                      2 ; File Created by SDCC : free open source ISO C Compiler
                                      3 ; Version 4.5.10 #15691 (Linux)
                                      4 ;--------------------------------------------------------
                                      5 	.module toupper
                                      6 	
                                      7 	.optsdcc -mmos6502
                                      8 
                                      9 ;--------------------------------------------------------
                                     10 ;  Ordering of segments for the linker.
                                     11 ;--------------------------------------------------------
                                     12 	.area ZP      (PAG)
                                     13 	.area OSEG    (PAG, OVR)
                                     14 	.area _CODE
                                     15 	.area GSINIT
                                     16 	.area GSFINAL
                                     17 	.area CODE
                                     18 	.area RODATA
                                     19 	.area XINIT
                                     20 	.area _DATA
                                     21 	.area DATA
                                     22 	.area BSS
                                     23 ;--------------------------------------------------------
                                     24 ; Public variables in this module
                                     25 ;--------------------------------------------------------
                                     26 	.globl _toupper
                                     27 ;--------------------------------------------------------
                                     28 ; ZP ram data
                                     29 ;--------------------------------------------------------
                                     30 	.area ZP      (PAG)
                                     31 ;--------------------------------------------------------
                                     32 ; overlayable items in ram
                                     33 ;--------------------------------------------------------
                                     34 ;--------------------------------------------------------
                                     35 ; uninitialized external ram data
                                     36 ;--------------------------------------------------------
                                     37 	.area BSS
                                     38 ;--------------------------------------------------------
                                     39 ; absolute external ram data
                                     40 ;--------------------------------------------------------
                                     41 	.area DABS    (ABS)
                                     42 ;--------------------------------------------------------
                                     43 ; initialized external ram data
                                     44 ;--------------------------------------------------------
                                     45 	.area DATA
                                     46 ;--------------------------------------------------------
                                     47 ; global & static initialisations
                                     48 ;--------------------------------------------------------
                                     49 	.area _CODE
                                     50 	.area GSINIT
                                     51 	.area GSFINAL
                                     52 	.area GSINIT
                                     53 ;--------------------------------------------------------
                                     54 ; Home
                                     55 ;--------------------------------------------------------
                                     56 	.area _CODE
                                     57 	.area _CODE
                                     58 ;--------------------------------------------------------
                                     59 ; code
                                     60 ;--------------------------------------------------------
                                     61 	.area CODE
                                     62 ;------------------------------------------------------------
                                     63 ;Allocation info for local variables in function 'toupper'
                                     64 ;------------------------------------------------------------
                                     65 ;c             Allocated to registers a x 
                                     66 ;__200000001   Allocated to registers 
                                     67 ;__200000002   Allocated to registers 
                                     68 ;c             Allocated to registers 
                                     69 ;------------------------------------------------------------
                                     70 ;	../toupper.c: 33: int toupper (int c)
                                     71 ;	genLabel
                                     72 ;	Raw cost for generated ic 0 : (0, 0.000000) count=1.000000
                                     73 ;	-----------------------------------------
                                     74 ;	 function toupper
                                     75 ;	-----------------------------------------
                                     76 ;	Register assignment is optimal.
                                     77 ;	Stack space usage: 0 bytes.
      000000                         78 _toupper:
                                     79 ;	Raw cost for generated ic 1 : (0, 0.000000) count=1.000000
                                     80 ;	genReceive
                                     81 ;	Raw cost for generated ic 2 : (0, 0.000000) count=1.000000
                                     82 ;	./../../include/ctype.h: 71: return ((unsigned char)c >= 'a' && (unsigned char)c <= 'z');
                                     83 ;	genCast
                                     84 ;	genCopy
      000000 A8               [ 2]   85 	tay
                                     86 ;	Raw cost for generated ic 5 : (1, 2.000000) count=1.000000
                                     87 ;	genCmp
      000001 C0 61            [ 2]   88 	cpy	#0x61
      000003 90 10            [ 4]   89 	bcc	00104$
                                     90 ;	Raw cost for generated ic 6 : (7, 7.600000) count=1.000000
                                     91 ;	skipping generated iCode
                                     92 ;	Raw cost for generated ic 8 : (0, 0.000000) count=1.000000
                                     93 ;	genCmp
      000005 C0 7A            [ 2]   94 	cpy	#0x7a
      000007 F0 03            [ 4]   95 	beq	00121$
      000009 90 01            [ 4]   96 	bcc	00121$
      00000B 60               [ 6]   97 	rts
      00000C                         98 00121$:
                                     99 ;	Raw cost for generated ic 10 : (9, 10.200000) count=0.750000
                                    100 ;	skipping generated iCode
                                    101 ;	Raw cost for generated ic 12 : (0, 0.000000) count=0.750000
                                    102 ;	../toupper.c: 35: return (islower (c) ? c + ('A' - 'a') : c);
                                    103 ;	genPlus
                                    104 ;	  genPlusInc
      00000C 18               [ 2]  105 	clc
      00000D 69 E0            [ 2]  106 	adc	#0xe0
      00000F 48               [ 3]  107 	pha
      000010 8A               [ 2]  108 	txa
      000011 69 FF            [ 2]  109 	adc	#0xff
      000013 AA               [ 2]  110 	tax
      000014 68               [ 4]  111 	pla
                                    112 ;	Raw cost for generated ic 24 : (9, 17.000000) count=0.562500
                                    113 ;	genGoto
                                    114 ;	Raw cost for generated ic 26 : (3, 3.000000) count=0.562500
                                    115 ;	genLabel
                                    116 ;	Raw cost for generated ic 27 : (0, 0.000000) count=0.437500
                                    117 ;	genAssign
                                    118 ;	genCopy
                                    119 ;	Raw cost for generated ic 28 : (0, 0.000000) count=0.437500
                                    120 ;	genLabel
                                    121 ;	Raw cost for generated ic 29 : (0, 0.000000) count=1.000000
                                    122 ;	genRet
                                    123 ;	Raw cost for generated ic 30 : (0, 0.000000) count=1.000000
                                    124 ;	genLabel
                                    125 ;	Raw cost for generated ic 31 : (0, 0.000000) count=1.000000
                                    126 ;	../toupper.c: 36: }
                                    127 ;	genEndFunction
      000015                        128 00104$:
      000015 60               [ 6]  129 	rts
                                    130 ;	Raw cost for generated ic 32 : (1, 6.000000) count=1.000000
                                    131 	.area CODE
                                    132 	.area RODATA
                                    133 	.area XINIT
                                    134 	.area CABS    (ABS)
