                                      1 ;--------------------------------------------------------
                                      2 ; File Created by SDCC : free open source ISO C Compiler
                                      3 ; Version 4.5.10 #15691 (Linux)
                                      4 ;--------------------------------------------------------
                                      5 	.module __itoa
                                      6 	
                                      7 	.optsdcc -mmos6502
                                      8 
                                      9 ;--------------------------------------------------------
                                     10 ;  Ordering of segments for the linker.
                                     11 ;--------------------------------------------------------
                                     12 	.area ZP      (PAG)
                                     13 	.area OSEG    (PAG, OVR)
                                     14 	.area _CODE
                                     15 	.area GSINIT
                                     16 	.area GSFINAL
                                     17 	.area CODE
                                     18 	.area RODATA
                                     19 	.area XINIT
                                     20 	.area _DATA
                                     21 	.area DATA
                                     22 	.area BSS
                                     23 ;--------------------------------------------------------
                                     24 ; Public variables in this module
                                     25 ;--------------------------------------------------------
                                     26 	.globl ___itoa_PARM_3
                                     27 	.globl ___itoa_PARM_2
                                     28 	.globl ___uitoa_PARM_3
                                     29 	.globl ___uitoa_PARM_2
                                     30 	.globl ___uitoa
                                     31 	.globl ___itoa
                                     32 ;--------------------------------------------------------
                                     33 ; ZP ram data
                                     34 ;--------------------------------------------------------
                                     35 	.area ZP      (PAG)
      000000                         36 ___uitoa_sloc0_1_0:
      000000                         37 	.ds 1
      000001                         38 ___uitoa_sloc1_1_0:
      000001                         39 	.ds 2
      000003                         40 ___uitoa_sloc2_1_0:
      000003                         41 	.ds 2
      000005                         42 ___uitoa_sloc3_1_0:
      000005                         43 	.ds 2
      000007                         44 ___uitoa_sloc4_1_0:
      000007                         45 	.ds 2
                                     46 ;--------------------------------------------------------
                                     47 ; overlayable items in ram
                                     48 ;--------------------------------------------------------
                                     49 ;--------------------------------------------------------
                                     50 ; uninitialized external ram data
                                     51 ;--------------------------------------------------------
                                     52 	.area BSS
      000000                         53 ___uitoa_PARM_2:
      000000                         54 	.ds 2
      000002                         55 ___uitoa_PARM_3:
      000002                         56 	.ds 1
      000003                         57 ___uitoa_value_10000_42:
      000003                         58 	.ds 2
      000005                         59 ___uitoa_tmp_20000_46:
      000005                         60 	.ds 1
      000006                         61 ___itoa_PARM_2:
      000006                         62 	.ds 2
      000008                         63 ___itoa_PARM_3:
      000008                         64 	.ds 1
      000009                         65 ___itoa_value_10000_47:
      000009                         66 	.ds 2
                                     67 ;--------------------------------------------------------
                                     68 ; absolute external ram data
                                     69 ;--------------------------------------------------------
                                     70 	.area DABS    (ABS)
                                     71 ;--------------------------------------------------------
                                     72 ; initialized external ram data
                                     73 ;--------------------------------------------------------
                                     74 	.area DATA
                                     75 ;--------------------------------------------------------
                                     76 ; global & static initialisations
                                     77 ;--------------------------------------------------------
                                     78 	.area _CODE
                                     79 	.area GSINIT
                                     80 	.area GSFINAL
                                     81 	.area GSINIT
                                     82 ;--------------------------------------------------------
                                     83 ; Home
                                     84 ;--------------------------------------------------------
                                     85 	.area _CODE
                                     86 	.area _CODE
                                     87 ;--------------------------------------------------------
                                     88 ; code
                                     89 ;--------------------------------------------------------
                                     90 	.area CODE
                                     91 ;------------------------------------------------------------
                                     92 ;Allocation info for local variables in function '__uitoa'
                                     93 ;------------------------------------------------------------
                                     94 ;sloc0         Allocated with name '___uitoa_sloc0_1_0'
                                     95 ;sloc1         Allocated with name '___uitoa_sloc1_1_0'
                                     96 ;sloc2         Allocated with name '___uitoa_sloc2_1_0'
                                     97 ;sloc3         Allocated with name '___uitoa_sloc3_1_0'
                                     98 ;sloc4         Allocated with name '___uitoa_sloc4_1_0'
                                     99 ;string        Allocated with name '___uitoa_PARM_2'
                                    100 ;radix         Allocated with name '___uitoa_PARM_3'
                                    101 ;value         Allocated with name '___uitoa_value_10000_42'
                                    102 ;index         Allocated to registers 
                                    103 ;i             Allocated to registers 
                                    104 ;tmp           Allocated with name '___uitoa_tmp_20000_46'
                                    105 ;------------------------------------------------------------
                                    106 ;	../__itoa.c: 42: void __uitoa(unsigned int value, char* string, unsigned char radix)
                                    107 ;	genLabel
                                    108 ;	Raw cost for generated ic 0 : (0, 0.000000) count=1.000000
                                    109 ;	-----------------------------------------
                                    110 ;	 function __uitoa
                                    111 ;	-----------------------------------------
                                    112 ;	Register assignment is optimal.
                                    113 ;	Stack space usage: 0 bytes.
      000000                        114 ___uitoa:
                                    115 ;	Raw cost for generated ic 1 : (0, 0.000000) count=1.000000
                                    116 ;	genReceive
      000000 8Dr03r00         [ 4]  117 	sta	___uitoa_value_10000_42
      000003 8Er04r00         [ 4]  118 	stx	(___uitoa_value_10000_42 + 1)
                                    119 ;	Raw cost for generated ic 2 : (6, 8.000000) count=1.000000
                                    120 ;	../__itoa.c: 47: do {
                                    121 ;	genAssign
                                    122 ;	genAssignLit
      000006 A0 00            [ 2]  123 	ldy	#0x00
      000008 84*00            [ 3]  124 	sty	*___uitoa_sloc0_1_0
                                    125 ;	Raw cost for generated ic 73 : (4, 5.000000) count=1.000000
                                    126 ;	genLabel
      00000A                        127 00103$:
                                    128 ;	Raw cost for generated ic 5 : (0, 0.000000) count=3.999997
                                    129 ;	../__itoa.c: 48: string[index] = '0' + (value % radix);
                                    130 ;	genCast
                                    131 ;	genCopy
      00000A A2 00            [ 2]  132 	ldx	#0x00
      00000C A5*00            [ 3]  133 	lda	*___uitoa_sloc0_1_0
      00000E 10 01            [ 4]  134 	bpl	00143$
      000010 CA               [ 2]  135 	dex
      000011                        136 00143$:
                                    137 ;	Raw cost for generated ic 6 : (7, 9.600000) count=3.999997
                                    138 ;	genPlus
      000011 18               [ 2]  139 	clc
      000012 6Dr00r00         [ 4]  140 	adc	___uitoa_PARM_2
      000015 85*01            [ 3]  141 	sta	*___uitoa_sloc1_1_0
      000017 8A               [ 2]  142 	txa
      000018 6Dr01r00         [ 4]  143 	adc	(___uitoa_PARM_2 + 1)
      00001B 85*02            [ 3]  144 	sta	*(___uitoa_sloc1_1_0 + 1)
                                    145 ;	Raw cost for generated ic 7 : (12, 18.000000) count=3.999997
                                    146 ;	genCast
                                    147 ;	genCopy
      00001D A0 00            [ 2]  148 	ldy	#0x00
      00001F 84*04            [ 3]  149 	sty	*(___uitoa_sloc2_1_0 + 1)
      000021 ADr02r00         [ 4]  150 	lda	___uitoa_PARM_3
      000024 85*03            [ 3]  151 	sta	*___uitoa_sloc2_1_0
                                    152 ;	Raw cost for generated ic 8 : (9, 12.000000) count=3.999997
                                    153 ;	genAssign
                                    154 ;	genCopy
      000026 A5*04            [ 3]  155 	lda	*(___uitoa_sloc2_1_0 + 1)
      000028 8Dr01r00         [ 4]  156 	sta	(__moduint_PARM_2 + 1)
      00002B A5*03            [ 3]  157 	lda	*___uitoa_sloc2_1_0
      00002D 8Dr00r00         [ 4]  158 	sta	__moduint_PARM_2
                                    159 ;	Raw cost for generated ic 88 : (10, 14.000000) count=3.999997
                                    160 ;	Raw cost for generated ic 87 : (0, 0.000000) count=3.999997
                                    161 ;	genCall
                                    162 ;	genSend
      000030 AEr04r00         [ 4]  163 	ldx	(___uitoa_value_10000_42 + 1)
      000033 ADr03r00         [ 4]  164 	lda	___uitoa_value_10000_42
      000036 20r00r00         [ 6]  165 	jsr	__moduint
                                    166 ;	assignResultValue
                                    167 ;	Raw cost for generated ic 89 : (9, 14.000000) count=3.999997
                                    168 ;	genCast
                                    169 ;	genCopy
                                    170 ;	Raw cost for generated ic 10 : (0, 0.000000) count=3.999997
                                    171 ;	genCast
                                    172 ;	genCopy
                                    173 ;	Raw cost for generated ic 11 : (0, 0.000000) count=3.999997
                                    174 ;	genPlus
                                    175 ;	  genPlusInc
      000039 18               [ 2]  176 	clc
      00003A 69 30            [ 2]  177 	adc	#0x30
                                    178 ;	Raw cost for generated ic 12 : (3, 4.000000) count=3.999997
                                    179 ;	genPointerSet
      00003C A0 00            [ 2]  180 	ldy	#0x00
                                    181 ;	Raw cost for generated ic 13 : (4, 8.000000) count=3.999997
                                    182 ;	../__itoa.c: 49: if (string[index] > '9')
                                    183 ;	genPointerGet
      00003E 91*01            [ 6]  184 	sta	[*___uitoa_sloc1_1_0],y
                                    185 ;	Raw cost for generated ic 16 : (2, 5.000000) count=3.999997
                                    186 ;	genCmp
      000040 C9 39            [ 2]  187 	cmp	#0x39
      000042 F0 09            [ 4]  188 	beq	00102$
      000044 90 07            [ 4]  189 	bcc	00102$
                                    190 ;	Raw cost for generated ic 17 : (9, 10.200000) count=3.999997
                                    191 ;	skipping generated iCode
                                    192 ;	Raw cost for generated ic 18 : (0, 0.000000) count=3.999997
                                    193 ;	../__itoa.c: 50: string[index] += 'A' - '9' - 1;
                                    194 ;	genPointerGet
      000046 B1*01            [ 6]  195 	lda	[*___uitoa_sloc1_1_0],y
                                    196 ;	Raw cost for generated ic 25 : (2, 5.000000) count=2.999997
                                    197 ;	genCast
                                    198 ;	genCopy
                                    199 ;	Raw cost for generated ic 26 : (0, 0.000000) count=2.999997
                                    200 ;	genPlus
                                    201 ;	  genPlusInc
      000048 18               [ 2]  202 	clc
      000049 69 07            [ 2]  203 	adc	#0x07
                                    204 ;	Raw cost for generated ic 27 : (3, 4.000000) count=2.999997
                                    205 ;	genPointerSet
      00004B 91*01            [ 6]  206 	sta	[*___uitoa_sloc1_1_0],y
                                    207 ;	Raw cost for generated ic 28 : (2, 6.000000) count=2.999997
                                    208 ;	genLabel
      00004D                        209 00102$:
                                    210 ;	Raw cost for generated ic 29 : (0, 0.000000) count=3.999996
                                    211 ;	../__itoa.c: 51: value /= radix;
                                    212 ;	genAssign
                                    213 ;	genCopy
      00004D A5*04            [ 3]  214 	lda	*(___uitoa_sloc2_1_0 + 1)
      00004F 8Dr01r00         [ 4]  215 	sta	(__divuint_PARM_2 + 1)
      000052 A5*03            [ 3]  216 	lda	*___uitoa_sloc2_1_0
      000054 8Dr00r00         [ 4]  217 	sta	__divuint_PARM_2
                                    218 ;	Raw cost for generated ic 91 : (10, 14.000000) count=3.999996
                                    219 ;	../__itoa.c: 52: ++index;
                                    220 ;	Raw cost for generated ic 90 : (0, 0.000000) count=3.999996
                                    221 ;	genCall
                                    222 ;	genSend
      000057 AEr04r00         [ 4]  223 	ldx	(___uitoa_value_10000_42 + 1)
      00005A ADr03r00         [ 4]  224 	lda	___uitoa_value_10000_42
      00005D 20r00r00         [ 6]  225 	jsr	__divuint
                                    226 ;	assignResultValue
      000060 8Dr03r00         [ 4]  227 	sta	___uitoa_value_10000_42
      000063 8Er04r00         [ 4]  228 	stx	(___uitoa_value_10000_42 + 1)
                                    229 ;	Raw cost for generated ic 92 : (15, 22.000000) count=3.999996
                                    230 ;	genPlus
                                    231 ;	  genPlusInc
      000066 E6*00            [ 5]  232 	inc	*___uitoa_sloc0_1_0
                                    233 ;	Raw cost for generated ic 33 : (2, 5.000000) count=3.999996
                                    234 ;	../__itoa.c: 53: } while (value != 0);
                                    235 ;	genIfx
      000068 8A               [ 2]  236 	txa
      000069 0Dr03r00         [ 4]  237 	ora	___uitoa_value_10000_42
                                    238 ;	genIfxJump : z
      00006C D0 9C            [ 4]  239 	bne	00103$
                                    240 ;	Raw cost for generated ic 36 : (9, 11.600000) count=3.999996
                                    241 ;	../__itoa.c: 56: string[index--] = '\0';
                                    242 ;	genMinus
                                    243 ;	  genMinusDec - size=1  icount=1
      00006E A5*00            [ 3]  244 	lda	*___uitoa_sloc0_1_0
      000070 38               [ 2]  245 	sec
      000071 E9 01            [ 2]  246 	sbc	#0x01
      000073 85*03            [ 3]  247 	sta	*___uitoa_sloc2_1_0
                                    248 ;	Raw cost for generated ic 40 : (7, 10.000000) count=0.999998
                                    249 ;	genCast
                                    250 ;	genCopy
      000075 A2 00            [ 2]  251 	ldx	#0x00
      000077 A5*00            [ 3]  252 	lda	*___uitoa_sloc0_1_0
      000079 10 01            [ 4]  253 	bpl	00148$
      00007B CA               [ 2]  254 	dex
      00007C                        255 00148$:
                                    256 ;	Raw cost for generated ic 42 : (7, 9.600000) count=0.999998
                                    257 ;	genPlus
      00007C 18               [ 2]  258 	clc
      00007D 6Dr00r00         [ 4]  259 	adc	___uitoa_PARM_2
      000080 85*01            [ 3]  260 	sta	*___uitoa_sloc1_1_0
      000082 8A               [ 2]  261 	txa
      000083 6Dr01r00         [ 4]  262 	adc	(___uitoa_PARM_2 + 1)
      000086 85*02            [ 3]  263 	sta	*(___uitoa_sloc1_1_0 + 1)
                                    264 ;	Raw cost for generated ic 43 : (12, 18.000000) count=0.999998
                                    265 ;	genPointerSet
      000088 A9 00            [ 2]  266 	lda	#0x00
      00008A A8               [ 2]  267 	tay
      00008B 91*01            [ 6]  268 	sta	[*___uitoa_sloc1_1_0],y
                                    269 ;	Raw cost for generated ic 44 : (5, 10.000000) count=0.999998
                                    270 ;	../__itoa.c: 59: while (index > i) {
                                    271 ;	genAssign
                                    272 ;	genAssignLit
      00008D 85*01            [ 3]  273 	sta	*___uitoa_sloc1_1_0
                                    274 ;	Raw cost for generated ic 76 : (2, 3.000000) count=0.999998
                                    275 ;	genLabel
      00008F                        276 00106$:
                                    277 ;	Raw cost for generated ic 45 : (0, 0.000000) count=3.999987
                                    278 ;	genCmp
      00008F A5*01            [ 3]  279 	lda	*___uitoa_sloc1_1_0
      000091 38               [ 2]  280 	sec
      000092 E5*03            [ 3]  281 	sbc	*___uitoa_sloc2_1_0
      000094 50 04            [ 4]  282 	bvc	00150$
      000096 10 05            [ 4]  283 	bpl	00149$
      000098 30 40            [ 4]  284 	bmi	00109$
      00009A                        285 00150$:
      00009A 30 01            [ 4]  286 	bmi	00149$
      00009C 60               [ 6]  287 	rts
      00009D                        288 00149$:
                                    289 ;	Raw cost for generated ic 46 : (16, 21.400002) count=3.999987
                                    290 ;	skipping generated iCode
                                    291 ;	Raw cost for generated ic 47 : (0, 0.000000) count=3.999987
                                    292 ;	../__itoa.c: 60: char tmp = string[i];
                                    293 ;	genCast
                                    294 ;	genCopy
      00009D A2 00            [ 2]  295 	ldx	#0x00
      00009F A5*01            [ 3]  296 	lda	*___uitoa_sloc1_1_0
      0000A1 10 01            [ 4]  297 	bpl	00152$
      0000A3 CA               [ 2]  298 	dex
      0000A4                        299 00152$:
                                    300 ;	Raw cost for generated ic 50 : (7, 9.600000) count=2.999989
                                    301 ;	genPlus
      0000A4 18               [ 2]  302 	clc
      0000A5 6Dr00r00         [ 4]  303 	adc	___uitoa_PARM_2
      0000A8 85*05            [ 3]  304 	sta	*___uitoa_sloc3_1_0
      0000AA 8A               [ 2]  305 	txa
      0000AB 6Dr01r00         [ 4]  306 	adc	(___uitoa_PARM_2 + 1)
      0000AE 85*06            [ 3]  307 	sta	*(___uitoa_sloc3_1_0 + 1)
                                    308 ;	Raw cost for generated ic 51 : (12, 18.000000) count=2.999989
                                    309 ;	genPointerGet
      0000B0 A0 00            [ 2]  310 	ldy	#0x00
      0000B2 B1*05            [ 6]  311 	lda	[*___uitoa_sloc3_1_0],y
      0000B4 8Dr05r00         [ 4]  312 	sta	___uitoa_tmp_20000_46
                                    313 ;	Raw cost for generated ic 52 : (7, 11.000000) count=2.999989
                                    314 ;	../__itoa.c: 61: string[i] = string[index];
                                    315 ;	genCast
                                    316 ;	genCopy
      0000B7 A2 00            [ 2]  317 	ldx	#0x00
      0000B9 A5*03            [ 3]  318 	lda	*___uitoa_sloc2_1_0
      0000BB 10 01            [ 4]  319 	bpl	00153$
      0000BD CA               [ 2]  320 	dex
      0000BE                        321 00153$:
                                    322 ;	Raw cost for generated ic 56 : (7, 9.600000) count=2.999989
                                    323 ;	genPlus
      0000BE 18               [ 2]  324 	clc
      0000BF 6Dr00r00         [ 4]  325 	adc	___uitoa_PARM_2
      0000C2 85*07            [ 3]  326 	sta	*___uitoa_sloc4_1_0
      0000C4 8A               [ 2]  327 	txa
      0000C5 6Dr01r00         [ 4]  328 	adc	(___uitoa_PARM_2 + 1)
      0000C8 85*08            [ 3]  329 	sta	*(___uitoa_sloc4_1_0 + 1)
                                    330 ;	Raw cost for generated ic 57 : (12, 18.000000) count=2.999989
                                    331 ;	genPointerGet
      0000CA B1*07            [ 6]  332 	lda	[*___uitoa_sloc4_1_0],y
                                    333 ;	Raw cost for generated ic 58 : (2, 5.000000) count=2.999989
                                    334 ;	genPointerSet
      0000CC 91*05            [ 6]  335 	sta	[*___uitoa_sloc3_1_0],y
                                    336 ;	Raw cost for generated ic 59 : (2, 6.000000) count=2.999989
                                    337 ;	../__itoa.c: 62: string[index] = tmp;
                                    338 ;	genPointerSet
      0000CE ADr05r00         [ 4]  339 	lda	___uitoa_tmp_20000_46
      0000D1 91*07            [ 6]  340 	sta	[*___uitoa_sloc4_1_0],y
                                    341 ;	Raw cost for generated ic 62 : (5, 10.000000) count=2.999989
                                    342 ;	../__itoa.c: 63: ++i;
                                    343 ;	genPlus
                                    344 ;	  genPlusInc
      0000D3 E6*01            [ 5]  345 	inc	*___uitoa_sloc1_1_0
                                    346 ;	Raw cost for generated ic 63 : (2, 5.000000) count=2.999989
                                    347 ;	../__itoa.c: 64: --index;
                                    348 ;	genMinus
                                    349 ;	  genMinusDec - size=1  icount=1
      0000D5 C6*03            [ 5]  350 	dec	*___uitoa_sloc2_1_0
                                    351 ;	Raw cost for generated ic 65 : (2, 5.000000) count=2.999989
                                    352 ;	genGoto
      0000D7 4Cr8Fr00         [ 3]  353 	jmp	00106$
                                    354 ;	Raw cost for generated ic 67 : (3, 3.000000) count=2.999989
                                    355 ;	genLabel
      0000DA                        356 00109$:
                                    357 ;	Raw cost for generated ic 69 : (0, 0.000000) count=0.999997
                                    358 ;	../__itoa.c: 66: }
                                    359 ;	genEndFunction
      0000DA 60               [ 6]  360 	rts
                                    361 ;	Raw cost for generated ic 70 : (1, 6.000000) count=0.999997
                                    362 ;------------------------------------------------------------
                                    363 ;Allocation info for local variables in function '__itoa'
                                    364 ;------------------------------------------------------------
                                    365 ;string        Allocated with name '___itoa_PARM_2'
                                    366 ;radix         Allocated with name '___itoa_PARM_3'
                                    367 ;value         Allocated with name '___itoa_value_10000_47'
                                    368 ;------------------------------------------------------------
                                    369 ;	../__itoa.c: 68: void __itoa(int value, char* string, unsigned char radix)
                                    370 ;	genLabel
                                    371 ;	Raw cost for generated ic 0 : (0, 0.000000) count=1.000000
                                    372 ;	-----------------------------------------
                                    373 ;	 function __itoa
                                    374 ;	-----------------------------------------
                                    375 ;	Register assignment is optimal.
                                    376 ;	Stack space usage: 0 bytes.
      0000DB                        377 ___itoa:
                                    378 ;	Raw cost for generated ic 1 : (0, 0.000000) count=1.000000
                                    379 ;	genReceive
      0000DB 8Dr09r00         [ 4]  380 	sta	___itoa_value_10000_47
      0000DE 8Er0Ar00         [ 4]  381 	stx	(___itoa_value_10000_47 + 1)
                                    382 ;	Raw cost for generated ic 2 : (6, 8.000000) count=1.000000
                                    383 ;	../__itoa.c: 70: if (value < 0 && radix == 10) {
                                    384 ;	genCmp
      0000E1 2Cr0Ar00         [ 4]  385 	bit	(___itoa_value_10000_47 + 1)
      0000E4 10 34            [ 4]  386 	bpl	00102$
                                    387 ;	Raw cost for generated ic 3 : (8, 9.600000) count=1.000000
                                    388 ;	skipping generated iCode
                                    389 ;	Raw cost for generated ic 4 : (0, 0.000000) count=1.000000
                                    390 ;	genCmpEQorNE
      0000E6 ADr08r00         [ 4]  391 	lda	___itoa_PARM_3
      0000E9 C9 0A            [ 2]  392 	cmp	#0x0a
      0000EB D0 2D            [ 4]  393 	bne	00102$
                                    394 ;	Raw cost for generated ic 7 : (10, 11.600000) count=0.750000
                                    395 ;	skipping generated iCode
                                    396 ;	Raw cost for generated ic 8 : (0, 0.000000) count=0.750000
                                    397 ;	../__itoa.c: 71: *string++ = '-';
                                    398 ;	genAssign
                                    399 ;	genCopy
      0000ED AEr07r00         [ 4]  400 	ldx	(___itoa_PARM_2 + 1)
      0000F0 ADr06r00         [ 4]  401 	lda	___itoa_PARM_2
                                    402 ;	Raw cost for generated ic 11 : (6, 8.000000) count=0.562500
                                    403 ;	genPointerSet
                                    404 ;	  setupDPTR - off=0 remat=(null) savea=0
      0000F3 85*00            [ 3]  405 	sta	*(DPTR+0)
      0000F5 86*01            [ 3]  406 	stx	*(DPTR+1)
      0000F7 A9 2D            [ 2]  407 	lda	#0x2d
      0000F9 A0 00            [ 2]  408 	ldy	#0x00
      0000FB 91*00            [ 6]  409 	sta	[DPTR],y
      0000FD A5*00            [ 3]  410 	lda	*(DPTR+0)
                                    411 ;	Raw cost for generated ic 14 : (12, 19.000000) count=0.562500
                                    412 ;	genPlus
                                    413 ;	  genPlusInc
      0000FF 18               [ 2]  414 	clc
      000100 69 01            [ 2]  415 	adc	#0x01
      000102 8Dr06r00         [ 4]  416 	sta	___itoa_PARM_2
      000105 8A               [ 2]  417 	txa
      000106 69 00            [ 2]  418 	adc	#0x00
      000108 8Dr07r00         [ 4]  419 	sta	(___itoa_PARM_2 + 1)
                                    420 ;	Raw cost for generated ic 12 : (12, 16.000000) count=0.562500
                                    421 ;	../__itoa.c: 72: value = -value;
                                    422 ;	genUminus
      00010B 98               [ 2]  423 	tya
      00010C 38               [ 2]  424 	sec
      00010D EDr09r00         [ 4]  425 	sbc	___itoa_value_10000_47
      000110 8Dr09r00         [ 4]  426 	sta	___itoa_value_10000_47
      000113 98               [ 2]  427 	tya
      000114 EDr0Ar00         [ 4]  428 	sbc	(___itoa_value_10000_47 + 1)
      000117 8Dr0Ar00         [ 4]  429 	sta	(___itoa_value_10000_47 + 1)
                                    430 ;	Raw cost for generated ic 15 : (15, 22.000000) count=0.562500
                                    431 ;	genLabel
      00011A                        432 00102$:
                                    433 ;	Raw cost for generated ic 17 : (0, 0.000000) count=1.000000
                                    434 ;	../__itoa.c: 74: __uitoa(value, string, radix);
                                    435 ;	genAssign
                                    436 ;	genCopy
      00011A ADr07r00         [ 4]  437 	lda	(___itoa_PARM_2 + 1)
      00011D 8Dr01r00         [ 4]  438 	sta	(___uitoa_PARM_2 + 1)
      000120 ADr06r00         [ 4]  439 	lda	___itoa_PARM_2
      000123 8Dr00r00         [ 4]  440 	sta	___uitoa_PARM_2
                                    441 ;	Raw cost for generated ic 19 : (12, 16.000000) count=1.000000
                                    442 ;	genAssign
                                    443 ;	genCopy
      000126 ADr08r00         [ 4]  444 	lda	___itoa_PARM_3
      000129 8Dr02r00         [ 4]  445 	sta	___uitoa_PARM_3
                                    446 ;	Raw cost for generated ic 20 : (6, 8.000000) count=1.000000
                                    447 ;	Raw cost for generated ic 18 : (0, 0.000000) count=1.000000
                                    448 ;	genCall
                                    449 ;	genSend
      00012C AEr0Ar00         [ 4]  450 	ldx	(___itoa_value_10000_47 + 1)
      00012F ADr09r00         [ 4]  451 	lda	___itoa_value_10000_47
                                    452 ;	Raw cost for generated ic 21 : (9, 14.000000) count=1.000000
                                    453 ;	genLabel
                                    454 ;	Raw cost for generated ic 22 : (0, 0.000000) count=1.000000
                                    455 ;	../__itoa.c: 75: }
                                    456 ;	genEndFunction
      000132 4Cr00r00         [ 3]  457 	jmp	___uitoa
                                    458 ;	Raw cost for generated ic 23 : (1, 6.000000) count=1.000000
                                    459 	.area CODE
                                    460 	.area RODATA
                                    461 	.area XINIT
                                    462 	.area CABS    (ABS)
