                                      1 ;--------------------------------------------------------
                                      2 ; File Created by SDCC : free open source ISO C Compiler
                                      3 ; Version 4.5.10 #15691 (Linux)
                                      4 ;--------------------------------------------------------
                                      5 	.module __stdc_trailing_ones
                                      6 	
                                      7 	.optsdcc -mmos6502
                                      8 
                                      9 ;--------------------------------------------------------
                                     10 ;  Ordering of segments for the linker.
                                     11 ;--------------------------------------------------------
                                     12 	.area ZP      (PAG)
                                     13 	.area OSEG    (PAG, OVR)
                                     14 	.area _CODE
                                     15 	.area GSINIT
                                     16 	.area GSFINAL
                                     17 	.area CODE
                                     18 	.area RODATA
                                     19 	.area XINIT
                                     20 	.area _DATA
                                     21 	.area DATA
                                     22 	.area BSS
                                     23 ;--------------------------------------------------------
                                     24 ; Public variables in this module
                                     25 ;--------------------------------------------------------
                                     26 	.globl ___stdc_count_trailing_ones
                                     27 	.globl ___stdc_count_trailing_ones_PARM_1
                                     28 ;--------------------------------------------------------
                                     29 ; ZP ram data
                                     30 ;--------------------------------------------------------
                                     31 	.area ZP      (PAG)
      000000                         32 ___stdc_count_trailing_ones_sloc0_1_0:
      000000                         33 	.ds 8
                                     34 ;--------------------------------------------------------
                                     35 ; overlayable items in ram
                                     36 ;--------------------------------------------------------
                                     37 ;--------------------------------------------------------
                                     38 ; uninitialized external ram data
                                     39 ;--------------------------------------------------------
                                     40 	.area BSS
      000000                         41 ___stdc_count_trailing_ones_PARM_1:
      000000                         42 	.ds 8
                                     43 ;--------------------------------------------------------
                                     44 ; absolute external ram data
                                     45 ;--------------------------------------------------------
                                     46 	.area DABS    (ABS)
                                     47 ;--------------------------------------------------------
                                     48 ; initialized external ram data
                                     49 ;--------------------------------------------------------
                                     50 	.area DATA
                                     51 ;--------------------------------------------------------
                                     52 ; global & static initialisations
                                     53 ;--------------------------------------------------------
                                     54 	.area _CODE
                                     55 	.area GSINIT
                                     56 	.area GSFINAL
                                     57 	.area GSINIT
                                     58 ;--------------------------------------------------------
                                     59 ; Home
                                     60 ;--------------------------------------------------------
                                     61 	.area _CODE
                                     62 	.area _CODE
                                     63 ;--------------------------------------------------------
                                     64 ; code
                                     65 ;--------------------------------------------------------
                                     66 	.area CODE
                                     67 ;------------------------------------------------------------
                                     68 ;Allocation info for local variables in function '__stdc_count_trailing_ones'
                                     69 ;------------------------------------------------------------
                                     70 ;sloc0         Allocated with name '___stdc_count_trailing_ones_sloc0_1_0'
                                     71 ;value         Allocated with name '___stdc_count_trailing_ones_PARM_1'
                                     72 ;count         Allocated to registers 
                                     73 ;i             Allocated to registers 
                                     74 ;------------------------------------------------------------
                                     75 ;	../__stdc_trailing_ones.c: 37: unsigned _BitInt(8) __stdc_count_trailing_ones(unsigned long long value)
                                     76 ;	genLabel
                                     77 ;	Raw cost for generated ic 0 : (0, 0.000000) count=1.000000
                                     78 ;	-----------------------------------------
                                     79 ;	 function __stdc_count_trailing_ones
                                     80 ;	-----------------------------------------
                                     81 ;	Register assignment is optimal.
                                     82 ;	Stack space usage: 0 bytes.
      000000                         83 ___stdc_count_trailing_ones:
                                     84 ;	Raw cost for generated ic 1 : (0, 0.000000) count=1.000000
                                     85 ;	../__stdc_trailing_ones.c: 40: for(uint_fast8_t i = 0; i < ULLONG_WIDTH; i++)
                                     86 ;	genAssign
                                     87 ;	genCopy
      000000 A2 00            [ 2]   88 	ldx	#0x00
                                     89 ;	Raw cost for generated ic 32 : (2, 2.000000) count=1.000000
                                     90 ;	genAssign
                                     91 ;	genCopy
      000002 A0 00            [ 2]   92 	ldy	#0x00
                                     93 ;	Raw cost for generated ic 35 : (2, 2.000000) count=1.000000
                                     94 ;	genLabel
      000004                         95 00106$:
                                     96 ;	Raw cost for generated ic 4 : (0, 0.000000) count=2.285585
                                     97 ;	genCmp
      000004 C0 40            [ 2]   98 	cpy	#0x40
      000006 90 03            [ 4]   99 	bcc	00129$
      000008 4Cr8Er00         [ 3]  100 	jmp	00104$
      00000B                        101 00129$:
                                    102 ;	Raw cost for generated ic 5 : (7, 7.600000) count=2.285585
                                    103 ;	skipping generated iCode
                                    104 ;	Raw cost for generated ic 6 : (0, 0.000000) count=2.285585
                                    105 ;	../__stdc_trailing_ones.c: 41: if(value & (1ull << i))
                                    106 ;	genCast
                                    107 ;	genCopy
      00000B 8Cr00r00         [ 4]  108 	sty	__slulonglong_PARM_2
                                    109 ;	Raw cost for generated ic 40 : (3, 4.000000) count=1.714114
                                    110 ;	genAssign
                                    111 ;	genAssignLit
      00000E A9 01            [ 2]  112 	lda	#0x01
      000010 8Dr00r00         [ 4]  113 	sta	__slulonglong_PARM_1
      000013 A9 00            [ 2]  114 	lda	#0x00
      000015 8Dr01r00         [ 4]  115 	sta	(__slulonglong_PARM_1 + 1)
      000018 8Dr02r00         [ 4]  116 	sta	(__slulonglong_PARM_1 + 2)
      00001B 8Dr03r00         [ 4]  117 	sta	(__slulonglong_PARM_1 + 3)
      00001E 8Dr04r00         [ 4]  118 	sta	(__slulonglong_PARM_1 + 4)
      000021 8Dr05r00         [ 4]  119 	sta	(__slulonglong_PARM_1 + 5)
      000024 8Dr06r00         [ 4]  120 	sta	(__slulonglong_PARM_1 + 6)
      000027 8Dr07r00         [ 4]  121 	sta	(__slulonglong_PARM_1 + 7)
                                    122 ;	Raw cost for generated ic 41 : (28, 36.000000) count=1.714114
                                    123 ;	genCall
      00002A 8A               [ 2]  124 	txa
      00002B 48               [ 3]  125 	pha
      00002C 98               [ 2]  126 	tya
      00002D 48               [ 3]  127 	pha
      00002E 20r00r00         [ 6]  128 	jsr	__slulonglong
                                    129 ;	assignResultValue
      000031 85*00            [ 3]  130 	sta	*___stdc_count_trailing_ones_sloc0_1_0
      000033 86*01            [ 3]  131 	stx	*(___stdc_count_trailing_ones_sloc0_1_0 + 1)
      000035 A5*00            [ 3]  132 	lda	*___SDCC_m6502_ret2
      000037 85*02            [ 3]  133 	sta	*(___stdc_count_trailing_ones_sloc0_1_0 + 2)
      000039 A5*00            [ 3]  134 	lda	*___SDCC_m6502_ret3
      00003B 85*03            [ 3]  135 	sta	*(___stdc_count_trailing_ones_sloc0_1_0 + 3)
      00003D A5*00            [ 3]  136 	lda	*___SDCC_m6502_ret4
      00003F 85*04            [ 3]  137 	sta	*(___stdc_count_trailing_ones_sloc0_1_0 + 4)
      000041 A5*00            [ 3]  138 	lda	*___SDCC_m6502_ret5
      000043 85*05            [ 3]  139 	sta	*(___stdc_count_trailing_ones_sloc0_1_0 + 5)
      000045 A5*00            [ 3]  140 	lda	*___SDCC_m6502_ret6
      000047 85*06            [ 3]  141 	sta	*(___stdc_count_trailing_ones_sloc0_1_0 + 6)
      000049 A5*00            [ 3]  142 	lda	*___SDCC_m6502_ret7
      00004B 85*07            [ 3]  143 	sta	*(___stdc_count_trailing_ones_sloc0_1_0 + 7)
      00004D 68               [ 4]  144 	pla
      00004E A8               [ 2]  145 	tay
      00004F 68               [ 4]  146 	pla
      000050 AA               [ 2]  147 	tax
                                    148 ;	Raw cost for generated ic 43 : (42, 74.000000) count=1.714114
                                    149 ;	genAnd
      000051 ADr00r00         [ 4]  150 	lda	___stdc_count_trailing_ones_PARM_1
      000054 25*00            [ 3]  151 	and	*___stdc_count_trailing_ones_sloc0_1_0
      000056 D0 2F            [ 4]  152 	bne	00130$
      000058 ADr01r00         [ 4]  153 	lda	(___stdc_count_trailing_ones_PARM_1 + 1)
      00005B 25*01            [ 3]  154 	and	*(___stdc_count_trailing_ones_sloc0_1_0 + 1)
      00005D D0 28            [ 4]  155 	bne	00130$
      00005F ADr02r00         [ 4]  156 	lda	(___stdc_count_trailing_ones_PARM_1 + 2)
      000062 25*02            [ 3]  157 	and	*(___stdc_count_trailing_ones_sloc0_1_0 + 2)
      000064 D0 21            [ 4]  158 	bne	00130$
      000066 ADr03r00         [ 4]  159 	lda	(___stdc_count_trailing_ones_PARM_1 + 3)
      000069 25*03            [ 3]  160 	and	*(___stdc_count_trailing_ones_sloc0_1_0 + 3)
      00006B D0 1A            [ 4]  161 	bne	00130$
      00006D ADr04r00         [ 4]  162 	lda	(___stdc_count_trailing_ones_PARM_1 + 4)
      000070 25*04            [ 3]  163 	and	*(___stdc_count_trailing_ones_sloc0_1_0 + 4)
      000072 D0 13            [ 4]  164 	bne	00130$
      000074 ADr05r00         [ 4]  165 	lda	(___stdc_count_trailing_ones_PARM_1 + 5)
      000077 25*05            [ 3]  166 	and	*(___stdc_count_trailing_ones_sloc0_1_0 + 5)
      000079 D0 0C            [ 4]  167 	bne	00130$
      00007B ADr06r00         [ 4]  168 	lda	(___stdc_count_trailing_ones_PARM_1 + 6)
      00007E 25*06            [ 3]  169 	and	*(___stdc_count_trailing_ones_sloc0_1_0 + 6)
      000080 D0 05            [ 4]  170 	bne	00130$
      000082 ADr07r00         [ 4]  171 	lda	(___stdc_count_trailing_ones_PARM_1 + 7)
      000085 25*07            [ 3]  172 	and	*(___stdc_count_trailing_ones_sloc0_1_0 + 7)
      000087                        173 00130$:
                                    174 ;	genIfxJump : z
      000087 F0 05            [ 4]  175 	beq	00104$
                                    176 ;	Raw cost for generated ic 10 : (59, 79.799995) count=1.714114
                                    177 ;	skipping generated iCode
                                    178 ;	Raw cost for generated ic 11 : (0, 0.000000) count=1.714114
                                    179 ;	../__stdc_trailing_ones.c: 42: count++;
                                    180 ;	genPlus
                                    181 ;	  genPlusInc
      000089 E8               [ 2]  182 	inx
                                    183 ;	Raw cost for generated ic 15 : (1, 2.000000) count=1.285585
                                    184 ;	../__stdc_trailing_ones.c: 40: for(uint_fast8_t i = 0; i < ULLONG_WIDTH; i++)
                                    185 ;	genPlus
                                    186 ;	  genPlusInc
      00008A C8               [ 2]  187 	iny
                                    188 ;	Raw cost for generated ic 23 : (1, 2.000000) count=1.285585
                                    189 ;	genGoto
      00008B 4Cr04r00         [ 3]  190 	jmp	00106$
                                    191 ;	Raw cost for generated ic 25 : (3, 3.000000) count=1.285585
                                    192 ;	genLabel
      00008E                        193 00104$:
                                    194 ;	Raw cost for generated ic 26 : (0, 0.000000) count=0.999925
                                    195 ;	../__stdc_trailing_ones.c: 45: return count;
                                    196 ;	genCast
                                    197 ;	genCopy
      00008E 8A               [ 2]  198 	txa
                                    199 ;	Raw cost for generated ic 27 : (1, 2.000000) count=0.999925
                                    200 ;	genRet
                                    201 ;	Raw cost for generated ic 28 : (0, 0.000000) count=0.999925
                                    202 ;	genLabel
                                    203 ;	Raw cost for generated ic 29 : (0, 0.000000) count=0.999925
                                    204 ;	../__stdc_trailing_ones.c: 46: }
                                    205 ;	genEndFunction
      00008F 60               [ 6]  206 	rts
                                    207 ;	Raw cost for generated ic 30 : (1, 6.000000) count=0.999925
                                    208 	.area CODE
                                    209 	.area RODATA
                                    210 	.area XINIT
                                    211 	.area CABS    (ABS)
