                                      1 ;--------------------------------------------------------
                                      2 ; File Created by SDCC : free open source ISO C Compiler
                                      3 ; Version 4.5.10 #15691 (Linux)
                                      4 ;--------------------------------------------------------
                                      5 	.module _fs2ulong
                                      6 	
                                      7 	.optsdcc -mmos6502
                                      8 
                                      9 ;--------------------------------------------------------
                                     10 ;  Ordering of segments for the linker.
                                     11 ;--------------------------------------------------------
                                     12 	.area ZP      (PAG)
                                     13 	.area OSEG    (PAG, OVR)
                                     14 	.area _CODE
                                     15 	.area GSINIT
                                     16 	.area GSFINAL
                                     17 	.area CODE
                                     18 	.area RODATA
                                     19 	.area XINIT
                                     20 	.area _DATA
                                     21 	.area DATA
                                     22 	.area BSS
                                     23 ;--------------------------------------------------------
                                     24 ; Public variables in this module
                                     25 ;--------------------------------------------------------
                                     26 	.globl ___fs2ulong_PARM_1
                                     27 	.globl ___fs2ulong
                                     28 ;--------------------------------------------------------
                                     29 ; ZP ram data
                                     30 ;--------------------------------------------------------
                                     31 	.area ZP      (PAG)
                                     32 ;--------------------------------------------------------
                                     33 ; overlayable items in ram
                                     34 ;--------------------------------------------------------
                                     35 	.area	OSEG    (PAG, OVR)
      000000                         36 ___fs2ulong_sloc0_1_0:
      000000                         37 	.ds 4
                                     38 ;--------------------------------------------------------
                                     39 ; uninitialized external ram data
                                     40 ;--------------------------------------------------------
                                     41 	.area BSS
      000000                         42 ___fs2ulong_PARM_1:
      000000                         43 	.ds 4
      000004                         44 ___fs2ulong_fl1_10000_21:
      000004                         45 	.ds 4
      000008                         46 ___fs2ulong_exp_10000_21:
      000008                         47 	.ds 2
      00000A                         48 ___fs2ulong_l_10000_21:
      00000A                         49 	.ds 4
                                     50 ;--------------------------------------------------------
                                     51 ; absolute external ram data
                                     52 ;--------------------------------------------------------
                                     53 	.area DABS    (ABS)
                                     54 ;--------------------------------------------------------
                                     55 ; initialized external ram data
                                     56 ;--------------------------------------------------------
                                     57 	.area DATA
                                     58 ;--------------------------------------------------------
                                     59 ; global & static initialisations
                                     60 ;--------------------------------------------------------
                                     61 	.area _CODE
                                     62 	.area GSINIT
                                     63 	.area GSFINAL
                                     64 	.area GSINIT
                                     65 ;--------------------------------------------------------
                                     66 ; Home
                                     67 ;--------------------------------------------------------
                                     68 	.area _CODE
                                     69 	.area _CODE
                                     70 ;--------------------------------------------------------
                                     71 ; code
                                     72 ;--------------------------------------------------------
                                     73 	.area CODE
                                     74 ;------------------------------------------------------------
                                     75 ;Allocation info for local variables in function '__fs2ulong'
                                     76 ;------------------------------------------------------------
                                     77 ;a1            Allocated with name '___fs2ulong_PARM_1'
                                     78 ;fl1           Allocated with name '___fs2ulong_fl1_10000_21'
                                     79 ;exp           Allocated with name '___fs2ulong_exp_10000_21'
                                     80 ;l             Allocated with name '___fs2ulong_l_10000_21'
                                     81 ;sloc0         Allocated with name '___fs2ulong_sloc0_1_0'
                                     82 ;------------------------------------------------------------
                                     83 ;	../_fs2ulong.c: 103: unsigned long __fs2ulong (float a1) __SDCC_FLOAT_NONBANKED
                                     84 ;	genLabel
                                     85 ;	Raw cost for generated ic 0 : (0, 0.000000) count=1.000000
                                     86 ;	-----------------------------------------
                                     87 ;	 function __fs2ulong
                                     88 ;	-----------------------------------------
                                     89 ;	Register assignment is optimal.
                                     90 ;	Stack space usage: 0 bytes.
      000000                         91 ___fs2ulong:
                                     92 ;	Raw cost for generated ic 1 : (0, 0.000000) count=1.000000
                                     93 ;	../_fs2ulong.c: 109: fl1.f = a1;
                                     94 ;	skipping iCode since result will be rematerialized
                                     95 ;	Raw cost for generated ic 2 : (0, 0.000000) count=1.000000
                                     96 ;	genPointerSet
                                     97 ;	genDataPointerSet
      000000 ADr03r00         [ 4]   98 	lda	(___fs2ulong_PARM_1 + 3)
      000003 8Dr07r00         [ 4]   99 	sta	(___fs2ulong_fl1_10000_21 + 3)
      000006 ADr02r00         [ 4]  100 	lda	(___fs2ulong_PARM_1 + 2)
      000009 8Dr06r00         [ 4]  101 	sta	(___fs2ulong_fl1_10000_21 + 2)
      00000C ADr01r00         [ 4]  102 	lda	(___fs2ulong_PARM_1 + 1)
      00000F 8Dr05r00         [ 4]  103 	sta	(___fs2ulong_fl1_10000_21 + 1)
      000012 ADr00r00         [ 4]  104 	lda	___fs2ulong_PARM_1
      000015 8Dr04r00         [ 4]  105 	sta	___fs2ulong_fl1_10000_21
                                    106 ;	Raw cost for generated ic 4 : (24, 32.000000) count=1.000000
                                    107 ;	../_fs2ulong.c: 111: if (!fl1.l || SIGN(fl1.l))
                                    108 ;	skipping iCode since result will be rematerialized
                                    109 ;	Raw cost for generated ic 5 : (0, 0.000000) count=1.000000
                                    110 ;	genPointerGet
                                    111 ;	genDataPointerGet
      000018 ADr07r00         [ 4]  112 	lda	(___fs2ulong_fl1_10000_21 + 3)
      00001B 85*03            [ 3]  113 	sta	*(___fs2ulong_sloc0_1_0 + 3)
      00001D ADr06r00         [ 4]  114 	lda	(___fs2ulong_fl1_10000_21 + 2)
      000020 85*02            [ 3]  115 	sta	*(___fs2ulong_sloc0_1_0 + 2)
      000022 ADr05r00         [ 4]  116 	lda	(___fs2ulong_fl1_10000_21 + 1)
      000025 85*01            [ 3]  117 	sta	*(___fs2ulong_sloc0_1_0 + 1)
      000027 ADr04r00         [ 4]  118 	lda	___fs2ulong_fl1_10000_21
      00002A 85*00            [ 3]  119 	sta	*___fs2ulong_sloc0_1_0
                                    120 ;	Raw cost for generated ic 7 : (20, 28.000000) count=1.000000
                                    121 ;	genIfx
      00002C A5*03            [ 3]  122 	lda	*(___fs2ulong_sloc0_1_0 + 3)
      00002E 05*02            [ 3]  123 	ora	*(___fs2ulong_sloc0_1_0 + 2)
      000030 05*01            [ 3]  124 	ora	*(___fs2ulong_sloc0_1_0 + 1)
      000032 05*00            [ 3]  125 	ora	*___fs2ulong_sloc0_1_0
                                    126 ;	genIfxJump : z
      000034 F0 26            [ 4]  127 	beq	00101$
                                    128 ;	Raw cost for generated ic 8 : (13, 17.600000) count=1.000000
                                    129 ;	skipping iCode since result will be rematerialized
                                    130 ;	Raw cost for generated ic 11 : (0, 0.000000) count=0.750000
                                    131 ;	genPointerGet
                                    132 ;	genDataPointerGet
      000036 ADr07r00         [ 4]  133 	lda	(___fs2ulong_fl1_10000_21 + 3)
      000039 85*03            [ 3]  134 	sta	*(___fs2ulong_sloc0_1_0 + 3)
      00003B ADr06r00         [ 4]  135 	lda	(___fs2ulong_fl1_10000_21 + 2)
      00003E 85*02            [ 3]  136 	sta	*(___fs2ulong_sloc0_1_0 + 2)
      000040 ADr05r00         [ 4]  137 	lda	(___fs2ulong_fl1_10000_21 + 1)
      000043 85*01            [ 3]  138 	sta	*(___fs2ulong_sloc0_1_0 + 1)
      000045 ADr04r00         [ 4]  139 	lda	___fs2ulong_fl1_10000_21
      000048 85*00            [ 3]  140 	sta	*___fs2ulong_sloc0_1_0
                                    141 ;	Raw cost for generated ic 13 : (20, 28.000000) count=0.750000
                                    142 ;	genCast
                                    143 ;	genCopy
                                    144 ;	Raw cost for generated ic 14 : (0, 0.000000) count=0.750000
                                    145 ;	genRightShift
                                    146 ;	genRightShiftLiteral
                                    147 ;	  genrsh32 - shift=31
      00004A A5*03            [ 3]  148 	lda	*(___fs2ulong_sloc0_1_0 + 3)
      00004C 0A               [ 2]  149 	asl	a
      00004D A9 00            [ 2]  150 	lda	#0x00
      00004F 85*03            [ 3]  151 	sta	*(___fs2ulong_sloc0_1_0 + 3)
      000051 85*02            [ 3]  152 	sta	*(___fs2ulong_sloc0_1_0 + 2)
      000053 85*01            [ 3]  153 	sta	*(___fs2ulong_sloc0_1_0 + 1)
      000055 2A               [ 2]  154 	rol	a
      000056 85*00            [ 3]  155 	sta	*___fs2ulong_sloc0_1_0
                                    156 ;	Raw cost for generated ic 15 : (14, 21.000000) count=0.750000
                                    157 ;	genAnd
      000058 29 01            [ 2]  158 	and	#0x01
                                    159 ;	genIfxJump : z
      00005A F0 08            [ 4]  160 	beq	00102$
                                    161 ;	Raw cost for generated ic 16 : (9, 10.200000) count=0.750000
                                    162 ;	skipping generated iCode
                                    163 ;	Raw cost for generated ic 17 : (0, 0.000000) count=0.750000
                                    164 ;	genLabel
      00005C                        165 00101$:
                                    166 ;	Raw cost for generated ic 19 : (0, 0.000000) count=0.812500
                                    167 ;	../_fs2ulong.c: 112: return (0);
                                    168 ;	genRet
      00005C A9 00            [ 2]  169 	lda	#0x00
      00005E AA               [ 2]  170 	tax
      00005F 85*00            [ 3]  171 	sta	*___SDCC_m6502_ret2
      000061 85*00            [ 3]  172 	sta	*___SDCC_m6502_ret3
      000063 60               [ 6]  173 	rts
                                    174 ;	Raw cost for generated ic 20 : (10, 13.000000) count=0.812500
                                    175 ;	genLabel
      000064                        176 00102$:
                                    177 ;	Raw cost for generated ic 21 : (0, 0.000000) count=1.000000
                                    178 ;	../_fs2ulong.c: 114: exp = EXP (fl1.l) - EXCESS - 24;
                                    179 ;	skipping iCode since result will be rematerialized
                                    180 ;	Raw cost for generated ic 22 : (0, 0.000000) count=1.000000
                                    181 ;	genPointerGet
                                    182 ;	genDataPointerGet
      000064 ADr07r00         [ 4]  183 	lda	(___fs2ulong_fl1_10000_21 + 3)
      000067 85*03            [ 3]  184 	sta	*(___fs2ulong_sloc0_1_0 + 3)
      000069 ADr06r00         [ 4]  185 	lda	(___fs2ulong_fl1_10000_21 + 2)
      00006C 85*02            [ 3]  186 	sta	*(___fs2ulong_sloc0_1_0 + 2)
      00006E ADr05r00         [ 4]  187 	lda	(___fs2ulong_fl1_10000_21 + 1)
      000071 85*01            [ 3]  188 	sta	*(___fs2ulong_sloc0_1_0 + 1)
      000073 ADr04r00         [ 4]  189 	lda	___fs2ulong_fl1_10000_21
      000076 85*00            [ 3]  190 	sta	*___fs2ulong_sloc0_1_0
                                    191 ;	Raw cost for generated ic 24 : (20, 28.000000) count=1.000000
                                    192 ;	genCast
                                    193 ;	genCopy
                                    194 ;	Raw cost for generated ic 25 : (0, 0.000000) count=1.000000
                                    195 ;	genRightShift
                                    196 ;	genRightShiftLiteral
                                    197 ;	  genrsh32 - shift=23
      000078 A5*02            [ 3]  198 	lda	*(___fs2ulong_sloc0_1_0 + 2)
      00007A 2A               [ 2]  199 	rol	a
      00007B A5*03            [ 3]  200 	lda	*(___fs2ulong_sloc0_1_0 + 3)
      00007D 2A               [ 2]  201 	rol	a
      00007E 85*00            [ 3]  202 	sta	*___fs2ulong_sloc0_1_0
      000080 A9 00            [ 2]  203 	lda	#0x00
      000082 85*02            [ 3]  204 	sta	*(___fs2ulong_sloc0_1_0 + 2)
      000084 85*03            [ 3]  205 	sta	*(___fs2ulong_sloc0_1_0 + 3)
      000086 2A               [ 2]  206 	rol	a
      000087 85*01            [ 3]  207 	sta	*(___fs2ulong_sloc0_1_0 + 1)
                                    208 ;	Raw cost for generated ic 26 : (17, 26.000000) count=1.000000
                                    209 ;	genCast
                                    210 ;	genCopy
                                    211 ;	Raw cost for generated ic 60 : (3, 5.000000) count=1.000000
                                    212 ;	genAnd
      000089 A5*00            [ 3]  213 	lda *___fs2ulong_sloc0_1_0
      00008B A2 00            [ 2]  214 	ldx #0x00
                                    215 ;	Raw cost for generated ic 27 : (2, 2.000000) count=1.000000
                                    216 ;	genMinus
                                    217 ;	  genMinusDec - size=2  icount=150
      00008D 38               [ 2]  218 	sec
      00008E E9 96            [ 2]  219 	sbc	#0x96
      000090 8Dr08r00         [ 4]  220 	sta	___fs2ulong_exp_10000_21
      000093 8A               [ 2]  221 	txa
      000094 E9 00            [ 2]  222 	sbc	#0x00
      000096 8Dr09r00         [ 4]  223 	sta	(___fs2ulong_exp_10000_21 + 1)
                                    224 ;	Raw cost for generated ic 28 : (12, 16.000000) count=1.000000
                                    225 ;	../_fs2ulong.c: 115: l = MANT (fl1.l);
                                    226 ;	skipping iCode since result will be rematerialized
                                    227 ;	Raw cost for generated ic 31 : (0, 0.000000) count=1.000000
                                    228 ;	genPointerGet
                                    229 ;	genDataPointerGet
      000099 ADr07r00         [ 4]  230 	lda	(___fs2ulong_fl1_10000_21 + 3)
      00009C 85*03            [ 3]  231 	sta	*(___fs2ulong_sloc0_1_0 + 3)
      00009E ADr06r00         [ 4]  232 	lda	(___fs2ulong_fl1_10000_21 + 2)
      0000A1 85*02            [ 3]  233 	sta	*(___fs2ulong_sloc0_1_0 + 2)
      0000A3 ADr05r00         [ 4]  234 	lda	(___fs2ulong_fl1_10000_21 + 1)
      0000A6 85*01            [ 3]  235 	sta	*(___fs2ulong_sloc0_1_0 + 1)
      0000A8 ADr04r00         [ 4]  236 	lda	___fs2ulong_fl1_10000_21
      0000AB 85*00            [ 3]  237 	sta	*___fs2ulong_sloc0_1_0
                                    238 ;	Raw cost for generated ic 33 : (20, 28.000000) count=1.000000
                                    239 ;	genAnd
      0000AD 86*03            [ 3]  240 	stx	*(___fs2ulong_sloc0_1_0 + 3)
                                    241 ;	Raw cost for generated ic 34 : (2, 3.000000) count=1.000000
                                    242 ;	genOr
      0000AF A5*02            [ 3]  243 	lda	*(___fs2ulong_sloc0_1_0 + 2)
      0000B1 09 80            [ 2]  244 	ora	#0x80
      0000B3 85*02            [ 3]  245 	sta	*(___fs2ulong_sloc0_1_0 + 2)
                                    246 ;	Raw cost for generated ic 35 : (6, 8.000000) count=1.000000
                                    247 ;	genAssign
                                    248 ;	genCopy
      0000B5 A5*03            [ 3]  249 	lda	*(___fs2ulong_sloc0_1_0 + 3)
      0000B7 8Dr0Dr00         [ 4]  250 	sta	(___fs2ulong_l_10000_21 + 3)
      0000BA A5*02            [ 3]  251 	lda	*(___fs2ulong_sloc0_1_0 + 2)
      0000BC 8Dr0Cr00         [ 4]  252 	sta	(___fs2ulong_l_10000_21 + 2)
      0000BF A5*01            [ 3]  253 	lda	*(___fs2ulong_sloc0_1_0 + 1)
      0000C1 8Dr0Br00         [ 4]  254 	sta	(___fs2ulong_l_10000_21 + 1)
      0000C4 A5*00            [ 3]  255 	lda	*___fs2ulong_sloc0_1_0
      0000C6 8Dr0Ar00         [ 4]  256 	sta	___fs2ulong_l_10000_21
                                    257 ;	Raw cost for generated ic 36 : (20, 28.000000) count=1.000000
                                    258 ;	../_fs2ulong.c: 117: if (exp > 8)
                                    259 ;	genCmp
      0000C9 A9 08            [ 2]  260 	lda	#0x08
      0000CB 38               [ 2]  261 	sec
      0000CC EDr08r00         [ 4]  262 	sbc	___fs2ulong_exp_10000_21
      0000CF 8A               [ 2]  263 	txa
      0000D0 EDr09r00         [ 4]  264 	sbc	(___fs2ulong_exp_10000_21 + 1)
      0000D3 50 04            [ 4]  265 	bvc	00134$
      0000D5 10 04            [ 4]  266 	bpl	00133$
      0000D7 30 0A            [ 4]  267 	bmi	00105$
      0000D9                        268 00134$:
      0000D9 10 08            [ 4]  269 	bpl	00105$
      0000DB                        270 00133$:
                                    271 ;	Raw cost for generated ic 37 : (21, 27.400002) count=1.000000
                                    272 ;	skipping generated iCode
                                    273 ;	Raw cost for generated ic 38 : (0, 0.000000) count=1.000000
                                    274 ;	../_fs2ulong.c: 118: return 0xfffffffful;
                                    275 ;	genRet
      0000DB A9 FF            [ 2]  276 	lda	#0xff
      0000DD AA               [ 2]  277 	tax
      0000DE 85*00            [ 3]  278 	sta	*___SDCC_m6502_ret2
      0000E0 85*00            [ 3]  279 	sta	*___SDCC_m6502_ret3
      0000E2 60               [ 6]  280 	rts
                                    281 ;	Raw cost for generated ic 41 : (10, 13.000000) count=0.750000
                                    282 ;	genLabel
      0000E3                        283 00105$:
                                    284 ;	Raw cost for generated ic 42 : (0, 0.000000) count=1.000000
                                    285 ;	../_fs2ulong.c: 120: if (exp < 0)
                                    286 ;	genCmp
      0000E3 2Cr09r00         [ 4]  287 	bit	(___fs2ulong_exp_10000_21 + 1)
      0000E6 10 21            [ 4]  288 	bpl	00107$
                                    289 ;	Raw cost for generated ic 43 : (8, 9.600000) count=1.000000
                                    290 ;	skipping generated iCode
                                    291 ;	Raw cost for generated ic 44 : (0, 0.000000) count=1.000000
                                    292 ;	../_fs2ulong.c: 121: l >>= -exp;
                                    293 ;	genCast
                                    294 ;	genCopy
      0000E8 ADr08r00         [ 4]  295 	lda	___fs2ulong_exp_10000_21
                                    296 ;	Raw cost for generated ic 59 : (3, 4.000000) count=0.750000
                                    297 ;	genUminus
      0000EB 49 FF            [ 2]  298 	eor	#0xff
      0000ED 18               [ 2]  299 	clc
      0000EE 69 01            [ 2]  300 	adc	#0x01
                                    301 ;	Raw cost for generated ic 47 : (5, 6.000000) count=0.750000
                                    302 ;	genRightShift
      0000F0 A8               [ 2]  303 	tay
      0000F1 F0 40            [ 4]  304 	beq	00108$
      0000F3 ADr0Dr00         [ 4]  305 	lda	(___fs2ulong_l_10000_21 + 3)
      0000F6                        306 00137$:
      0000F6 4A               [ 2]  307 	lsr	a
      0000F7 6Er0Cr00         [ 6]  308 	ror	(___fs2ulong_l_10000_21 + 2)
      0000FA 6Er0Br00         [ 6]  309 	ror	(___fs2ulong_l_10000_21 + 1)
      0000FD 6Er0Ar00         [ 6]  310 	ror	___fs2ulong_l_10000_21
      000100 88               [ 2]  311 	dey
      000101 D0 F3            [ 4]  312 	bne	00137$
      000103 8Dr0Dr00         [ 4]  313 	sta	(___fs2ulong_l_10000_21 + 3)
                                    314 ;	Raw cost for generated ic 48 : (22, 37.200001) count=0.750000
                                    315 ;	genGoto
      000106 4Cr33r01         [ 3]  316 	jmp	00108$
                                    317 ;	Raw cost for generated ic 50 : (3, 3.000000) count=0.750000
                                    318 ;	genLabel
      000109                        319 00107$:
                                    320 ;	Raw cost for generated ic 51 : (0, 0.000000) count=0.250000
                                    321 ;	../_fs2ulong.c: 123: l <<= exp;
                                    322 ;	genLeftShift
      000109 ACr08r00         [ 4]  323 	ldy	___fs2ulong_exp_10000_21
      00010C A5*00            [ 3]  324 	lda	*___fs2ulong_sloc0_1_0
      00010E 8Dr0Ar00         [ 4]  325 	sta	___fs2ulong_l_10000_21
      000111 A5*01            [ 3]  326 	lda	*(___fs2ulong_sloc0_1_0 + 1)
      000113 8Dr0Br00         [ 4]  327 	sta	(___fs2ulong_l_10000_21 + 1)
      000116 A5*02            [ 3]  328 	lda	*(___fs2ulong_sloc0_1_0 + 2)
      000118 8Dr0Cr00         [ 4]  329 	sta	(___fs2ulong_l_10000_21 + 2)
      00011B A5*03            [ 3]  330 	lda	*(___fs2ulong_sloc0_1_0 + 3)
      00011D 8Dr0Dr00         [ 4]  331 	sta	(___fs2ulong_l_10000_21 + 3)
      000120 C0 00            [ 2]  332 	cpy	#0x00
      000122 F0 0F            [ 4]  333 	beq	00140$
      000124                        334 00139$:
      000124 0Er0Ar00         [ 6]  335 	asl	___fs2ulong_l_10000_21
      000127 2Er0Br00         [ 6]  336 	rol	(___fs2ulong_l_10000_21 + 1)
      00012A 2Er0Cr00         [ 6]  337 	rol	(___fs2ulong_l_10000_21 + 2)
      00012D 2Er0Dr00         [ 6]  338 	rol	(___fs2ulong_l_10000_21 + 3)
      000130 88               [ 2]  339 	dey
      000131 D0 F1            [ 4]  340 	bne	00139$
      000133                        341 00140$:
                                    342 ;	Raw cost for generated ic 52 : (42, 65.199997) count=0.250000
                                    343 ;	genLabel
      000133                        344 00108$:
                                    345 ;	Raw cost for generated ic 54 : (0, 0.000000) count=1.000000
                                    346 ;	../_fs2ulong.c: 125: return l;
                                    347 ;	genRet
      000133 ADr0Dr00         [ 4]  348 	lda	(___fs2ulong_l_10000_21 + 3)
      000136 85*00            [ 3]  349 	sta	*___SDCC_m6502_ret3
      000138 ADr0Cr00         [ 4]  350 	lda	(___fs2ulong_l_10000_21 + 2)
      00013B 85*00            [ 3]  351 	sta	*___SDCC_m6502_ret2
      00013D AEr0Br00         [ 4]  352 	ldx	(___fs2ulong_l_10000_21 + 1)
      000140 ADr0Ar00         [ 4]  353 	lda	___fs2ulong_l_10000_21
                                    354 ;	Raw cost for generated ic 55 : (16, 22.000000) count=1.000000
                                    355 ;	genLabel
                                    356 ;	Raw cost for generated ic 56 : (0, 0.000000) count=1.000000
                                    357 ;	../_fs2ulong.c: 126: }
                                    358 ;	genEndFunction
      000143 60               [ 6]  359 	rts
                                    360 ;	Raw cost for generated ic 57 : (1, 6.000000) count=1.000000
                                    361 	.area CODE
                                    362 	.area RODATA
                                    363 	.area XINIT
                                    364 	.area CABS    (ABS)
