                                      1 ;--------------------------------------------------------
                                      2 ; File Created by SDCC : free open source ISO C Compiler
                                      3 ; Version 4.5.10 #15691 (Linux)
                                      4 ;--------------------------------------------------------
                                      5 	.module _modulonglong
                                      6 	
                                      7 	.optsdcc -mmos6502
                                      8 
                                      9 ;--------------------------------------------------------
                                     10 ;  Ordering of segments for the linker.
                                     11 ;--------------------------------------------------------
                                     12 	.area ZP      (PAG)
                                     13 	.area OSEG    (PAG, OVR)
                                     14 	.area _CODE
                                     15 	.area GSINIT
                                     16 	.area GSFINAL
                                     17 	.area CODE
                                     18 	.area RODATA
                                     19 	.area XINIT
                                     20 	.area _DATA
                                     21 	.area DATA
                                     22 	.area BSS
                                     23 ;--------------------------------------------------------
                                     24 ; Public variables in this module
                                     25 ;--------------------------------------------------------
                                     26 	.globl __modulonglong_PARM_2
                                     27 	.globl __modulonglong_PARM_1
                                     28 	.globl __modulonglong
                                     29 ;--------------------------------------------------------
                                     30 ; ZP ram data
                                     31 ;--------------------------------------------------------
                                     32 	.area ZP      (PAG)
      000000                         33 __modulonglong_sloc0_1_0:
      000000                         34 	.ds 1
      000001                         35 __modulonglong_sloc1_1_0:
      000001                         36 	.ds 8
                                     37 ;--------------------------------------------------------
                                     38 ; overlayable items in ram
                                     39 ;--------------------------------------------------------
                                     40 ;--------------------------------------------------------
                                     41 ; uninitialized external ram data
                                     42 ;--------------------------------------------------------
                                     43 	.area BSS
      000000                         44 __modulonglong_PARM_1:
      000000                         45 	.ds 8
      000008                         46 __modulonglong_PARM_2:
      000008                         47 	.ds 8
      000010                         48 __modulonglong_count_10000_2:
      000010                         49 	.ds 1
                                     50 ;--------------------------------------------------------
                                     51 ; absolute external ram data
                                     52 ;--------------------------------------------------------
                                     53 	.area DABS    (ABS)
                                     54 ;--------------------------------------------------------
                                     55 ; initialized external ram data
                                     56 ;--------------------------------------------------------
                                     57 	.area DATA
                                     58 ;--------------------------------------------------------
                                     59 ; global & static initialisations
                                     60 ;--------------------------------------------------------
                                     61 	.area _CODE
                                     62 	.area GSINIT
                                     63 	.area GSFINAL
                                     64 	.area GSINIT
                                     65 ;--------------------------------------------------------
                                     66 ; Home
                                     67 ;--------------------------------------------------------
                                     68 	.area _CODE
                                     69 	.area _CODE
                                     70 ;--------------------------------------------------------
                                     71 ; code
                                     72 ;--------------------------------------------------------
                                     73 	.area CODE
                                     74 ;------------------------------------------------------------
                                     75 ;Allocation info for local variables in function '_modulonglong'
                                     76 ;------------------------------------------------------------
                                     77 ;sloc0         Allocated with name '__modulonglong_sloc0_1_0'
                                     78 ;sloc1         Allocated with name '__modulonglong_sloc1_1_0'
                                     79 ;a             Allocated with name '__modulonglong_PARM_1'
                                     80 ;b             Allocated with name '__modulonglong_PARM_2'
                                     81 ;count         Allocated with name '__modulonglong_count_10000_2'
                                     82 ;------------------------------------------------------------
                                     83 ;	../_modulonglong.c: 40: _modulonglong (unsigned long long a, unsigned long long b) __SDCC_NONBANKED
                                     84 ;	genLabel
                                     85 ;	Raw cost for generated ic 0 : (0, 0.000000) count=1.000000
                                     86 ;	-----------------------------------------
                                     87 ;	 function _modulonglong
                                     88 ;	-----------------------------------------
                                     89 ;	Register assignment is optimal.
                                     90 ;	Stack space usage: 0 bytes.
      000000                         91 __modulonglong:
                                     92 ;	Raw cost for generated ic 1 : (0, 0.000000) count=1.000000
                                     93 ;	../_modulonglong.c: 42: unsigned char count = 0;
                                     94 ;	genAssign
                                     95 ;	genAssignLit
      000000 A0 00            [ 2]   96 	ldy	#0x00
      000002 8Cr10r00         [ 4]   97 	sty	__modulonglong_count_10000_2
                                     98 ;	Raw cost for generated ic 2 : (5, 6.000000) count=1.000000
                                     99 ;	../_modulonglong.c: 44: while (!MSB_SET(b))
                                    100 ;	genAssign
                                    101 ;	genAssignLit
      000005 84*00            [ 3]  102 	sty	*__modulonglong_sloc0_1_0
                                    103 ;	Raw cost for generated ic 46 : (2, 3.000000) count=1.000000
                                    104 ;	genLabel
      000007                        105 00103$:
                                    106 ;	Raw cost for generated ic 3 : (0, 0.000000) count=1.230759
                                    107 ;	genAssign
                                    108 ;	genCopy
      000007 ADr0Fr00         [ 4]  109 	lda	(__modulonglong_PARM_2 + 7)
      00000A 8Dr07r00         [ 4]  110 	sta	(__srulonglong_PARM_1 + 7)
      00000D ADr0Er00         [ 4]  111 	lda	(__modulonglong_PARM_2 + 6)
      000010 8Dr06r00         [ 4]  112 	sta	(__srulonglong_PARM_1 + 6)
      000013 ADr0Dr00         [ 4]  113 	lda	(__modulonglong_PARM_2 + 5)
      000016 8Dr05r00         [ 4]  114 	sta	(__srulonglong_PARM_1 + 5)
      000019 ADr0Cr00         [ 4]  115 	lda	(__modulonglong_PARM_2 + 4)
      00001C 8Dr04r00         [ 4]  116 	sta	(__srulonglong_PARM_1 + 4)
      00001F ADr0Br00         [ 4]  117 	lda	(__modulonglong_PARM_2 + 3)
      000022 8Dr03r00         [ 4]  118 	sta	(__srulonglong_PARM_1 + 3)
      000025 ADr0Ar00         [ 4]  119 	lda	(__modulonglong_PARM_2 + 2)
      000028 8Dr02r00         [ 4]  120 	sta	(__srulonglong_PARM_1 + 2)
      00002B ADr09r00         [ 4]  121 	lda	(__modulonglong_PARM_2 + 1)
      00002E 8Dr01r00         [ 4]  122 	sta	(__srulonglong_PARM_1 + 1)
      000031 ADr08r00         [ 4]  123 	lda	__modulonglong_PARM_2
      000034 8Dr00r00         [ 4]  124 	sta	__srulonglong_PARM_1
                                    125 ;	Raw cost for generated ic 56 : (48, 64.000000) count=1.230759
                                    126 ;	genAssign
                                    127 ;	genAssignLit
      000037 A2 3F            [ 2]  128 	ldx	#0x3f
      000039 8Er00r00         [ 4]  129 	stx	__srulonglong_PARM_2
                                    130 ;	Raw cost for generated ic 57 : (5, 6.000000) count=1.230759
                                    131 ;	genCall
      00003C 20r00r00         [ 6]  132 	jsr	__srulonglong
                                    133 ;	assignResultValue
      00003F 85*01            [ 3]  134 	sta	*__modulonglong_sloc1_1_0
      000041 86*02            [ 3]  135 	stx	*(__modulonglong_sloc1_1_0 + 1)
      000043 A5*00            [ 3]  136 	lda	*___SDCC_m6502_ret2
      000045 85*03            [ 3]  137 	sta	*(__modulonglong_sloc1_1_0 + 2)
      000047 A5*00            [ 3]  138 	lda	*___SDCC_m6502_ret3
      000049 85*04            [ 3]  139 	sta	*(__modulonglong_sloc1_1_0 + 3)
      00004B A5*00            [ 3]  140 	lda	*___SDCC_m6502_ret4
      00004D 85*05            [ 3]  141 	sta	*(__modulonglong_sloc1_1_0 + 4)
      00004F A5*00            [ 3]  142 	lda	*___SDCC_m6502_ret5
      000051 85*06            [ 3]  143 	sta	*(__modulonglong_sloc1_1_0 + 5)
      000053 A5*00            [ 3]  144 	lda	*___SDCC_m6502_ret6
      000055 85*07            [ 3]  145 	sta	*(__modulonglong_sloc1_1_0 + 6)
      000057 A5*00            [ 3]  146 	lda	*___SDCC_m6502_ret7
      000059 85*08            [ 3]  147 	sta	*(__modulonglong_sloc1_1_0 + 7)
                                    148 ;	Raw cost for generated ic 58 : (31, 48.000000) count=1.230759
                                    149 ;	genAnd
      00005B A5*01            [ 3]  150 	lda	*__modulonglong_sloc1_1_0
      00005D 29 01            [ 2]  151 	and	#0x01
                                    152 ;	genIfxJump : z
      00005F F0 03            [ 4]  153 	beq	00151$
      000061 4Cr5Ar01         [ 3]  154 	jmp	00117$
      000064                        155 00151$:
                                    156 ;	Raw cost for generated ic 5 : (11, 13.200000) count=1.230759
                                    157 ;	skipping generated iCode
                                    158 ;	Raw cost for generated ic 6 : (0, 0.000000) count=1.230759
                                    159 ;	../_modulonglong.c: 46: b <<= 1;
                                    160 ;	genAssign
                                    161 ;	genCopy
      000064 ADr0Fr00         [ 4]  162 	lda	(__modulonglong_PARM_2 + 7)
      000067 8Dr07r00         [ 4]  163 	sta	(__slulonglong_PARM_1 + 7)
      00006A ADr0Er00         [ 4]  164 	lda	(__modulonglong_PARM_2 + 6)
      00006D 8Dr06r00         [ 4]  165 	sta	(__slulonglong_PARM_1 + 6)
      000070 ADr0Dr00         [ 4]  166 	lda	(__modulonglong_PARM_2 + 5)
      000073 8Dr05r00         [ 4]  167 	sta	(__slulonglong_PARM_1 + 5)
      000076 ADr0Cr00         [ 4]  168 	lda	(__modulonglong_PARM_2 + 4)
      000079 8Dr04r00         [ 4]  169 	sta	(__slulonglong_PARM_1 + 4)
      00007C ADr0Br00         [ 4]  170 	lda	(__modulonglong_PARM_2 + 3)
      00007F 8Dr03r00         [ 4]  171 	sta	(__slulonglong_PARM_1 + 3)
      000082 ADr0Ar00         [ 4]  172 	lda	(__modulonglong_PARM_2 + 2)
      000085 8Dr02r00         [ 4]  173 	sta	(__slulonglong_PARM_1 + 2)
      000088 ADr09r00         [ 4]  174 	lda	(__modulonglong_PARM_2 + 1)
      00008B 8Dr01r00         [ 4]  175 	sta	(__slulonglong_PARM_1 + 1)
      00008E ADr08r00         [ 4]  176 	lda	__modulonglong_PARM_2
      000091 8Dr00r00         [ 4]  177 	sta	__slulonglong_PARM_1
                                    178 ;	Raw cost for generated ic 59 : (48, 64.000000) count=0.923069
                                    179 ;	genAssign
                                    180 ;	genAssignLit
      000094 A2 01            [ 2]  181 	ldx	#0x01
      000096 8Er00r00         [ 4]  182 	stx	__slulonglong_PARM_2
                                    183 ;	Raw cost for generated ic 60 : (5, 6.000000) count=0.923069
                                    184 ;	genCall
      000099 20r00r00         [ 6]  185 	jsr	__slulonglong
                                    186 ;	assignResultValue
      00009C 8Dr08r00         [ 4]  187 	sta	__modulonglong_PARM_2
      00009F 8Er09r00         [ 4]  188 	stx	(__modulonglong_PARM_2 + 1)
      0000A2 A5*00            [ 3]  189 	lda	*___SDCC_m6502_ret2
      0000A4 8Dr0Ar00         [ 4]  190 	sta	(__modulonglong_PARM_2 + 2)
      0000A7 A5*00            [ 3]  191 	lda	*___SDCC_m6502_ret3
      0000A9 8Dr0Br00         [ 4]  192 	sta	(__modulonglong_PARM_2 + 3)
      0000AC A5*00            [ 3]  193 	lda	*___SDCC_m6502_ret4
      0000AE 8Dr0Cr00         [ 4]  194 	sta	(__modulonglong_PARM_2 + 4)
      0000B1 A5*00            [ 3]  195 	lda	*___SDCC_m6502_ret5
      0000B3 8Dr0Dr00         [ 4]  196 	sta	(__modulonglong_PARM_2 + 5)
      0000B6 A5*00            [ 3]  197 	lda	*___SDCC_m6502_ret6
      0000B8 8Dr0Er00         [ 4]  198 	sta	(__modulonglong_PARM_2 + 6)
      0000BB A5*00            [ 3]  199 	lda	*___SDCC_m6502_ret7
      0000BD 8Dr0Fr00         [ 4]  200 	sta	(__modulonglong_PARM_2 + 7)
                                    201 ;	Raw cost for generated ic 61 : (39, 56.000000) count=0.923069
                                    202 ;	../_modulonglong.c: 47: if (b > a)
                                    203 ;	genCmp
      0000C0 ADr00r00         [ 4]  204 	lda	__modulonglong_PARM_1
      0000C3 38               [ 2]  205 	sec
      0000C4 EDr08r00         [ 4]  206 	sbc	__modulonglong_PARM_2
      0000C7 ADr01r00         [ 4]  207 	lda	(__modulonglong_PARM_1 + 1)
      0000CA EDr09r00         [ 4]  208 	sbc	(__modulonglong_PARM_2 + 1)
      0000CD ADr02r00         [ 4]  209 	lda	(__modulonglong_PARM_1 + 2)
      0000D0 EDr0Ar00         [ 4]  210 	sbc	(__modulonglong_PARM_2 + 2)
      0000D3 ADr03r00         [ 4]  211 	lda	(__modulonglong_PARM_1 + 3)
      0000D6 EDr0Br00         [ 4]  212 	sbc	(__modulonglong_PARM_2 + 3)
      0000D9 ADr04r00         [ 4]  213 	lda	(__modulonglong_PARM_1 + 4)
      0000DC EDr0Cr00         [ 4]  214 	sbc	(__modulonglong_PARM_2 + 4)
      0000DF ADr05r00         [ 4]  215 	lda	(__modulonglong_PARM_1 + 5)
      0000E2 EDr0Dr00         [ 4]  216 	sbc	(__modulonglong_PARM_2 + 5)
      0000E5 ADr06r00         [ 4]  217 	lda	(__modulonglong_PARM_1 + 6)
      0000E8 EDr0Er00         [ 4]  218 	sbc	(__modulonglong_PARM_2 + 6)
      0000EB ADr07r00         [ 4]  219 	lda	(__modulonglong_PARM_1 + 7)
      0000EE EDr0Fr00         [ 4]  220 	sbc	(__modulonglong_PARM_2 + 7)
      0000F1 B0 5D            [ 4]  221 	bcs	00102$
                                    222 ;	Raw cost for generated ic 11 : (54, 71.599998) count=0.923069
                                    223 ;	skipping generated iCode
                                    224 ;	Raw cost for generated ic 12 : (0, 0.000000) count=0.923069
                                    225 ;	../_modulonglong.c: 49: b >>=1;
                                    226 ;	genAssign
                                    227 ;	genCopy
      0000F3 ADr0Fr00         [ 4]  228 	lda	(__modulonglong_PARM_2 + 7)
      0000F6 8Dr07r00         [ 4]  229 	sta	(__srulonglong_PARM_1 + 7)
      0000F9 ADr0Er00         [ 4]  230 	lda	(__modulonglong_PARM_2 + 6)
      0000FC 8Dr06r00         [ 4]  231 	sta	(__srulonglong_PARM_1 + 6)
      0000FF ADr0Dr00         [ 4]  232 	lda	(__modulonglong_PARM_2 + 5)
      000102 8Dr05r00         [ 4]  233 	sta	(__srulonglong_PARM_1 + 5)
      000105 ADr0Cr00         [ 4]  234 	lda	(__modulonglong_PARM_2 + 4)
      000108 8Dr04r00         [ 4]  235 	sta	(__srulonglong_PARM_1 + 4)
      00010B ADr0Br00         [ 4]  236 	lda	(__modulonglong_PARM_2 + 3)
      00010E 8Dr03r00         [ 4]  237 	sta	(__srulonglong_PARM_1 + 3)
      000111 ADr0Ar00         [ 4]  238 	lda	(__modulonglong_PARM_2 + 2)
      000114 8Dr02r00         [ 4]  239 	sta	(__srulonglong_PARM_1 + 2)
      000117 8A               [ 2]  240 	txa
      000118 8Dr01r00         [ 4]  241 	sta	(__srulonglong_PARM_1 + 1)
      00011B ADr08r00         [ 4]  242 	lda	__modulonglong_PARM_2
      00011E 8Dr00r00         [ 4]  243 	sta	__srulonglong_PARM_1
                                    244 ;	Raw cost for generated ic 62 : (46, 62.000000) count=0.692302
                                    245 ;	genAssign
                                    246 ;	genAssignLit
      000121 A2 01            [ 2]  247 	ldx	#0x01
      000123 8Er00r00         [ 4]  248 	stx	__srulonglong_PARM_2
                                    249 ;	Raw cost for generated ic 63 : (5, 6.000000) count=0.692302
                                    250 ;	genCall
      000126 20r00r00         [ 6]  251 	jsr	__srulonglong
                                    252 ;	assignResultValue
      000129 8Dr08r00         [ 4]  253 	sta	__modulonglong_PARM_2
      00012C 8Er09r00         [ 4]  254 	stx	(__modulonglong_PARM_2 + 1)
      00012F A5*00            [ 3]  255 	lda	*___SDCC_m6502_ret2
      000131 8Dr0Ar00         [ 4]  256 	sta	(__modulonglong_PARM_2 + 2)
      000134 A5*00            [ 3]  257 	lda	*___SDCC_m6502_ret3
      000136 8Dr0Br00         [ 4]  258 	sta	(__modulonglong_PARM_2 + 3)
      000139 A5*00            [ 3]  259 	lda	*___SDCC_m6502_ret4
      00013B 8Dr0Cr00         [ 4]  260 	sta	(__modulonglong_PARM_2 + 4)
      00013E A5*00            [ 3]  261 	lda	*___SDCC_m6502_ret5
      000140 8Dr0Dr00         [ 4]  262 	sta	(__modulonglong_PARM_2 + 5)
      000143 A5*00            [ 3]  263 	lda	*___SDCC_m6502_ret6
      000145 8Dr0Er00         [ 4]  264 	sta	(__modulonglong_PARM_2 + 6)
      000148 A5*00            [ 3]  265 	lda	*___SDCC_m6502_ret7
      00014A 8Dr0Fr00         [ 4]  266 	sta	(__modulonglong_PARM_2 + 7)
                                    267 ;	Raw cost for generated ic 64 : (39, 56.000000) count=0.692302
                                    268 ;	../_modulonglong.c: 50: break;
                                    269 ;	genGoto
      00014D 4Cr5Ar01         [ 3]  270 	jmp	00117$
                                    271 ;	Raw cost for generated ic 17 : (3, 3.000000) count=0.692302
                                    272 ;	genLabel
      000150                        273 00102$:
                                    274 ;	Raw cost for generated ic 18 : (0, 0.000000) count=0.230759
                                    275 ;	../_modulonglong.c: 52: count++;
                                    276 ;	genPlus
                                    277 ;	  genPlusInc
      000150 E6*00            [ 5]  278 	inc	*__modulonglong_sloc0_1_0
                                    279 ;	Raw cost for generated ic 20 : (2, 5.000000) count=0.230759
                                    280 ;	genAssign
                                    281 ;	genCopy
      000152 A5*00            [ 3]  282 	lda	*__modulonglong_sloc0_1_0
      000154 8Dr10r00         [ 4]  283 	sta	__modulonglong_count_10000_2
                                    284 ;	Raw cost for generated ic 21 : (5, 7.000000) count=0.230759
                                    285 ;	genGoto
      000157 4Cr07r00         [ 3]  286 	jmp	00103$
                                    287 ;	Raw cost for generated ic 22 : (3, 3.000000) count=0.230759
                                    288 ;	../_modulonglong.c: 54: do
                                    289 ;	genLabel
      00015A                        290 00117$:
                                    291 ;	Raw cost for generated ic 45 : (0, 0.000000) count=0.999992
                                    292 ;	genAssign
                                    293 ;	genCopy
      00015A AEr10r00         [ 4]  294 	ldx	__modulonglong_count_10000_2
                                    295 ;	Raw cost for generated ic 47 : (3, 4.000000) count=0.999992
                                    296 ;	genLabel
      00015D                        297 00108$:
                                    298 ;	Raw cost for generated ic 24 : (0, 0.000000) count=3.999952
                                    299 ;	../_modulonglong.c: 56: if (a >= b)
                                    300 ;	genCmp
      00015D ADr00r00         [ 4]  301 	lda	__modulonglong_PARM_1
      000160 38               [ 2]  302 	sec
      000161 EDr08r00         [ 4]  303 	sbc	__modulonglong_PARM_2
      000164 ADr01r00         [ 4]  304 	lda	(__modulonglong_PARM_1 + 1)
      000167 EDr09r00         [ 4]  305 	sbc	(__modulonglong_PARM_2 + 1)
      00016A ADr02r00         [ 4]  306 	lda	(__modulonglong_PARM_1 + 2)
      00016D EDr0Ar00         [ 4]  307 	sbc	(__modulonglong_PARM_2 + 2)
      000170 ADr03r00         [ 4]  308 	lda	(__modulonglong_PARM_1 + 3)
      000173 EDr0Br00         [ 4]  309 	sbc	(__modulonglong_PARM_2 + 3)
      000176 ADr04r00         [ 4]  310 	lda	(__modulonglong_PARM_1 + 4)
      000179 EDr0Cr00         [ 4]  311 	sbc	(__modulonglong_PARM_2 + 4)
      00017C ADr05r00         [ 4]  312 	lda	(__modulonglong_PARM_1 + 5)
      00017F EDr0Dr00         [ 4]  313 	sbc	(__modulonglong_PARM_2 + 5)
      000182 ADr06r00         [ 4]  314 	lda	(__modulonglong_PARM_1 + 6)
      000185 EDr0Er00         [ 4]  315 	sbc	(__modulonglong_PARM_2 + 6)
      000188 ADr07r00         [ 4]  316 	lda	(__modulonglong_PARM_1 + 7)
      00018B EDr0Fr00         [ 4]  317 	sbc	(__modulonglong_PARM_2 + 7)
      00018E 90 49            [ 4]  318 	bcc	00107$
                                    319 ;	Raw cost for generated ic 25 : (54, 71.599998) count=3.999952
                                    320 ;	skipping generated iCode
                                    321 ;	Raw cost for generated ic 26 : (0, 0.000000) count=3.999952
                                    322 ;	../_modulonglong.c: 57: a -= b;
                                    323 ;	genMinus
      000190 ADr00r00         [ 4]  324 	lda	__modulonglong_PARM_1
      000193 38               [ 2]  325 	sec
      000194 EDr08r00         [ 4]  326 	sbc	__modulonglong_PARM_2
      000197 8Dr00r00         [ 4]  327 	sta	__modulonglong_PARM_1
      00019A ADr01r00         [ 4]  328 	lda	(__modulonglong_PARM_1 + 1)
      00019D EDr09r00         [ 4]  329 	sbc	(__modulonglong_PARM_2 + 1)
      0001A0 8Dr01r00         [ 4]  330 	sta	(__modulonglong_PARM_1 + 1)
      0001A3 ADr02r00         [ 4]  331 	lda	(__modulonglong_PARM_1 + 2)
      0001A6 EDr0Ar00         [ 4]  332 	sbc	(__modulonglong_PARM_2 + 2)
      0001A9 8Dr02r00         [ 4]  333 	sta	(__modulonglong_PARM_1 + 2)
      0001AC ADr03r00         [ 4]  334 	lda	(__modulonglong_PARM_1 + 3)
      0001AF EDr0Br00         [ 4]  335 	sbc	(__modulonglong_PARM_2 + 3)
      0001B2 8Dr03r00         [ 4]  336 	sta	(__modulonglong_PARM_1 + 3)
      0001B5 ADr04r00         [ 4]  337 	lda	(__modulonglong_PARM_1 + 4)
      0001B8 EDr0Cr00         [ 4]  338 	sbc	(__modulonglong_PARM_2 + 4)
      0001BB 8Dr04r00         [ 4]  339 	sta	(__modulonglong_PARM_1 + 4)
      0001BE ADr05r00         [ 4]  340 	lda	(__modulonglong_PARM_1 + 5)
      0001C1 EDr0Dr00         [ 4]  341 	sbc	(__modulonglong_PARM_2 + 5)
      0001C4 8Dr05r00         [ 4]  342 	sta	(__modulonglong_PARM_1 + 5)
      0001C7 ADr06r00         [ 4]  343 	lda	(__modulonglong_PARM_1 + 6)
      0001CA EDr0Er00         [ 4]  344 	sbc	(__modulonglong_PARM_2 + 6)
      0001CD 8Dr06r00         [ 4]  345 	sta	(__modulonglong_PARM_1 + 6)
      0001D0 ADr07r00         [ 4]  346 	lda	(__modulonglong_PARM_1 + 7)
      0001D3 EDr0Fr00         [ 4]  347 	sbc	(__modulonglong_PARM_2 + 7)
      0001D6 8Dr07r00         [ 4]  348 	sta	(__modulonglong_PARM_1 + 7)
                                    349 ;	Raw cost for generated ic 29 : (73, 98.000000) count=2.999960
                                    350 ;	genLabel
      0001D9                        351 00107$:
                                    352 ;	Raw cost for generated ic 31 : (0, 0.000000) count=3.999947
                                    353 ;	../_modulonglong.c: 58: b >>= 1;
                                    354 ;	genAssign
                                    355 ;	genCopy
      0001D9 ADr0Fr00         [ 4]  356 	lda	(__modulonglong_PARM_2 + 7)
      0001DC 8Dr07r00         [ 4]  357 	sta	(__srulonglong_PARM_1 + 7)
      0001DF ADr0Er00         [ 4]  358 	lda	(__modulonglong_PARM_2 + 6)
      0001E2 8Dr06r00         [ 4]  359 	sta	(__srulonglong_PARM_1 + 6)
      0001E5 ADr0Dr00         [ 4]  360 	lda	(__modulonglong_PARM_2 + 5)
      0001E8 8Dr05r00         [ 4]  361 	sta	(__srulonglong_PARM_1 + 5)
      0001EB ADr0Cr00         [ 4]  362 	lda	(__modulonglong_PARM_2 + 4)
      0001EE 8Dr04r00         [ 4]  363 	sta	(__srulonglong_PARM_1 + 4)
      0001F1 ADr0Br00         [ 4]  364 	lda	(__modulonglong_PARM_2 + 3)
      0001F4 8Dr03r00         [ 4]  365 	sta	(__srulonglong_PARM_1 + 3)
      0001F7 ADr0Ar00         [ 4]  366 	lda	(__modulonglong_PARM_2 + 2)
      0001FA 8Dr02r00         [ 4]  367 	sta	(__srulonglong_PARM_1 + 2)
      0001FD ADr09r00         [ 4]  368 	lda	(__modulonglong_PARM_2 + 1)
      000200 8Dr01r00         [ 4]  369 	sta	(__srulonglong_PARM_1 + 1)
      000203 ADr08r00         [ 4]  370 	lda	__modulonglong_PARM_2
      000206 8Dr00r00         [ 4]  371 	sta	__srulonglong_PARM_1
                                    372 ;	Raw cost for generated ic 65 : (48, 64.000000) count=3.999947
                                    373 ;	genAssign
                                    374 ;	genAssignLit
      000209 A0 01            [ 2]  375 	ldy	#0x01
      00020B 8Cr00r00         [ 4]  376 	sty	__srulonglong_PARM_2
                                    377 ;	Raw cost for generated ic 66 : (5, 6.000000) count=3.999947
                                    378 ;	genCall
      00020E 8A               [ 2]  379 	txa
      00020F 48               [ 3]  380 	pha
      000210 20r00r00         [ 6]  381 	jsr	__srulonglong
                                    382 ;	assignResultValue
      000213 8Dr08r00         [ 4]  383 	sta	__modulonglong_PARM_2
      000216 8Er09r00         [ 4]  384 	stx	(__modulonglong_PARM_2 + 1)
      000219 A5*00            [ 3]  385 	lda	*___SDCC_m6502_ret2
      00021B 8Dr0Ar00         [ 4]  386 	sta	(__modulonglong_PARM_2 + 2)
      00021E A5*00            [ 3]  387 	lda	*___SDCC_m6502_ret3
      000220 8Dr0Br00         [ 4]  388 	sta	(__modulonglong_PARM_2 + 3)
      000223 A5*00            [ 3]  389 	lda	*___SDCC_m6502_ret4
      000225 8Dr0Cr00         [ 4]  390 	sta	(__modulonglong_PARM_2 + 4)
      000228 A5*00            [ 3]  391 	lda	*___SDCC_m6502_ret5
      00022A 8Dr0Dr00         [ 4]  392 	sta	(__modulonglong_PARM_2 + 5)
      00022D A5*00            [ 3]  393 	lda	*___SDCC_m6502_ret6
      00022F 8Dr0Er00         [ 4]  394 	sta	(__modulonglong_PARM_2 + 6)
      000232 A5*00            [ 3]  395 	lda	*___SDCC_m6502_ret7
      000234 8Dr0Fr00         [ 4]  396 	sta	(__modulonglong_PARM_2 + 7)
      000237 68               [ 4]  397 	pla
                                    398 ;	Raw cost for generated ic 67 : (46, 71.000000) count=3.999947
                                    399 ;	../_modulonglong.c: 60: while (count--);
                                    400 ;	genAssign
                                    401 ;	genCopy
      000238 AA               [ 2]  402 	tax
                                    403 ;	Raw cost for generated ic 35 : (1, 2.000000) count=3.999947
                                    404 ;	genMinus
                                    405 ;	  genMinusDec - size=1  icount=1
      000239 CA               [ 2]  406 	dex
                                    407 ;	Raw cost for generated ic 36 : (1, 2.000000) count=3.999947
                                    408 ;	genIfx
      00023A C9 00            [ 2]  409 	cmp	#0x00
                                    410 ;	genIfxJump : z
      00023C F0 03            [ 4]  411 	beq	00155$
      00023E 4Cr5Dr01         [ 3]  412 	jmp	00108$
      000241                        413 00155$:
                                    414 ;	Raw cost for generated ic 38 : (7, 7.600000) count=3.999947
                                    415 ;	../_modulonglong.c: 62: return a;
                                    416 ;	genRet
      000241 ADr07r00         [ 4]  417 	lda	(__modulonglong_PARM_1 + 7)
      000244 85*00            [ 3]  418 	sta	*___SDCC_m6502_ret7
      000246 ADr06r00         [ 4]  419 	lda	(__modulonglong_PARM_1 + 6)
      000249 85*00            [ 3]  420 	sta	*___SDCC_m6502_ret6
      00024B ADr05r00         [ 4]  421 	lda	(__modulonglong_PARM_1 + 5)
      00024E 85*00            [ 3]  422 	sta	*___SDCC_m6502_ret5
      000250 ADr04r00         [ 4]  423 	lda	(__modulonglong_PARM_1 + 4)
      000253 85*00            [ 3]  424 	sta	*___SDCC_m6502_ret4
      000255 ADr03r00         [ 4]  425 	lda	(__modulonglong_PARM_1 + 3)
      000258 85*00            [ 3]  426 	sta	*___SDCC_m6502_ret3
      00025A ADr02r00         [ 4]  427 	lda	(__modulonglong_PARM_1 + 2)
      00025D 85*00            [ 3]  428 	sta	*___SDCC_m6502_ret2
      00025F AEr01r00         [ 4]  429 	ldx	(__modulonglong_PARM_1 + 1)
      000262 ADr00r00         [ 4]  430 	lda	__modulonglong_PARM_1
                                    431 ;	Raw cost for generated ic 41 : (36, 50.000000) count=0.999983
                                    432 ;	genLabel
                                    433 ;	Raw cost for generated ic 42 : (0, 0.000000) count=0.999983
                                    434 ;	../_modulonglong.c: 63: }
                                    435 ;	genEndFunction
      000265 60               [ 6]  436 	rts
                                    437 ;	Raw cost for generated ic 43 : (1, 6.000000) count=0.999983
                                    438 	.area CODE
                                    439 	.area RODATA
                                    440 	.area XINIT
                                    441 	.area CABS    (ABS)
