                                      1 ;--------------------------------------------------------
                                      2 ; File Created by SDCC : free open source ISO C Compiler
                                      3 ; Version 4.5.10 #15691 (Linux)
                                      4 ;--------------------------------------------------------
                                      5 	.module isprint
                                      6 	
                                      7 	.optsdcc -mmos6502
                                      8 
                                      9 ;--------------------------------------------------------
                                     10 ;  Ordering of segments for the linker.
                                     11 ;--------------------------------------------------------
                                     12 	.area ZP      (PAG)
                                     13 	.area OSEG    (PAG, OVR)
                                     14 	.area _CODE
                                     15 	.area GSINIT
                                     16 	.area GSFINAL
                                     17 	.area CODE
                                     18 	.area RODATA
                                     19 	.area XINIT
                                     20 	.area _DATA
                                     21 	.area DATA
                                     22 	.area BSS
                                     23 ;--------------------------------------------------------
                                     24 ; Public variables in this module
                                     25 ;--------------------------------------------------------
                                     26 	.globl _isprint
                                     27 ;--------------------------------------------------------
                                     28 ; ZP ram data
                                     29 ;--------------------------------------------------------
                                     30 	.area ZP      (PAG)
                                     31 ;--------------------------------------------------------
                                     32 ; overlayable items in ram
                                     33 ;--------------------------------------------------------
                                     34 ;--------------------------------------------------------
                                     35 ; uninitialized external ram data
                                     36 ;--------------------------------------------------------
                                     37 	.area BSS
      000000                         38 _isprint_c_10000_21:
      000000                         39 	.ds 2
                                     40 ;--------------------------------------------------------
                                     41 ; absolute external ram data
                                     42 ;--------------------------------------------------------
                                     43 	.area DABS    (ABS)
                                     44 ;--------------------------------------------------------
                                     45 ; initialized external ram data
                                     46 ;--------------------------------------------------------
                                     47 	.area DATA
                                     48 ;--------------------------------------------------------
                                     49 ; global & static initialisations
                                     50 ;--------------------------------------------------------
                                     51 	.area _CODE
                                     52 	.area GSINIT
                                     53 	.area GSFINAL
                                     54 	.area GSINIT
                                     55 ;--------------------------------------------------------
                                     56 ; Home
                                     57 ;--------------------------------------------------------
                                     58 	.area _CODE
                                     59 	.area _CODE
                                     60 ;--------------------------------------------------------
                                     61 ; code
                                     62 ;--------------------------------------------------------
                                     63 	.area CODE
                                     64 ;------------------------------------------------------------
                                     65 ;Allocation info for local variables in function 'isprint'
                                     66 ;------------------------------------------------------------
                                     67 ;c             Allocated with name '_isprint_c_10000_21'
                                     68 ;------------------------------------------------------------
                                     69 ;	../isprint.c: 33: int isprint (int c)
                                     70 ;	genLabel
                                     71 ;	Raw cost for generated ic 0 : (0, 0.000000) count=1.000000
                                     72 ;	-----------------------------------------
                                     73 ;	 function isprint
                                     74 ;	-----------------------------------------
                                     75 ;	Register assignment is optimal.
                                     76 ;	Stack space usage: 0 bytes.
      000000                         77 _isprint:
                                     78 ;	Raw cost for generated ic 1 : (0, 0.000000) count=1.000000
                                     79 ;	genReceive
      000000 8Dr00r00         [ 4]   80 	sta	_isprint_c_10000_21
      000003 8Er01r00         [ 4]   81 	stx	(_isprint_c_10000_21 + 1)
                                     82 ;	Raw cost for generated ic 2 : (6, 8.000000) count=1.000000
                                     83 ;	../isprint.c: 35: return (c >= ' ' && c <= '~');
                                     84 ;	genCmp
      000006 38               [ 2]   85 	sec
      000007 E9 20            [ 2]   86 	sbc	#0x20
      000009 8A               [ 2]   87 	txa
      00000A E9 00            [ 2]   88 	sbc	#0x00
      00000C 70 04            [ 4]   89 	bvs	00113$
      00000E 10 04            [ 4]   90 	bpl	00112$
      000010 30 15            [ 4]   91 	bmi	00103$
      000012                         92 00113$:
      000012 10 13            [ 4]   93 	bpl	00103$
      000014                         94 00112$:
                                     95 ;	Raw cost for generated ic 3 : (17, 21.400002) count=1.000000
                                     96 ;	skipping generated iCode
                                     97 ;	Raw cost for generated ic 5 : (0, 0.000000) count=1.000000
                                     98 ;	genCmp
      000014 A9 7E            [ 2]   99 	lda	#0x7e
      000016 38               [ 2]  100 	sec
      000017 EDr00r00         [ 4]  101 	sbc	_isprint_c_10000_21
      00001A A9 00            [ 2]  102 	lda	#0x00
      00001C EDr01r00         [ 4]  103 	sbc	(_isprint_c_10000_21 + 1)
      00001F 50 04            [ 4]  104 	bvc	00116$
      000021 10 04            [ 4]  105 	bpl	00115$
      000023 30 07            [ 4]  106 	bmi	00104$
      000025                        107 00116$:
      000025 10 05            [ 4]  108 	bpl	00104$
      000027                        109 00115$:
                                    110 ;	Raw cost for generated ic 6 : (22, 27.400002) count=0.750000
                                    111 ;	skipping generated iCode
                                    112 ;	Raw cost for generated ic 8 : (0, 0.000000) count=0.750000
                                    113 ;	genLabel
      000027                        114 00103$:
                                    115 ;	Raw cost for generated ic 9 : (0, 0.000000) count=0.812500
                                    116 ;	genAssign
                                    117 ;	genCopy
      000027 A9 00            [ 2]  118 	lda	#0x00
                                    119 ;	Raw cost for generated ic 10 : (2, 2.000000) count=0.812500
                                    120 ;	genGoto
      000029 4Cr2Er00         [ 3]  121 	jmp	00105$
                                    122 ;	Raw cost for generated ic 11 : (3, 3.000000) count=0.812500
                                    123 ;	genLabel
      00002C                        124 00104$:
                                    125 ;	Raw cost for generated ic 12 : (0, 0.000000) count=0.187500
                                    126 ;	genAssign
                                    127 ;	genCopy
      00002C A9 01            [ 2]  128 	lda	#0x01
                                    129 ;	Raw cost for generated ic 13 : (2, 2.000000) count=0.187500
                                    130 ;	genLabel
      00002E                        131 00105$:
                                    132 ;	Raw cost for generated ic 14 : (0, 0.000000) count=1.000000
                                    133 ;	genCast
                                    134 ;	genCopy
      00002E A2 00            [ 2]  135 	ldx	#0x00
                                    136 ;	Raw cost for generated ic 15 : (2, 2.000000) count=1.000000
                                    137 ;	genRet
                                    138 ;	Raw cost for generated ic 16 : (0, 0.000000) count=1.000000
                                    139 ;	genLabel
                                    140 ;	Raw cost for generated ic 17 : (0, 0.000000) count=1.000000
                                    141 ;	../isprint.c: 36: }
                                    142 ;	genEndFunction
      000030 60               [ 6]  143 	rts
                                    144 ;	Raw cost for generated ic 18 : (1, 6.000000) count=1.000000
                                    145 	.area CODE
                                    146 	.area RODATA
                                    147 	.area XINIT
                                    148 	.area CABS    (ABS)
