                                      1 ;--------------------------------------------------------
                                      2 ; File Created by SDCC : free open source ISO C Compiler
                                      3 ; Version 4.5.10 #15691 (Linux)
                                      4 ;--------------------------------------------------------
                                      5 	.module stdc_memreverse8u
                                      6 	
                                      7 	.optsdcc -mmos6502
                                      8 
                                      9 ;--------------------------------------------------------
                                     10 ;  Ordering of segments for the linker.
                                     11 ;--------------------------------------------------------
                                     12 	.area ZP      (PAG)
                                     13 	.area OSEG    (PAG, OVR)
                                     14 	.area _CODE
                                     15 	.area GSINIT
                                     16 	.area GSFINAL
                                     17 	.area CODE
                                     18 	.area RODATA
                                     19 	.area XINIT
                                     20 	.area _DATA
                                     21 	.area DATA
                                     22 	.area BSS
                                     23 ;--------------------------------------------------------
                                     24 ; Public variables in this module
                                     25 ;--------------------------------------------------------
                                     26 	.globl _stdc_memreverse8
                                     27 	.globl _stdc_memreverse8u64_PARM_1
                                     28 	.globl _stdc_memreverse8u32_PARM_1
                                     29 	.globl _stdc_memreverse8u8
                                     30 	.globl _stdc_memreverse8u16
                                     31 	.globl _stdc_memreverse8u32
                                     32 	.globl _stdc_memreverse8u64
                                     33 ;--------------------------------------------------------
                                     34 ; ZP ram data
                                     35 ;--------------------------------------------------------
                                     36 	.area ZP      (PAG)
                                     37 ;--------------------------------------------------------
                                     38 ; overlayable items in ram
                                     39 ;--------------------------------------------------------
                                     40 ;--------------------------------------------------------
                                     41 ; uninitialized external ram data
                                     42 ;--------------------------------------------------------
                                     43 	.area BSS
      000000                         44 _stdc_memreverse8u8_value_10000_29:
      000000                         45 	.ds 1
      000001                         46 _stdc_memreverse8u16_value_10000_31:
      000001                         47 	.ds 2
      000003                         48 _stdc_memreverse8u32_PARM_1:
      000003                         49 	.ds 4
      000007                         50 _stdc_memreverse8u64_PARM_1:
      000007                         51 	.ds 8
                                     52 ;--------------------------------------------------------
                                     53 ; absolute external ram data
                                     54 ;--------------------------------------------------------
                                     55 	.area DABS    (ABS)
                                     56 ;--------------------------------------------------------
                                     57 ; initialized external ram data
                                     58 ;--------------------------------------------------------
                                     59 	.area DATA
                                     60 ;--------------------------------------------------------
                                     61 ; global & static initialisations
                                     62 ;--------------------------------------------------------
                                     63 	.area _CODE
                                     64 	.area GSINIT
                                     65 	.area GSFINAL
                                     66 	.area GSINIT
                                     67 ;--------------------------------------------------------
                                     68 ; Home
                                     69 ;--------------------------------------------------------
                                     70 	.area _CODE
                                     71 	.area _CODE
                                     72 ;--------------------------------------------------------
                                     73 ; code
                                     74 ;--------------------------------------------------------
                                     75 	.area CODE
                                     76 ;------------------------------------------------------------
                                     77 ;Allocation info for local variables in function 'stdc_memreverse8u8'
                                     78 ;------------------------------------------------------------
                                     79 ;value         Allocated with name '_stdc_memreverse8u8_value_10000_29'
                                     80 ;------------------------------------------------------------
                                     81 ;	./../../include/stdbit.h: 382: __STDC_MEMREVERSE8U(8)
                                     82 ;	genLabel
                                     83 ;	Raw cost for generated ic 0 : (0, 0.000000) count=1.000000
                                     84 ;	-----------------------------------------
                                     85 ;	 function stdc_memreverse8u8
                                     86 ;	-----------------------------------------
                                     87 ;	Register assignment is optimal.
                                     88 ;	Stack space usage: 0 bytes.
      000000                         89 _stdc_memreverse8u8:
                                     90 ;	Raw cost for generated ic 1 : (0, 0.000000) count=1.000000
                                     91 ;	genReceive
      000000 8Dr00r00         [ 4]   92 	sta	_stdc_memreverse8u8_value_10000_29
                                     93 ;	Raw cost for generated ic 2 : (3, 4.000000) count=1.000000
                                     94 ;	skipping iCode since result will be rematerialized
                                     95 ;	Raw cost for generated ic 3 : (0, 0.000000) count=1.000000
                                     96 ;	genCast
                                     97 ;	genCopy
      000003 A9s00            [ 2]   98 	lda	#>_stdc_memreverse8u8_value_10000_29
      000005 8Dr01r00         [ 4]   99 	sta	(_stdc_memreverse8_PARM_2 + 1)
      000008 A9r00            [ 2]  100 	lda	#_stdc_memreverse8u8_value_10000_29
      00000A 8Dr00r00         [ 4]  101 	sta	_stdc_memreverse8_PARM_2
                                    102 ;	Raw cost for generated ic 4 : (10, 12.000000) count=1.000000
                                    103 ;	Raw cost for generated ic 5 : (0, 0.000000) count=1.000000
                                    104 ;	genCall
                                    105 ;	genSend
      00000D A2 00            [ 2]  106 	ldx	#0x00
      00000F A9 01            [ 2]  107 	lda	#0x01
      000011 20r00r00         [ 6]  108 	jsr	_stdc_memreverse8
                                    109 ;	Raw cost for generated ic 7 : (7, 10.000000) count=1.000000
                                    110 ;	genRet
      000014 ADr00r00         [ 4]  111 	lda	_stdc_memreverse8u8_value_10000_29
                                    112 ;	Raw cost for generated ic 8 : (3, 4.000000) count=1.000000
                                    113 ;	genLabel
                                    114 ;	Raw cost for generated ic 9 : (0, 0.000000) count=1.000000
                                    115 ;	genEndFunction
      000017 60               [ 6]  116 	rts
                                    117 ;	Raw cost for generated ic 10 : (1, 6.000000) count=1.000000
                                    118 ;------------------------------------------------------------
                                    119 ;Allocation info for local variables in function 'stdc_memreverse8u16'
                                    120 ;------------------------------------------------------------
                                    121 ;value         Allocated with name '_stdc_memreverse8u16_value_10000_31'
                                    122 ;------------------------------------------------------------
                                    123 ;	./../../include/stdbit.h: 383: __STDC_MEMREVERSE8U(16)
                                    124 ;	genLabel
                                    125 ;	Raw cost for generated ic 0 : (0, 0.000000) count=1.000000
                                    126 ;	-----------------------------------------
                                    127 ;	 function stdc_memreverse8u16
                                    128 ;	-----------------------------------------
                                    129 ;	Register assignment is optimal.
                                    130 ;	Stack space usage: 0 bytes.
      000018                        131 _stdc_memreverse8u16:
                                    132 ;	Raw cost for generated ic 1 : (0, 0.000000) count=1.000000
                                    133 ;	genReceive
      000018 8Dr01r00         [ 4]  134 	sta	_stdc_memreverse8u16_value_10000_31
      00001B 8Er02r00         [ 4]  135 	stx	(_stdc_memreverse8u16_value_10000_31 + 1)
                                    136 ;	Raw cost for generated ic 2 : (6, 8.000000) count=1.000000
                                    137 ;	skipping iCode since result will be rematerialized
                                    138 ;	Raw cost for generated ic 3 : (0, 0.000000) count=1.000000
                                    139 ;	genCast
                                    140 ;	genCopy
      00001E A9s00            [ 2]  141 	lda	#>_stdc_memreverse8u16_value_10000_31
      000020 8Dr01r00         [ 4]  142 	sta	(_stdc_memreverse8_PARM_2 + 1)
      000023 A9r01            [ 2]  143 	lda	#_stdc_memreverse8u16_value_10000_31
      000025 8Dr00r00         [ 4]  144 	sta	_stdc_memreverse8_PARM_2
                                    145 ;	Raw cost for generated ic 4 : (10, 12.000000) count=1.000000
                                    146 ;	Raw cost for generated ic 5 : (0, 0.000000) count=1.000000
                                    147 ;	genCall
                                    148 ;	genSend
      000028 A2 00            [ 2]  149 	ldx	#0x00
      00002A A9 02            [ 2]  150 	lda	#0x02
      00002C 20r00r00         [ 6]  151 	jsr	_stdc_memreverse8
                                    152 ;	Raw cost for generated ic 7 : (7, 10.000000) count=1.000000
                                    153 ;	genRet
      00002F AEr02r00         [ 4]  154 	ldx	(_stdc_memreverse8u16_value_10000_31 + 1)
      000032 ADr01r00         [ 4]  155 	lda	_stdc_memreverse8u16_value_10000_31
                                    156 ;	Raw cost for generated ic 8 : (6, 8.000000) count=1.000000
                                    157 ;	genLabel
                                    158 ;	Raw cost for generated ic 9 : (0, 0.000000) count=1.000000
                                    159 ;	genEndFunction
      000035 60               [ 6]  160 	rts
                                    161 ;	Raw cost for generated ic 10 : (1, 6.000000) count=1.000000
                                    162 ;------------------------------------------------------------
                                    163 ;Allocation info for local variables in function 'stdc_memreverse8u32'
                                    164 ;------------------------------------------------------------
                                    165 ;value         Allocated with name '_stdc_memreverse8u32_PARM_1'
                                    166 ;------------------------------------------------------------
                                    167 ;	./../../include/stdbit.h: 384: __STDC_MEMREVERSE8U(32)
                                    168 ;	genLabel
                                    169 ;	Raw cost for generated ic 0 : (0, 0.000000) count=1.000000
                                    170 ;	-----------------------------------------
                                    171 ;	 function stdc_memreverse8u32
                                    172 ;	-----------------------------------------
                                    173 ;	Register assignment is optimal.
                                    174 ;	Stack space usage: 0 bytes.
      000036                        175 _stdc_memreverse8u32:
                                    176 ;	Raw cost for generated ic 1 : (0, 0.000000) count=1.000000
                                    177 ;	skipping iCode since result will be rematerialized
                                    178 ;	Raw cost for generated ic 2 : (0, 0.000000) count=1.000000
                                    179 ;	genCast
                                    180 ;	genCopy
      000036 A9s00            [ 2]  181 	lda	#>_stdc_memreverse8u32_PARM_1
      000038 8Dr01r00         [ 4]  182 	sta	(_stdc_memreverse8_PARM_2 + 1)
      00003B A9r03            [ 2]  183 	lda	#_stdc_memreverse8u32_PARM_1
      00003D 8Dr00r00         [ 4]  184 	sta	_stdc_memreverse8_PARM_2
                                    185 ;	Raw cost for generated ic 3 : (10, 12.000000) count=1.000000
                                    186 ;	Raw cost for generated ic 4 : (0, 0.000000) count=1.000000
                                    187 ;	genCall
                                    188 ;	genSend
      000040 A2 00            [ 2]  189 	ldx	#0x00
      000042 A9 04            [ 2]  190 	lda	#0x04
      000044 20r00r00         [ 6]  191 	jsr	_stdc_memreverse8
                                    192 ;	Raw cost for generated ic 6 : (7, 10.000000) count=1.000000
                                    193 ;	genRet
      000047 ADr06r00         [ 4]  194 	lda	(_stdc_memreverse8u32_PARM_1 + 3)
      00004A 85*00            [ 3]  195 	sta	*___SDCC_m6502_ret3
      00004C ADr05r00         [ 4]  196 	lda	(_stdc_memreverse8u32_PARM_1 + 2)
      00004F 85*00            [ 3]  197 	sta	*___SDCC_m6502_ret2
      000051 AEr04r00         [ 4]  198 	ldx	(_stdc_memreverse8u32_PARM_1 + 1)
      000054 ADr03r00         [ 4]  199 	lda	_stdc_memreverse8u32_PARM_1
                                    200 ;	Raw cost for generated ic 7 : (16, 22.000000) count=1.000000
                                    201 ;	genLabel
                                    202 ;	Raw cost for generated ic 8 : (0, 0.000000) count=1.000000
                                    203 ;	genEndFunction
      000057 60               [ 6]  204 	rts
                                    205 ;	Raw cost for generated ic 9 : (1, 6.000000) count=1.000000
                                    206 ;------------------------------------------------------------
                                    207 ;Allocation info for local variables in function 'stdc_memreverse8u64'
                                    208 ;------------------------------------------------------------
                                    209 ;value         Allocated with name '_stdc_memreverse8u64_PARM_1'
                                    210 ;------------------------------------------------------------
                                    211 ;	./../../include/stdbit.h: 385: __STDC_MEMREVERSE8U(64)
                                    212 ;	genLabel
                                    213 ;	Raw cost for generated ic 0 : (0, 0.000000) count=1.000000
                                    214 ;	-----------------------------------------
                                    215 ;	 function stdc_memreverse8u64
                                    216 ;	-----------------------------------------
                                    217 ;	Register assignment is optimal.
                                    218 ;	Stack space usage: 0 bytes.
      000058                        219 _stdc_memreverse8u64:
                                    220 ;	Raw cost for generated ic 1 : (0, 0.000000) count=1.000000
                                    221 ;	skipping iCode since result will be rematerialized
                                    222 ;	Raw cost for generated ic 2 : (0, 0.000000) count=1.000000
                                    223 ;	genCast
                                    224 ;	genCopy
      000058 A9s00            [ 2]  225 	lda	#>_stdc_memreverse8u64_PARM_1
      00005A 8Dr01r00         [ 4]  226 	sta	(_stdc_memreverse8_PARM_2 + 1)
      00005D A9r07            [ 2]  227 	lda	#_stdc_memreverse8u64_PARM_1
      00005F 8Dr00r00         [ 4]  228 	sta	_stdc_memreverse8_PARM_2
                                    229 ;	Raw cost for generated ic 3 : (10, 12.000000) count=1.000000
                                    230 ;	Raw cost for generated ic 4 : (0, 0.000000) count=1.000000
                                    231 ;	genCall
                                    232 ;	genSend
      000062 A2 00            [ 2]  233 	ldx	#0x00
      000064 A9 08            [ 2]  234 	lda	#0x08
      000066 20r00r00         [ 6]  235 	jsr	_stdc_memreverse8
                                    236 ;	Raw cost for generated ic 6 : (7, 10.000000) count=1.000000
                                    237 ;	genRet
      000069 ADr0Er00         [ 4]  238 	lda	(_stdc_memreverse8u64_PARM_1 + 7)
      00006C 85*00            [ 3]  239 	sta	*___SDCC_m6502_ret7
      00006E ADr0Dr00         [ 4]  240 	lda	(_stdc_memreverse8u64_PARM_1 + 6)
      000071 85*00            [ 3]  241 	sta	*___SDCC_m6502_ret6
      000073 ADr0Cr00         [ 4]  242 	lda	(_stdc_memreverse8u64_PARM_1 + 5)
      000076 85*00            [ 3]  243 	sta	*___SDCC_m6502_ret5
      000078 ADr0Br00         [ 4]  244 	lda	(_stdc_memreverse8u64_PARM_1 + 4)
      00007B 85*00            [ 3]  245 	sta	*___SDCC_m6502_ret4
      00007D ADr0Ar00         [ 4]  246 	lda	(_stdc_memreverse8u64_PARM_1 + 3)
      000080 85*00            [ 3]  247 	sta	*___SDCC_m6502_ret3
      000082 ADr09r00         [ 4]  248 	lda	(_stdc_memreverse8u64_PARM_1 + 2)
      000085 85*00            [ 3]  249 	sta	*___SDCC_m6502_ret2
      000087 AEr08r00         [ 4]  250 	ldx	(_stdc_memreverse8u64_PARM_1 + 1)
      00008A ADr07r00         [ 4]  251 	lda	_stdc_memreverse8u64_PARM_1
                                    252 ;	Raw cost for generated ic 7 : (36, 50.000000) count=1.000000
                                    253 ;	genLabel
                                    254 ;	Raw cost for generated ic 8 : (0, 0.000000) count=1.000000
                                    255 ;	genEndFunction
      00008D 60               [ 6]  256 	rts
                                    257 ;	Raw cost for generated ic 9 : (1, 6.000000) count=1.000000
                                    258 	.area CODE
                                    259 	.area RODATA
                                    260 	.area XINIT
                                    261 	.area CABS    (ABS)
