                                      1 ;--------------------------------------------------------
                                      2 ; File Created by SDCC : free open source ISO C Compiler
                                      3 ; Version 4.5.10 #15691 (Linux)
                                      4 ;--------------------------------------------------------
                                      5 	.module strtoull
                                      6 	
                                      7 	.optsdcc -mmos6502
                                      8 
                                      9 ;--------------------------------------------------------
                                     10 ;  Ordering of segments for the linker.
                                     11 ;--------------------------------------------------------
                                     12 	.area ZP      (PAG)
                                     13 	.area OSEG    (PAG, OVR)
                                     14 	.area _CODE
                                     15 	.area GSINIT
                                     16 	.area GSFINAL
                                     17 	.area CODE
                                     18 	.area RODATA
                                     19 	.area XINIT
                                     20 	.area _DATA
                                     21 	.area DATA
                                     22 	.area BSS
                                     23 ;--------------------------------------------------------
                                     24 ; Public variables in this module
                                     25 ;--------------------------------------------------------
                                     26 	.globl _strncmp
                                     27 	.globl _strtoull_PARM_3
                                     28 	.globl _strtoull_PARM_2
                                     29 	.globl _strtoull
                                     30 ;--------------------------------------------------------
                                     31 ; ZP ram data
                                     32 ;--------------------------------------------------------
                                     33 	.area ZP      (PAG)
      000000                         34 _strtoull_sloc0_1_0:
      000000                         35 	.ds 2
      000002                         36 _strtoull_sloc1_1_0:
      000002                         37 	.ds 8
                                     38 ;--------------------------------------------------------
                                     39 ; overlayable items in ram
                                     40 ;--------------------------------------------------------
                                     41 ;--------------------------------------------------------
                                     42 ; uninitialized external ram data
                                     43 ;--------------------------------------------------------
                                     44 	.area BSS
      000000                         45 __isdigit_base_10000_88:
      000000                         46 	.ds 1
      000001                         47 _strtoull_PARM_2:
      000001                         48 	.ds 2
      000003                         49 _strtoull_PARM_3:
      000003                         50 	.ds 2
      000005                         51 _strtoull_nptr_10000_94:
      000005                         52 	.ds 2
      000007                         53 _strtoull_ptr_10000_95:
      000007                         54 	.ds 2
      000009                         55 _strtoull_ret_10000_95:
      000009                         56 	.ds 8
      000011                         57 _strtoull_range_error_10000_95:
      000011                         58 	.ds 1
      000012                         59 _strtoull_neg_10000_95:
      000012                         60 	.ds 1
      000013                         61 _strtoull_b_10000_95:
      000013                         62 	.ds 1
      000014                         63 _strtoull_digit_30000_112:
      000014                         64 	.ds 1
      000015                         65 _strtoull_oldret_30001_114:
      000015                         66 	.ds 8
                                     67 ;--------------------------------------------------------
                                     68 ; absolute external ram data
                                     69 ;--------------------------------------------------------
                                     70 	.area DABS    (ABS)
                                     71 ;--------------------------------------------------------
                                     72 ; initialized external ram data
                                     73 ;--------------------------------------------------------
                                     74 	.area DATA
                                     75 ;--------------------------------------------------------
                                     76 ; global & static initialisations
                                     77 ;--------------------------------------------------------
                                     78 	.area _CODE
                                     79 	.area GSINIT
                                     80 	.area GSFINAL
                                     81 	.area GSINIT
                                     82 ;--------------------------------------------------------
                                     83 ; Home
                                     84 ;--------------------------------------------------------
                                     85 	.area _CODE
                                     86 	.area _CODE
                                     87 ;--------------------------------------------------------
                                     88 ; code
                                     89 ;--------------------------------------------------------
                                     90 	.area CODE
                                     91 ;------------------------------------------------------------
                                     92 ;Allocation info for local variables in function '_isdigit'
                                     93 ;------------------------------------------------------------
                                     94 ;base          Allocated with name '__isdigit_base_10000_88'
                                     95 ;c             Allocated to registers a 
                                     96 ;v             Allocated to registers a 
                                     97 ;------------------------------------------------------------
                                     98 ;	../strtoull.c: 42: static signed char _isdigit(const char c, unsigned char base)
                                     99 ;	genLabel
                                    100 ;	Raw cost for generated ic 0 : (0, 0.000000) count=1.000000
                                    101 ;	-----------------------------------------
                                    102 ;	 function _isdigit
                                    103 ;	-----------------------------------------
                                    104 ;	Register assignment is optimal.
                                    105 ;	Stack space usage: 0 bytes.
      000000                        106 __isdigit:
                                    107 ;	Raw cost for generated ic 1 : (0, 0.000000) count=1.000000
                                    108 ;	genReceive
                                    109 ;	Raw cost for generated ic 2 : (0, 0.000000) count=1.000000
                                    110 ;	genReceive
      000000 8Er00r00         [ 4]  111 	stx	__isdigit_base_10000_88
                                    112 ;	Raw cost for generated ic 3 : (3, 4.000000) count=1.000000
                                    113 ;	../strtoull.c: 46: if (c >= '0' && c <= '9')
                                    114 ;	genCmp
      000003 C9 30            [ 2]  115 	cmp	#0x30
      000005 90 0C            [ 4]  116 	bcc	00110$
                                    117 ;	Raw cost for generated ic 4 : (7, 7.600000) count=1.000000
                                    118 ;	skipping generated iCode
                                    119 ;	Raw cost for generated ic 5 : (0, 0.000000) count=1.000000
                                    120 ;	genCmp
      000007 C9 39            [ 2]  121 	cmp	#0x39
      000009 F0 02            [ 4]  122 	beq	00160$
      00000B B0 06            [ 4]  123 	bcs	00110$
      00000D                        124 00160$:
                                    125 ;	Raw cost for generated ic 8 : (9, 10.200000) count=0.750000
                                    126 ;	skipping generated iCode
                                    127 ;	Raw cost for generated ic 9 : (0, 0.000000) count=0.750000
                                    128 ;	../strtoull.c: 47: v = c - '0';
                                    129 ;	genCast
                                    130 ;	genCopy
                                    131 ;	Raw cost for generated ic 12 : (0, 0.000000) count=0.562500
                                    132 ;	genMinus
                                    133 ;	  genMinusDec - size=1  icount=48
      00000D 38               [ 2]  134 	sec
      00000E E9 30            [ 2]  135 	sbc	#0x30
                                    136 ;	Raw cost for generated ic 13 : (3, 4.000000) count=0.562500
                                    137 ;	genGoto
      000010 4Cr36r00         [ 3]  138 	jmp	00111$
                                    139 ;	Raw cost for generated ic 15 : (3, 3.000000) count=0.562500
                                    140 ;	genLabel
      000013                        141 00110$:
                                    142 ;	Raw cost for generated ic 16 : (0, 0.000000) count=0.437500
                                    143 ;	../strtoull.c: 48: else if (c >= 'a' && c <='z')
                                    144 ;	genCmp
      000013 C9 61            [ 2]  145 	cmp	#0x61
      000015 90 0C            [ 4]  146 	bcc	00106$
                                    147 ;	Raw cost for generated ic 17 : (7, 7.600000) count=0.437500
                                    148 ;	skipping generated iCode
                                    149 ;	Raw cost for generated ic 18 : (0, 0.000000) count=0.437500
                                    150 ;	genCmp
      000017 C9 7A            [ 2]  151 	cmp	#0x7a
      000019 F0 02            [ 4]  152 	beq	00163$
      00001B B0 06            [ 4]  153 	bcs	00106$
      00001D                        154 00163$:
                                    155 ;	Raw cost for generated ic 21 : (9, 10.200000) count=0.328125
                                    156 ;	skipping generated iCode
                                    157 ;	Raw cost for generated ic 22 : (0, 0.000000) count=0.328125
                                    158 ;	../strtoull.c: 49: v = c - 'a' + 10;
                                    159 ;	genCast
                                    160 ;	genCopy
                                    161 ;	Raw cost for generated ic 25 : (0, 0.000000) count=0.246094
                                    162 ;	genPlus
                                    163 ;	  genPlusInc
      00001D 18               [ 2]  164 	clc
      00001E 69 A9            [ 2]  165 	adc	#0xa9
                                    166 ;	Raw cost for generated ic 26 : (3, 4.000000) count=0.246094
                                    167 ;	genGoto
      000020 4Cr36r00         [ 3]  168 	jmp	00111$
                                    169 ;	Raw cost for generated ic 28 : (3, 3.000000) count=0.246094
                                    170 ;	genLabel
      000023                        171 00106$:
                                    172 ;	Raw cost for generated ic 29 : (0, 0.000000) count=0.191406
                                    173 ;	../strtoull.c: 50: else if (c >= 'A' && c <='Z')
                                    174 ;	genCmp
      000023 C9 41            [ 2]  175 	cmp	#0x41
      000025 90 0C            [ 4]  176 	bcc	00102$
                                    177 ;	Raw cost for generated ic 30 : (7, 7.600000) count=0.191406
                                    178 ;	skipping generated iCode
                                    179 ;	Raw cost for generated ic 31 : (0, 0.000000) count=0.191406
                                    180 ;	genCmp
      000027 C9 5A            [ 2]  181 	cmp	#0x5a
      000029 F0 02            [ 4]  182 	beq	00166$
      00002B B0 06            [ 4]  183 	bcs	00102$
      00002D                        184 00166$:
                                    185 ;	Raw cost for generated ic 34 : (9, 10.200000) count=0.143555
                                    186 ;	skipping generated iCode
                                    187 ;	Raw cost for generated ic 35 : (0, 0.000000) count=0.143555
                                    188 ;	../strtoull.c: 51: v = c - 'A' + 10;
                                    189 ;	genCast
                                    190 ;	genCopy
                                    191 ;	Raw cost for generated ic 38 : (0, 0.000000) count=0.107666
                                    192 ;	genPlus
                                    193 ;	  genPlusInc
      00002D 18               [ 2]  194 	clc
      00002E 69 C9            [ 2]  195 	adc	#0xc9
                                    196 ;	Raw cost for generated ic 39 : (3, 4.000000) count=0.107666
                                    197 ;	genGoto
      000030 4Cr36r00         [ 3]  198 	jmp	00111$
                                    199 ;	Raw cost for generated ic 41 : (3, 3.000000) count=0.107666
                                    200 ;	genLabel
      000033                        201 00102$:
                                    202 ;	Raw cost for generated ic 42 : (0, 0.000000) count=0.083740
                                    203 ;	../strtoull.c: 53: return (-1);
                                    204 ;	genRet
      000033 A9 FF            [ 2]  205 	lda	#0xff
      000035 60               [ 6]  206 	rts
                                    207 ;	Raw cost for generated ic 43 : (5, 5.000000) count=0.083740
                                    208 ;	genLabel
      000036                        209 00111$:
                                    210 ;	Raw cost for generated ic 46 : (0, 0.000000) count=1.000000
                                    211 ;	../strtoull.c: 55: if (v >= base)
                                    212 ;	genCmp
      000036 CDr00r00         [ 4]  213 	cmp	__isdigit_base_10000_88
      000039 90 02            [ 4]  214 	bcc	00114$
                                    215 ;	Raw cost for generated ic 47 : (8, 9.600000) count=1.000000
                                    216 ;	skipping generated iCode
                                    217 ;	Raw cost for generated ic 48 : (0, 0.000000) count=1.000000
                                    218 ;	../strtoull.c: 56: return (-1);
                                    219 ;	genRet
      00003B A9 FF            [ 2]  220 	lda	#0xff
                                    221 ;	Raw cost for generated ic 51 : (5, 5.000000) count=0.750000
                                    222 ;	genLabel
                                    223 ;	Raw cost for generated ic 52 : (0, 0.000000) count=1.000000
                                    224 ;	../strtoull.c: 58: return (v);
                                    225 ;	genRet
                                    226 ;	Raw cost for generated ic 53 : (0, 0.000000) count=1.000000
                                    227 ;	genLabel
                                    228 ;	Raw cost for generated ic 54 : (0, 0.000000) count=1.000000
                                    229 ;	../strtoull.c: 59: }
                                    230 ;	genEndFunction
      00003D                        231 00114$:
      00003D 60               [ 6]  232 	rts
                                    233 ;	Raw cost for generated ic 55 : (1, 6.000000) count=1.000000
                                    234 ;------------------------------------------------------------
                                    235 ;Allocation info for local variables in function 'strtoull'
                                    236 ;------------------------------------------------------------
                                    237 ;sloc0         Allocated with name '_strtoull_sloc0_1_0'
                                    238 ;sloc1         Allocated with name '_strtoull_sloc1_1_0'
                                    239 ;endptr        Allocated with name '_strtoull_PARM_2'
                                    240 ;base          Allocated with name '_strtoull_PARM_3'
                                    241 ;nptr          Allocated with name '_strtoull_nptr_10000_94'
                                    242 ;__200000004   Allocated to registers 
                                    243 ;ptr           Allocated with name '_strtoull_ptr_10000_95'
                                    244 ;ret           Allocated with name '_strtoull_ret_10000_95'
                                    245 ;range_error   Allocated with name '_strtoull_range_error_10000_95'
                                    246 ;neg           Allocated with name '_strtoull_neg_10000_95'
                                    247 ;b             Allocated with name '_strtoull_b_10000_95'
                                    248 ;__200000005   Allocated to registers 
                                    249 ;c             Allocated to registers 
                                    250 ;digit         Allocated with name '_strtoull_digit_30000_112'
                                    251 ;oldret        Allocated with name '_strtoull_oldret_30001_114'
                                    252 ;------------------------------------------------------------
                                    253 ;	../strtoull.c: 63: unsigned long long int strtoull(const char *nptr, char **endptr, int base)
                                    254 ;	genLabel
                                    255 ;	Raw cost for generated ic 0 : (0, 0.000000) count=1.000000
                                    256 ;	-----------------------------------------
                                    257 ;	 function strtoull
                                    258 ;	-----------------------------------------
                                    259 ;	Register assignment might be sub-optimal.
                                    260 ;	Stack space usage: 0 bytes.
      00003E                        261 _strtoull:
                                    262 ;	Raw cost for generated ic 1 : (0, 0.000000) count=1.000000
                                    263 ;	genReceive
      00003E 8Dr05r00         [ 4]  264 	sta	_strtoull_nptr_10000_94
      000041 8Er06r00         [ 4]  265 	stx	(_strtoull_nptr_10000_94 + 1)
                                    266 ;	Raw cost for generated ic 2 : (6, 8.000000) count=1.000000
                                    267 ;	../strtoull.c: 67: bool range_error = false;
                                    268 ;	genAssign
                                    269 ;	genAssignLit
      000044 A0 00            [ 2]  270 	ldy	#0x00
      000046 8Cr11r00         [ 4]  271 	sty	_strtoull_range_error_10000_95
                                    272 ;	Raw cost for generated ic 4 : (5, 6.000000) count=1.000000
                                    273 ;	../strtoull.c: 68: bool neg = false;
                                    274 ;	genAssign
                                    275 ;	genAssignLit
      000049 8Cr12r00         [ 4]  276 	sty	_strtoull_neg_10000_95
                                    277 ;	Raw cost for generated ic 5 : (3, 4.000000) count=1.000000
                                    278 ;	../strtoull.c: 69: unsigned char b = base;
                                    279 ;	genCast
                                    280 ;	genCopy
      00004C ADr03r00         [ 4]  281 	lda	_strtoull_PARM_3
      00004F 8Dr13r00         [ 4]  282 	sta	_strtoull_b_10000_95
                                    283 ;	Raw cost for generated ic 6 : (6, 8.000000) count=1.000000
                                    284 ;	../strtoull.c: 71: while (isblank (*ptr))
                                    285 ;	genAssign
                                    286 ;	genCopy
      000052 8A               [ 2]  287 	txa
      000053 85*01            [ 3]  288 	sta	*(_strtoull_sloc0_1_0 + 1)
      000055 ADr05r00         [ 4]  289 	lda	_strtoull_nptr_10000_94
      000058 85*00            [ 3]  290 	sta	*_strtoull_sloc0_1_0
                                    291 ;	Raw cost for generated ic 249 : (8, 12.000000) count=1.000000
                                    292 ;	genLabel
      00005A                        293 00101$:
                                    294 ;	Raw cost for generated ic 8 : (0, 0.000000) count=5.333324
                                    295 ;	genPointerGet
      00005A A0 00            [ 2]  296 	ldy	#0x00
      00005C B1*00            [ 6]  297 	lda	[*_strtoull_sloc0_1_0],y
                                    298 ;	Raw cost for generated ic 10 : (4, 7.000000) count=5.333324
                                    299 ;	./../../include/ctype.h: 53: return ((unsigned char)c == ' ' || (unsigned char)c == '\t');
                                    300 ;	genCast
                                    301 ;	genCopy
                                    302 ;	Raw cost for generated ic 14 : (0, 0.000000) count=5.333324
                                    303 ;	genCmpEQorNE
      00005E C9 20            [ 2]  304 	cmp	#0x20
      000060 F0 04            [ 4]  305 	beq	00149$
                                    306 ;	Raw cost for generated ic 15 : (7, 7.600000) count=5.333324
                                    307 ;	skipping generated iCode
                                    308 ;	Raw cost for generated ic 16 : (0, 0.000000) count=5.333324
                                    309 ;	genCmpEQorNE
      000062 C9 09            [ 2]  310 	cmp	#0x09
      000064 D0 09            [ 4]  311 	bne	00175$
                                    312 ;	Raw cost for generated ic 18 : (7, 7.600000) count=3.999992
                                    313 ;	skipping generated iCode
                                    314 ;	Raw cost for generated ic 19 : (0, 0.000000) count=3.999992
                                    315 ;	genLabel
      000066                        316 00149$:
                                    317 ;	Raw cost for generated ic 23 : (0, 0.000000) count=4.333324
                                    318 ;	../strtoull.c: 72: ptr++;
                                    319 ;	genPlus
                                    320 ;	  genPlusInc
      000066 E6*00            [ 5]  321 	inc	*_strtoull_sloc0_1_0
      000068 D0 F0            [ 4]  322 	bne	00101$
      00006A E6*01            [ 5]  323 	inc	*(_strtoull_sloc0_1_0 + 1)
                                    324 ;	Raw cost for generated ic 34 : (6, 12.600000) count=4.333324
                                    325 ;	genGoto
      00006C 4Cr5Ar00         [ 3]  326 	jmp	00101$
                                    327 ;	Raw cost for generated ic 36 : (3, 3.000000) count=4.333324
                                    328 ;	genLabel
      00006F                        329 00175$:
                                    330 ;	Raw cost for generated ic 250 : (0, 0.000000) count=0.999997
                                    331 ;	genAssign
                                    332 ;	genCopy
      00006F A5*01            [ 3]  333 	lda	*(_strtoull_sloc0_1_0 + 1)
      000071 8Dr08r00         [ 4]  334 	sta	(_strtoull_ptr_10000_95 + 1)
      000074 A5*00            [ 3]  335 	lda	*_strtoull_sloc0_1_0
      000076 8Dr07r00         [ 4]  336 	sta	_strtoull_ptr_10000_95
                                    337 ;	Raw cost for generated ic 251 : (10, 14.000000) count=0.999997
                                    338 ;	../strtoull.c: 75: switch(*ptr)
                                    339 ;	genPointerGet
      000079 A0 00            [ 2]  340 	ldy	#0x00
      00007B B1*00            [ 6]  341 	lda	[*_strtoull_sloc0_1_0],y
                                    342 ;	Raw cost for generated ic 39 : (4, 7.000000) count=0.999997
                                    343 ;	genCmpEQorNE
      00007D C9 2B            [ 2]  344 	cmp	#0x2b
      00007F F0 09            [ 4]  345 	beq	00105$
                                    346 ;	Raw cost for generated ic 40 : (7, 7.600000) count=0.999997
                                    347 ;	skipping generated iCode
                                    348 ;	Raw cost for generated ic 41 : (0, 0.000000) count=0.999997
                                    349 ;	genCmpEQorNE
      000081 C9 2D            [ 2]  350 	cmp	#0x2d
      000083 D0 0D            [ 4]  351 	bne	00106$
                                    352 ;	Raw cost for generated ic 42 : (7, 7.600000) count=0.749996
                                    353 ;	skipping generated iCode
                                    354 ;	Raw cost for generated ic 43 : (0, 0.000000) count=0.749996
                                    355 ;	../strtoull.c: 78: neg = true;
                                    356 ;	genAssign
                                    357 ;	genAssignLit
      000085 A2 01            [ 2]  358 	ldx	#0x01
      000087 8Er12r00         [ 4]  359 	stx	_strtoull_neg_10000_95
                                    360 ;	Raw cost for generated ic 46 : (5, 6.000000) count=0.562496
                                    361 ;	../strtoull.c: 79: case '+':
                                    362 ;	genLabel
      00008A                        363 00105$:
                                    364 ;	Raw cost for generated ic 47 : (0, 0.000000) count=0.812494
                                    365 ;	../strtoull.c: 80: ptr++;
                                    366 ;	genPlus
                                    367 ;	  genPlusInc
      00008A EEr07r00         [ 6]  368 	inc	_strtoull_ptr_10000_95
      00008D D0 03            [ 4]  369 	bne	00283$
      00008F EEr08r00         [ 6]  370 	inc	(_strtoull_ptr_10000_95 + 1)
      000092                        371 00283$:
                                    372 ;	Raw cost for generated ic 49 : (8, 14.600000) count=0.812494
                                    373 ;	../strtoull.c: 81: }
                                    374 ;	genLabel
      000092                        375 00106$:
                                    376 ;	Raw cost for generated ic 51 : (0, 0.000000) count=0.999993
                                    377 ;	../strtoull.c: 84: if (!b)
                                    378 ;	genIfx
      000092 ADr13r00         [ 4]  379 	lda	_strtoull_b_10000_95
                                    380 ;	genIfxJump : z
      000095 F0 03            [ 4]  381 	beq	00285$
      000097 4Cr84r01         [ 3]  382 	jmp	00128$
      00009A                        383 00285$:
                                    384 ;	Raw cost for generated ic 52 : (8, 9.600000) count=0.999993
                                    385 ;	../strtoull.c: 86: if (!strncmp (ptr, "0x", 2) || !strncmp (ptr, "0X", 2))
                                    386 ;	skipping iCode since result will be rematerialized
                                    387 ;	Raw cost for generated ic 55 : (0, 0.000000) count=0.749995
                                    388 ;	genCast
                                    389 ;	genCopy
      00009A A9s00            [ 2]  390 	lda	#>___str_0
      00009C 8Dr01r00         [ 4]  391 	sta	(_strncmp_PARM_2 + 1)
      00009F A9r00            [ 2]  392 	lda	#___str_0
      0000A1 8Dr00r00         [ 4]  393 	sta	_strncmp_PARM_2
                                    394 ;	Raw cost for generated ic 56 : (10, 12.000000) count=0.749995
                                    395 ;	genAssign
                                    396 ;	genAssignLit
      0000A4 A2 02            [ 2]  397 	ldx	#0x02
      0000A6 8Er00r00         [ 4]  398 	stx	_strncmp_PARM_3
      0000A9 A0 00            [ 2]  399 	ldy	#0x00
      0000AB 8Cr01r00         [ 4]  400 	sty	(_strncmp_PARM_3 + 1)
                                    401 ;	Raw cost for generated ic 59 : (10, 12.000000) count=0.749995
                                    402 ;	Raw cost for generated ic 57 : (0, 0.000000) count=0.749995
                                    403 ;	genCall
                                    404 ;	genSend
      0000AE AEr08r00         [ 4]  405 	ldx	(_strtoull_ptr_10000_95 + 1)
      0000B1 ADr07r00         [ 4]  406 	lda	_strtoull_ptr_10000_95
      0000B4 20r00r00         [ 6]  407 	jsr	_strncmp
                                    408 ;	assignResultValue
                                    409 ;	Raw cost for generated ic 60 : (9, 14.000000) count=0.749995
                                    410 ;	genIfx
      0000B7 C9 00            [ 2]  411 	cmp	#0x00
                                    412 ;	genIfxJump : z
      0000B9 D0 04            [ 4]  413 	bne	00287$
      0000BB E0 00            [ 2]  414 	cpx	#0x00
      0000BD F0 25            [ 4]  415 	beq	00114$
      0000BF                        416 00287$:
                                    417 ;	Raw cost for generated ic 61 : (11, 12.200000) count=0.749995
                                    418 ;	skipping iCode since result will be rematerialized
                                    419 ;	Raw cost for generated ic 64 : (0, 0.000000) count=0.562496
                                    420 ;	genCast
                                    421 ;	genCopy
      0000BF A9s00            [ 2]  422 	lda	#>___str_1
      0000C1 8Dr01r00         [ 4]  423 	sta	(_strncmp_PARM_2 + 1)
      0000C4 A9r03            [ 2]  424 	lda	#___str_1
      0000C6 8Dr00r00         [ 4]  425 	sta	_strncmp_PARM_2
                                    426 ;	Raw cost for generated ic 65 : (10, 12.000000) count=0.562496
                                    427 ;	genAssign
                                    428 ;	genAssignLit
      0000C9 A2 02            [ 2]  429 	ldx	#0x02
      0000CB 8Er00r00         [ 4]  430 	stx	_strncmp_PARM_3
      0000CE A0 00            [ 2]  431 	ldy	#0x00
      0000D0 8Cr01r00         [ 4]  432 	sty	(_strncmp_PARM_3 + 1)
                                    433 ;	Raw cost for generated ic 68 : (10, 12.000000) count=0.562496
                                    434 ;	Raw cost for generated ic 66 : (0, 0.000000) count=0.562496
                                    435 ;	genCall
                                    436 ;	genSend
      0000D3 AEr08r00         [ 4]  437 	ldx	(_strtoull_ptr_10000_95 + 1)
      0000D6 ADr07r00         [ 4]  438 	lda	_strtoull_ptr_10000_95
      0000D9 20r00r00         [ 6]  439 	jsr	_strncmp
                                    440 ;	assignResultValue
                                    441 ;	Raw cost for generated ic 69 : (9, 14.000000) count=0.562496
                                    442 ;	genIfx
      0000DC C9 00            [ 2]  443 	cmp	#0x00
                                    444 ;	genIfxJump : z
      0000DE D0 1A            [ 4]  445 	bne	00115$
      0000E0 E0 00            [ 2]  446 	cpx	#0x00
      0000E2 D0 16            [ 4]  447 	bne	00115$
                                    448 ;	Raw cost for generated ic 70 : (11, 12.200000) count=0.562496
                                    449 ;	genLabel
      0000E4                        450 00114$:
                                    451 ;	Raw cost for generated ic 72 : (0, 0.000000) count=0.609371
                                    452 ;	../strtoull.c: 88: b = 16;
                                    453 ;	genAssign
                                    454 ;	genAssignLit
      0000E4 A2 10            [ 2]  455 	ldx	#0x10
      0000E6 8Er13r00         [ 4]  456 	stx	_strtoull_b_10000_95
                                    457 ;	Raw cost for generated ic 73 : (5, 6.000000) count=0.609371
                                    458 ;	../strtoull.c: 89: ptr += 2;
                                    459 ;	genPlus
                                    460 ;	  genPlusInc
      0000E9 ADr07r00         [ 4]  461 	lda	_strtoull_ptr_10000_95
      0000EC 18               [ 2]  462 	clc
      0000ED 69 02            [ 2]  463 	adc	#0x02
      0000EF 8Dr07r00         [ 4]  464 	sta	_strtoull_ptr_10000_95
      0000F2 90 03            [ 4]  465 	bcc	00290$
      0000F4 EEr08r00         [ 6]  466 	inc	(_strtoull_ptr_10000_95 + 1)
      0000F7                        467 00290$:
                                    468 ;	Raw cost for generated ic 74 : (14, 20.600000) count=0.609371
                                    469 ;	genGoto
      0000F7 4Cr45r02         [ 3]  470 	jmp	00129$
                                    471 ;	Raw cost for generated ic 76 : (3, 3.000000) count=0.609371
                                    472 ;	genLabel
      0000FA                        473 00115$:
                                    474 ;	Raw cost for generated ic 77 : (0, 0.000000) count=0.140623
                                    475 ;	../strtoull.c: 91: else if (!strncmp (ptr, "0b", 2) || !strncmp (ptr, "0B", 2))
                                    476 ;	skipping iCode since result will be rematerialized
                                    477 ;	Raw cost for generated ic 78 : (0, 0.000000) count=0.140623
                                    478 ;	genCast
                                    479 ;	genCopy
      0000FA A9s00            [ 2]  480 	lda	#>___str_2
      0000FC 8Dr01r00         [ 4]  481 	sta	(_strncmp_PARM_2 + 1)
      0000FF A9r06            [ 2]  482 	lda	#___str_2
      000101 8Dr00r00         [ 4]  483 	sta	_strncmp_PARM_2
                                    484 ;	Raw cost for generated ic 79 : (10, 12.000000) count=0.140623
                                    485 ;	genAssign
                                    486 ;	genAssignLit
      000104 A2 02            [ 2]  487 	ldx	#0x02
      000106 8Er00r00         [ 4]  488 	stx	_strncmp_PARM_3
      000109 A0 00            [ 2]  489 	ldy	#0x00
      00010B 8Cr01r00         [ 4]  490 	sty	(_strncmp_PARM_3 + 1)
                                    491 ;	Raw cost for generated ic 82 : (10, 12.000000) count=0.140623
                                    492 ;	Raw cost for generated ic 80 : (0, 0.000000) count=0.140623
                                    493 ;	genCall
                                    494 ;	genSend
      00010E AEr08r00         [ 4]  495 	ldx	(_strtoull_ptr_10000_95 + 1)
      000111 ADr07r00         [ 4]  496 	lda	_strtoull_ptr_10000_95
      000114 20r00r00         [ 6]  497 	jsr	_strncmp
                                    498 ;	assignResultValue
                                    499 ;	Raw cost for generated ic 83 : (9, 14.000000) count=0.140623
                                    500 ;	genIfx
      000117 C9 00            [ 2]  501 	cmp	#0x00
                                    502 ;	genIfxJump : z
      000119 D0 04            [ 4]  503 	bne	00292$
      00011B E0 00            [ 2]  504 	cpx	#0x00
      00011D F0 25            [ 4]  505 	beq	00110$
      00011F                        506 00292$:
                                    507 ;	Raw cost for generated ic 84 : (11, 12.200000) count=0.140623
                                    508 ;	skipping iCode since result will be rematerialized
                                    509 ;	Raw cost for generated ic 87 : (0, 0.000000) count=0.105467
                                    510 ;	genCast
                                    511 ;	genCopy
      00011F A9s00            [ 2]  512 	lda	#>___str_3
      000121 8Dr01r00         [ 4]  513 	sta	(_strncmp_PARM_2 + 1)
      000124 A9r09            [ 2]  514 	lda	#___str_3
      000126 8Dr00r00         [ 4]  515 	sta	_strncmp_PARM_2
                                    516 ;	Raw cost for generated ic 88 : (10, 12.000000) count=0.105467
                                    517 ;	genAssign
                                    518 ;	genAssignLit
      000129 A2 02            [ 2]  519 	ldx	#0x02
      00012B 8Er00r00         [ 4]  520 	stx	_strncmp_PARM_3
      00012E A0 00            [ 2]  521 	ldy	#0x00
      000130 8Cr01r00         [ 4]  522 	sty	(_strncmp_PARM_3 + 1)
                                    523 ;	Raw cost for generated ic 91 : (10, 12.000000) count=0.105467
                                    524 ;	Raw cost for generated ic 89 : (0, 0.000000) count=0.105467
                                    525 ;	genCall
                                    526 ;	genSend
      000133 AEr08r00         [ 4]  527 	ldx	(_strtoull_ptr_10000_95 + 1)
      000136 ADr07r00         [ 4]  528 	lda	_strtoull_ptr_10000_95
      000139 20r00r00         [ 6]  529 	jsr	_strncmp
                                    530 ;	assignResultValue
                                    531 ;	Raw cost for generated ic 92 : (9, 14.000000) count=0.105467
                                    532 ;	genIfx
      00013C C9 00            [ 2]  533 	cmp	#0x00
                                    534 ;	genIfxJump : z
      00013E D0 1A            [ 4]  535 	bne	00111$
      000140 E0 00            [ 2]  536 	cpx	#0x00
      000142 D0 16            [ 4]  537 	bne	00111$
                                    538 ;	Raw cost for generated ic 93 : (11, 12.200000) count=0.105467
                                    539 ;	genLabel
      000144                        540 00110$:
                                    541 ;	Raw cost for generated ic 95 : (0, 0.000000) count=0.114256
                                    542 ;	../strtoull.c: 93: b = 2;
                                    543 ;	genAssign
                                    544 ;	genAssignLit
      000144 A2 02            [ 2]  545 	ldx	#0x02
      000146 8Er13r00         [ 4]  546 	stx	_strtoull_b_10000_95
                                    547 ;	Raw cost for generated ic 96 : (5, 6.000000) count=0.114256
                                    548 ;	../strtoull.c: 94: ptr += 2;
                                    549 ;	genPlus
                                    550 ;	  genPlusInc
      000149 ADr07r00         [ 4]  551 	lda	_strtoull_ptr_10000_95
      00014C 18               [ 2]  552 	clc
      00014D 69 02            [ 2]  553 	adc	#0x02
      00014F 8Dr07r00         [ 4]  554 	sta	_strtoull_ptr_10000_95
      000152 90 03            [ 4]  555 	bcc	00295$
      000154 EEr08r00         [ 6]  556 	inc	(_strtoull_ptr_10000_95 + 1)
      000157                        557 00295$:
                                    558 ;	Raw cost for generated ic 97 : (14, 20.600000) count=0.114256
                                    559 ;	genGoto
      000157 4Cr45r02         [ 3]  560 	jmp	00129$
                                    561 ;	Raw cost for generated ic 99 : (3, 3.000000) count=0.114256
                                    562 ;	genLabel
      00015A                        563 00111$:
                                    564 ;	Raw cost for generated ic 100 : (0, 0.000000) count=0.020970
                                    565 ;	../strtoull.c: 96: else if (*ptr == '0')
                                    566 ;	genPointerGet
                                    567 ;	  setupDPTR - off=0 remat=(null) savea=0
      00015A AEr07r00         [ 4]  568 	ldx	_strtoull_ptr_10000_95
      00015D 86*00            [ 3]  569 	stx	*(DPTR+0)
      00015F AEr08r00         [ 4]  570 	ldx	(_strtoull_ptr_10000_95 + 1)
      000162 86*01            [ 3]  571 	stx	*(DPTR+1)
      000164 A0 00            [ 2]  572 	ldy	#0x00
      000166 B1*00            [ 6]  573 	lda	[DPTR],y
                                    574 ;	Raw cost for generated ic 102 : (14, 21.000000) count=0.020970
                                    575 ;	genCmpEQorNE
      000168 C9 30            [ 2]  576 	cmp	#0x30
      00016A D0 10            [ 4]  577 	bne	00108$
                                    578 ;	Raw cost for generated ic 103 : (7, 7.600000) count=0.020970
                                    579 ;	skipping generated iCode
                                    580 ;	Raw cost for generated ic 104 : (0, 0.000000) count=0.020970
                                    581 ;	../strtoull.c: 98: b = 8;
                                    582 ;	genAssign
                                    583 ;	genAssignLit
      00016C A2 08            [ 2]  584 	ldx	#0x08
      00016E 8Er13r00         [ 4]  585 	stx	_strtoull_b_10000_95
                                    586 ;	Raw cost for generated ic 107 : (5, 6.000000) count=0.015727
                                    587 ;	../strtoull.c: 99: ptr++;
                                    588 ;	genPlus
                                    589 ;	  genPlusInc
      000171 EEr07r00         [ 6]  590 	inc	_strtoull_ptr_10000_95
      000174 D0 03            [ 4]  591 	bne	00297$
      000176 EEr08r00         [ 6]  592 	inc	(_strtoull_ptr_10000_95 + 1)
      000179                        593 00297$:
                                    594 ;	Raw cost for generated ic 109 : (8, 14.600000) count=0.015727
                                    595 ;	genGoto
      000179 4Cr45r02         [ 3]  596 	jmp	00129$
                                    597 ;	Raw cost for generated ic 111 : (3, 3.000000) count=0.015727
                                    598 ;	genLabel
      00017C                        599 00108$:
                                    600 ;	Raw cost for generated ic 112 : (0, 0.000000) count=0.000000
                                    601 ;	../strtoull.c: 102: b = 10;
                                    602 ;	genAssign
                                    603 ;	genAssignLit
      00017C A2 0A            [ 2]  604 	ldx	#0x0a
      00017E 8Er13r00         [ 4]  605 	stx	_strtoull_b_10000_95
                                    606 ;	Raw cost for generated ic 113 : (5, 6.000000) count=0.000000
                                    607 ;	genGoto
      000181 4Cr45r02         [ 3]  608 	jmp	00129$
                                    609 ;	Raw cost for generated ic 117 : (3, 3.000000) count=0.000000
                                    610 ;	genLabel
      000184                        611 00128$:
                                    612 ;	Raw cost for generated ic 118 : (0, 0.000000) count=0.249997
                                    613 ;	../strtoull.c: 105: else if (b == 16 && (!strncmp (ptr, "0x", 2) || !strncmp (ptr, "0X", 2)))
                                    614 ;	genCmpEQorNE
      000184 ADr13r00         [ 4]  615 	lda	_strtoull_b_10000_95
      000187 C9 10            [ 2]  616 	cmp	#0x10
      000189 D0 5B            [ 4]  617 	bne	00123$
                                    618 ;	Raw cost for generated ic 119 : (10, 11.600000) count=0.249997
                                    619 ;	skipping generated iCode
                                    620 ;	Raw cost for generated ic 120 : (0, 0.000000) count=0.249997
                                    621 ;	skipping iCode since result will be rematerialized
                                    622 ;	Raw cost for generated ic 123 : (0, 0.000000) count=0.187496
                                    623 ;	genCast
                                    624 ;	genCopy
      00018B A9s00            [ 2]  625 	lda	#>___str_0
      00018D 8Dr01r00         [ 4]  626 	sta	(_strncmp_PARM_2 + 1)
      000190 A9r00            [ 2]  627 	lda	#___str_0
      000192 8Dr00r00         [ 4]  628 	sta	_strncmp_PARM_2
                                    629 ;	Raw cost for generated ic 124 : (10, 12.000000) count=0.187496
                                    630 ;	genAssign
                                    631 ;	genAssignLit
      000195 A2 02            [ 2]  632 	ldx	#0x02
      000197 8Er00r00         [ 4]  633 	stx	_strncmp_PARM_3
      00019A A0 00            [ 2]  634 	ldy	#0x00
      00019C 8Cr01r00         [ 4]  635 	sty	(_strncmp_PARM_3 + 1)
                                    636 ;	Raw cost for generated ic 127 : (10, 12.000000) count=0.187496
                                    637 ;	Raw cost for generated ic 125 : (0, 0.000000) count=0.187496
                                    638 ;	genCall
                                    639 ;	genSend
      00019F AEr08r00         [ 4]  640 	ldx	(_strtoull_ptr_10000_95 + 1)
      0001A2 ADr07r00         [ 4]  641 	lda	_strtoull_ptr_10000_95
      0001A5 20r00r00         [ 6]  642 	jsr	_strncmp
                                    643 ;	assignResultValue
                                    644 ;	Raw cost for generated ic 128 : (9, 14.000000) count=0.187496
                                    645 ;	genIfx
      0001A8 C9 00            [ 2]  646 	cmp	#0x00
                                    647 ;	genIfxJump : z
      0001AA D0 04            [ 4]  648 	bne	00300$
      0001AC E0 00            [ 2]  649 	cpx	#0x00
      0001AE F0 25            [ 4]  650 	beq	00122$
      0001B0                        651 00300$:
                                    652 ;	Raw cost for generated ic 129 : (11, 12.200000) count=0.187496
                                    653 ;	skipping iCode since result will be rematerialized
                                    654 ;	Raw cost for generated ic 132 : (0, 0.000000) count=0.140622
                                    655 ;	genCast
                                    656 ;	genCopy
      0001B0 A9s00            [ 2]  657 	lda	#>___str_1
      0001B2 8Dr01r00         [ 4]  658 	sta	(_strncmp_PARM_2 + 1)
      0001B5 A9r03            [ 2]  659 	lda	#___str_1
      0001B7 8Dr00r00         [ 4]  660 	sta	_strncmp_PARM_2
                                    661 ;	Raw cost for generated ic 133 : (10, 12.000000) count=0.140622
                                    662 ;	genAssign
                                    663 ;	genAssignLit
      0001BA A2 02            [ 2]  664 	ldx	#0x02
      0001BC 8Er00r00         [ 4]  665 	stx	_strncmp_PARM_3
      0001BF A0 00            [ 2]  666 	ldy	#0x00
      0001C1 8Cr01r00         [ 4]  667 	sty	(_strncmp_PARM_3 + 1)
                                    668 ;	Raw cost for generated ic 136 : (10, 12.000000) count=0.140622
                                    669 ;	Raw cost for generated ic 134 : (0, 0.000000) count=0.140622
                                    670 ;	genCall
                                    671 ;	genSend
      0001C4 AEr08r00         [ 4]  672 	ldx	(_strtoull_ptr_10000_95 + 1)
      0001C7 ADr07r00         [ 4]  673 	lda	_strtoull_ptr_10000_95
      0001CA 20r00r00         [ 6]  674 	jsr	_strncmp
                                    675 ;	assignResultValue
                                    676 ;	Raw cost for generated ic 137 : (9, 14.000000) count=0.140622
                                    677 ;	genIfx
      0001CD C9 00            [ 2]  678 	cmp	#0x00
                                    679 ;	genIfxJump : z
      0001CF D0 15            [ 4]  680 	bne	00123$
      0001D1 E0 00            [ 2]  681 	cpx	#0x00
      0001D3 D0 11            [ 4]  682 	bne	00123$
                                    683 ;	Raw cost for generated ic 138 : (11, 12.200000) count=0.140622
                                    684 ;	genLabel
      0001D5                        685 00122$:
                                    686 ;	Raw cost for generated ic 140 : (0, 0.000000) count=0.152341
                                    687 ;	../strtoull.c: 106: ptr += 2;
                                    688 ;	genPlus
                                    689 ;	  genPlusInc
      0001D5 ADr07r00         [ 4]  690 	lda	_strtoull_ptr_10000_95
      0001D8 18               [ 2]  691 	clc
      0001D9 69 02            [ 2]  692 	adc	#0x02
      0001DB 8Dr07r00         [ 4]  693 	sta	_strtoull_ptr_10000_95
      0001DE 90 65            [ 4]  694 	bcc	00129$
      0001E0 EEr08r00         [ 6]  695 	inc	(_strtoull_ptr_10000_95 + 1)
                                    696 ;	Raw cost for generated ic 141 : (14, 20.600000) count=0.152341
                                    697 ;	genGoto
      0001E3 4Cr45r02         [ 3]  698 	jmp	00129$
                                    699 ;	Raw cost for generated ic 143 : (3, 3.000000) count=0.152341
                                    700 ;	genLabel
      0001E6                        701 00123$:
                                    702 ;	Raw cost for generated ic 144 : (0, 0.000000) count=0.097654
                                    703 ;	../strtoull.c: 107: else if (b == 2 && (!strncmp (ptr, "0b", 2) || !strncmp (ptr, "0B", 2)))
                                    704 ;	genCmpEQorNE
      0001E6 ADr13r00         [ 4]  705 	lda	_strtoull_b_10000_95
      0001E9 C9 02            [ 2]  706 	cmp	#0x02
      0001EB D0 58            [ 4]  707 	bne	00129$
                                    708 ;	Raw cost for generated ic 145 : (10, 11.600000) count=0.097654
                                    709 ;	skipping generated iCode
                                    710 ;	Raw cost for generated ic 146 : (0, 0.000000) count=0.097654
                                    711 ;	skipping iCode since result will be rematerialized
                                    712 ;	Raw cost for generated ic 149 : (0, 0.000000) count=0.073241
                                    713 ;	genCast
                                    714 ;	genCopy
      0001ED A9s00            [ 2]  715 	lda	#>___str_2
      0001EF 8Dr01r00         [ 4]  716 	sta	(_strncmp_PARM_2 + 1)
      0001F2 A9r06            [ 2]  717 	lda	#___str_2
      0001F4 8Dr00r00         [ 4]  718 	sta	_strncmp_PARM_2
                                    719 ;	Raw cost for generated ic 150 : (10, 12.000000) count=0.073241
                                    720 ;	genAssign
                                    721 ;	genAssignLit
      0001F7 A2 02            [ 2]  722 	ldx	#0x02
      0001F9 8Er00r00         [ 4]  723 	stx	_strncmp_PARM_3
      0001FC A0 00            [ 2]  724 	ldy	#0x00
      0001FE 8Cr01r00         [ 4]  725 	sty	(_strncmp_PARM_3 + 1)
                                    726 ;	Raw cost for generated ic 153 : (10, 12.000000) count=0.073241
                                    727 ;	Raw cost for generated ic 151 : (0, 0.000000) count=0.073241
                                    728 ;	genCall
                                    729 ;	genSend
      000201 AEr08r00         [ 4]  730 	ldx	(_strtoull_ptr_10000_95 + 1)
      000204 ADr07r00         [ 4]  731 	lda	_strtoull_ptr_10000_95
      000207 20r00r00         [ 6]  732 	jsr	_strncmp
                                    733 ;	assignResultValue
                                    734 ;	Raw cost for generated ic 154 : (9, 14.000000) count=0.073241
                                    735 ;	genIfx
      00020A C9 00            [ 2]  736 	cmp	#0x00
                                    737 ;	genIfxJump : z
      00020C D0 04            [ 4]  738 	bne	00306$
      00020E E0 00            [ 2]  739 	cpx	#0x00
      000210 F0 25            [ 4]  740 	beq	00118$
      000212                        741 00306$:
                                    742 ;	Raw cost for generated ic 155 : (11, 12.200000) count=0.073241
                                    743 ;	skipping iCode since result will be rematerialized
                                    744 ;	Raw cost for generated ic 158 : (0, 0.000000) count=0.054931
                                    745 ;	genCast
                                    746 ;	genCopy
      000212 A9s00            [ 2]  747 	lda	#>___str_3
      000214 8Dr01r00         [ 4]  748 	sta	(_strncmp_PARM_2 + 1)
      000217 A9r09            [ 2]  749 	lda	#___str_3
      000219 8Dr00r00         [ 4]  750 	sta	_strncmp_PARM_2
                                    751 ;	Raw cost for generated ic 159 : (10, 12.000000) count=0.054931
                                    752 ;	genAssign
                                    753 ;	genAssignLit
      00021C A2 02            [ 2]  754 	ldx	#0x02
      00021E 8Er00r00         [ 4]  755 	stx	_strncmp_PARM_3
      000221 A0 00            [ 2]  756 	ldy	#0x00
      000223 8Cr01r00         [ 4]  757 	sty	(_strncmp_PARM_3 + 1)
                                    758 ;	Raw cost for generated ic 162 : (10, 12.000000) count=0.054931
                                    759 ;	Raw cost for generated ic 160 : (0, 0.000000) count=0.054931
                                    760 ;	genCall
                                    761 ;	genSend
      000226 AEr08r00         [ 4]  762 	ldx	(_strtoull_ptr_10000_95 + 1)
      000229 ADr07r00         [ 4]  763 	lda	_strtoull_ptr_10000_95
      00022C 20r00r00         [ 6]  764 	jsr	_strncmp
                                    765 ;	assignResultValue
                                    766 ;	Raw cost for generated ic 163 : (9, 14.000000) count=0.054931
                                    767 ;	genIfx
      00022F C9 00            [ 2]  768 	cmp	#0x00
                                    769 ;	genIfxJump : z
      000231 D0 12            [ 4]  770 	bne	00129$
      000233 E0 00            [ 2]  771 	cpx	#0x00
      000235 D0 0E            [ 4]  772 	bne	00129$
                                    773 ;	Raw cost for generated ic 164 : (11, 12.200000) count=0.054931
                                    774 ;	genLabel
      000237                        775 00118$:
                                    776 ;	Raw cost for generated ic 166 : (0, 0.000000) count=0.059508
                                    777 ;	../strtoull.c: 108: ptr += 2;
                                    778 ;	genPlus
                                    779 ;	  genPlusInc
      000237 ADr07r00         [ 4]  780 	lda	_strtoull_ptr_10000_95
      00023A 18               [ 2]  781 	clc
      00023B 69 02            [ 2]  782 	adc	#0x02
      00023D 8Dr07r00         [ 4]  783 	sta	_strtoull_ptr_10000_95
      000240 90 03            [ 4]  784 	bcc	00309$
      000242 EEr08r00         [ 6]  785 	inc	(_strtoull_ptr_10000_95 + 1)
      000245                        786 00309$:
                                    787 ;	Raw cost for generated ic 167 : (14, 20.600000) count=0.059508
                                    788 ;	genLabel
      000245                        789 00129$:
                                    790 ;	Raw cost for generated ic 171 : (0, 0.000000) count=0.989349
                                    791 ;	../strtoull.c: 111: if (_isdigit (*ptr, b) < 0)
                                    792 ;	genPointerGet
                                    793 ;	  setupDPTR - off=0 remat=(null) savea=0
      000245 AEr07r00         [ 4]  794 	ldx	_strtoull_ptr_10000_95
      000248 86*00            [ 3]  795 	stx	*(DPTR+0)
      00024A AEr08r00         [ 4]  796 	ldx	(_strtoull_ptr_10000_95 + 1)
      00024D 86*01            [ 3]  797 	stx	*(DPTR+1)
      00024F A0 00            [ 2]  798 	ldy	#0x00
      000251 B1*00            [ 6]  799 	lda	[DPTR],y
                                    800 ;	Raw cost for generated ic 173 : (14, 21.000000) count=0.989349
                                    801 ;	Raw cost for generated ic 174 : (0, 0.000000) count=0.989349
                                    802 ;	Raw cost for generated ic 175 : (0, 0.000000) count=0.989349
                                    803 ;	genCall
                                    804 ;	genSend
      000253 AEr13r00         [ 4]  805 	ldx	_strtoull_b_10000_95
      000256 20r00r00         [ 6]  806 	jsr	__isdigit
                                    807 ;	assignResultValue
      000259 85*00            [ 3]  808 	sta	*_strtoull_sloc0_1_0
                                    809 ;	Raw cost for generated ic 176 : (8, 13.000000) count=0.989349
                                    810 ;	genCmp
      00025B 24*00            [ 3]  811 	bit	*_strtoull_sloc0_1_0
      00025D 10 2F            [ 4]  812 	bpl	00133$
                                    813 ;	Raw cost for generated ic 177 : (7, 8.600000) count=0.989349
                                    814 ;	skipping generated iCode
                                    815 ;	Raw cost for generated ic 178 : (0, 0.000000) count=0.989349
                                    816 ;	../strtoull.c: 113: if (endptr)
                                    817 ;	genIfx
      00025F ADr02r00         [ 4]  818 	lda	(_strtoull_PARM_2 + 1)
      000262 0Dr01r00         [ 4]  819 	ora	_strtoull_PARM_2
                                    820 ;	genIfxJump : z
      000265 F0 17            [ 4]  821 	beq	00131$
                                    822 ;	Raw cost for generated ic 181 : (11, 13.600000) count=0.742012
                                    823 ;	../strtoull.c: 114: *endptr = (char*)nptr;
                                    824 ;	genAssign
                                    825 ;	genCopy
      000267 AEr02r00         [ 4]  826 	ldx	(_strtoull_PARM_2 + 1)
      00026A ADr01r00         [ 4]  827 	lda	_strtoull_PARM_2
                                    828 ;	Raw cost for generated ic 184 : (6, 8.000000) count=0.556509
                                    829 ;	genPointerSet
                                    830 ;	  setupDPTR - off=0 remat=(null) savea=0
      00026D 85*00            [ 3]  831 	sta	*(DPTR+0)
      00026F 86*01            [ 3]  832 	stx	*(DPTR+1)
      000271 ADr05r00         [ 4]  833 	lda	_strtoull_nptr_10000_94
      000274 A0 00            [ 2]  834 	ldy	#0x00
      000276 91*00            [ 6]  835 	sta	[DPTR],y
      000278 ADr06r00         [ 4]  836 	lda	(_strtoull_nptr_10000_94 + 1)
      00027B C8               [ 2]  837 	iny
      00027C 91*00            [ 6]  838 	sta	[DPTR],y
                                    839 ;	Raw cost for generated ic 185 : (17, 30.000000) count=0.556509
                                    840 ;	genLabel
      00027E                        841 00131$:
                                    842 ;	Raw cost for generated ic 186 : (0, 0.000000) count=0.742012
                                    843 ;	../strtoull.c: 115: return (0);
                                    844 ;	genRet
      00027E A9 00            [ 2]  845 	lda	#0x00
      000280 AA               [ 2]  846 	tax
      000281 85*00            [ 3]  847 	sta	*___SDCC_m6502_ret2
      000283 85*00            [ 3]  848 	sta	*___SDCC_m6502_ret3
      000285 85*00            [ 3]  849 	sta	*___SDCC_m6502_ret4
      000287 85*00            [ 3]  850 	sta	*___SDCC_m6502_ret5
      000289 85*00            [ 3]  851 	sta	*___SDCC_m6502_ret6
      00028B 85*00            [ 3]  852 	sta	*___SDCC_m6502_ret7
      00028D 60               [ 6]  853 	rts
                                    854 ;	Raw cost for generated ic 187 : (18, 25.000000) count=0.742012
                                    855 ;	genLabel
      00028E                        856 00133$:
                                    857 ;	Raw cost for generated ic 188 : (0, 0.000000) count=0.989349
                                    858 ;	../strtoull.c: 118: for (ret = 0;; ptr++)
                                    859 ;	genAssign
                                    860 ;	genAssignLit
      00028E A0 00            [ 2]  861 	ldy	#0x00
      000290 8Cr09r00         [ 4]  862 	sty	_strtoull_ret_10000_95
      000293 8Cr0Ar00         [ 4]  863 	sty	(_strtoull_ret_10000_95 + 1)
      000296 8Cr0Br00         [ 4]  864 	sty	(_strtoull_ret_10000_95 + 2)
      000299 8Cr0Cr00         [ 4]  865 	sty	(_strtoull_ret_10000_95 + 3)
      00029C 8Cr0Dr00         [ 4]  866 	sty	(_strtoull_ret_10000_95 + 4)
      00029F 8Cr0Er00         [ 4]  867 	sty	(_strtoull_ret_10000_95 + 5)
      0002A2 8Cr0Fr00         [ 4]  868 	sty	(_strtoull_ret_10000_95 + 6)
      0002A5 8Cr10r00         [ 4]  869 	sty	(_strtoull_ret_10000_95 + 7)
                                    870 ;	Raw cost for generated ic 189 : (26, 34.000000) count=0.989349
                                    871 ;	genAssign
                                    872 ;	genCopy
      0002A8 ADr08r00         [ 4]  873 	lda	(_strtoull_ptr_10000_95 + 1)
      0002AB 85*01            [ 3]  874 	sta	*(_strtoull_sloc0_1_0 + 1)
      0002AD ADr07r00         [ 4]  875 	lda	_strtoull_ptr_10000_95
      0002B0 85*00            [ 3]  876 	sta	*_strtoull_sloc0_1_0
                                    877 ;	Raw cost for generated ic 252 : (10, 14.000000) count=0.989349
                                    878 ;	genLabel
      0002B2                        879 00144$:
                                    880 ;	Raw cost for generated ic 190 : (0, 0.000000) count=3.958165
                                    881 ;	../strtoull.c: 120: signed char digit = _isdigit (*ptr, b);
                                    882 ;	genPointerGet
      0002B2 A0 00            [ 2]  883 	ldy	#0x00
      0002B4 B1*00            [ 6]  884 	lda	[*_strtoull_sloc0_1_0],y
                                    885 ;	Raw cost for generated ic 192 : (4, 7.000000) count=3.958165
                                    886 ;	Raw cost for generated ic 193 : (0, 0.000000) count=3.958165
                                    887 ;	Raw cost for generated ic 194 : (0, 0.000000) count=3.958165
                                    888 ;	genCall
                                    889 ;	genSend
      0002B6 AEr13r00         [ 4]  890 	ldx	_strtoull_b_10000_95
      0002B9 20r00r00         [ 6]  891 	jsr	__isdigit
                                    892 ;	assignResultValue
      0002BC 8Dr14r00         [ 4]  893 	sta	_strtoull_digit_30000_112
                                    894 ;	Raw cost for generated ic 195 : (9, 14.000000) count=3.958165
                                    895 ;	../strtoull.c: 122: if (digit < 0)
                                    896 ;	genCmp
      0002BF 2Cr14r00         [ 4]  897 	bit	_strtoull_digit_30000_112
      0002C2 10 03            [ 4]  898 	bpl	00313$
      0002C4 4Cr00r04         [ 3]  899 	jmp	00138$
      0002C7                        900 00313$:
                                    901 ;	Raw cost for generated ic 197 : (8, 9.600000) count=3.958165
                                    902 ;	skipping generated iCode
                                    903 ;	Raw cost for generated ic 198 : (0, 0.000000) count=3.958165
                                    904 ;	../strtoull.c: 129: unsigned long long int oldret = ret;
                                    905 ;	genAssign
                                    906 ;	genCopy
      0002C7 ADr10r00         [ 4]  907 	lda	(_strtoull_ret_10000_95 + 7)
      0002CA 8Dr1Cr00         [ 4]  908 	sta	(_strtoull_oldret_30001_114 + 7)
      0002CD ADr0Fr00         [ 4]  909 	lda	(_strtoull_ret_10000_95 + 6)
      0002D0 8Dr1Br00         [ 4]  910 	sta	(_strtoull_oldret_30001_114 + 6)
      0002D3 ADr0Er00         [ 4]  911 	lda	(_strtoull_ret_10000_95 + 5)
      0002D6 8Dr1Ar00         [ 4]  912 	sta	(_strtoull_oldret_30001_114 + 5)
      0002D9 ADr0Dr00         [ 4]  913 	lda	(_strtoull_ret_10000_95 + 4)
      0002DC 8Dr19r00         [ 4]  914 	sta	(_strtoull_oldret_30001_114 + 4)
      0002DF ADr0Cr00         [ 4]  915 	lda	(_strtoull_ret_10000_95 + 3)
      0002E2 8Dr18r00         [ 4]  916 	sta	(_strtoull_oldret_30001_114 + 3)
      0002E5 ADr0Br00         [ 4]  917 	lda	(_strtoull_ret_10000_95 + 2)
      0002E8 8Dr17r00         [ 4]  918 	sta	(_strtoull_oldret_30001_114 + 2)
      0002EB ADr0Ar00         [ 4]  919 	lda	(_strtoull_ret_10000_95 + 1)
      0002EE 8Dr16r00         [ 4]  920 	sta	(_strtoull_oldret_30001_114 + 1)
      0002F1 ADr09r00         [ 4]  921 	lda	_strtoull_ret_10000_95
      0002F4 8Dr15r00         [ 4]  922 	sta	_strtoull_oldret_30001_114
                                    923 ;	Raw cost for generated ic 203 : (48, 64.000000) count=2.968624
                                    924 ;	../strtoull.c: 130: ret *= b;
                                    925 ;	genCast
                                    926 ;	genCopy
      0002F7 A0 00            [ 2]  927 	ldy	#0x00
      0002F9 8Cr07r00         [ 4]  928 	sty	(__mullonglong_PARM_2 + 7)
      0002FC 8Cr06r00         [ 4]  929 	sty	(__mullonglong_PARM_2 + 6)
      0002FF 8Cr05r00         [ 4]  930 	sty	(__mullonglong_PARM_2 + 5)
      000302 8Cr04r00         [ 4]  931 	sty	(__mullonglong_PARM_2 + 4)
      000305 8Cr03r00         [ 4]  932 	sty	(__mullonglong_PARM_2 + 3)
      000308 8Cr02r00         [ 4]  933 	sty	(__mullonglong_PARM_2 + 2)
      00030B 8Cr01r00         [ 4]  934 	sty	(__mullonglong_PARM_2 + 1)
      00030E ADr13r00         [ 4]  935 	lda	_strtoull_b_10000_95
      000311 8Dr00r00         [ 4]  936 	sta	__mullonglong_PARM_2
                                    937 ;	Raw cost for generated ic 204 : (29, 38.000000) count=2.968624
                                    938 ;	genAssign
                                    939 ;	genCopy
      000314 ADr10r00         [ 4]  940 	lda	(_strtoull_ret_10000_95 + 7)
      000317 8Dr07r00         [ 4]  941 	sta	(__mullonglong_PARM_1 + 7)
      00031A ADr0Fr00         [ 4]  942 	lda	(_strtoull_ret_10000_95 + 6)
      00031D 8Dr06r00         [ 4]  943 	sta	(__mullonglong_PARM_1 + 6)
      000320 ADr0Er00         [ 4]  944 	lda	(_strtoull_ret_10000_95 + 5)
      000323 8Dr05r00         [ 4]  945 	sta	(__mullonglong_PARM_1 + 5)
      000326 ADr0Dr00         [ 4]  946 	lda	(_strtoull_ret_10000_95 + 4)
      000329 8Dr04r00         [ 4]  947 	sta	(__mullonglong_PARM_1 + 4)
      00032C ADr0Cr00         [ 4]  948 	lda	(_strtoull_ret_10000_95 + 3)
      00032F 8Dr03r00         [ 4]  949 	sta	(__mullonglong_PARM_1 + 3)
      000332 ADr0Br00         [ 4]  950 	lda	(_strtoull_ret_10000_95 + 2)
      000335 8Dr02r00         [ 4]  951 	sta	(__mullonglong_PARM_1 + 2)
      000338 ADr0Ar00         [ 4]  952 	lda	(_strtoull_ret_10000_95 + 1)
      00033B 8Dr01r00         [ 4]  953 	sta	(__mullonglong_PARM_1 + 1)
      00033E ADr09r00         [ 4]  954 	lda	_strtoull_ret_10000_95
      000341 8Dr00r00         [ 4]  955 	sta	__mullonglong_PARM_1
                                    956 ;	Raw cost for generated ic 261 : (48, 64.000000) count=2.968624
                                    957 ;	genCall
      000344 20r00r00         [ 6]  958 	jsr	__mullonglong
                                    959 ;	assignResultValue
      000347 8Dr09r00         [ 4]  960 	sta	_strtoull_ret_10000_95
      00034A 8Er0Ar00         [ 4]  961 	stx	(_strtoull_ret_10000_95 + 1)
      00034D A5*00            [ 3]  962 	lda	*___SDCC_m6502_ret2
      00034F 8Dr0Br00         [ 4]  963 	sta	(_strtoull_ret_10000_95 + 2)
      000352 A5*00            [ 3]  964 	lda	*___SDCC_m6502_ret3
      000354 8Dr0Cr00         [ 4]  965 	sta	(_strtoull_ret_10000_95 + 3)
      000357 A5*00            [ 3]  966 	lda	*___SDCC_m6502_ret4
      000359 8Dr0Dr00         [ 4]  967 	sta	(_strtoull_ret_10000_95 + 4)
      00035C A5*00            [ 3]  968 	lda	*___SDCC_m6502_ret5
      00035E 8Dr0Er00         [ 4]  969 	sta	(_strtoull_ret_10000_95 + 5)
      000361 A5*00            [ 3]  970 	lda	*___SDCC_m6502_ret6
      000363 8Dr0Fr00         [ 4]  971 	sta	(_strtoull_ret_10000_95 + 6)
      000366 A5*00            [ 3]  972 	lda	*___SDCC_m6502_ret7
      000368 8Dr10r00         [ 4]  973 	sta	(_strtoull_ret_10000_95 + 7)
                                    974 ;	Raw cost for generated ic 263 : (39, 56.000000) count=2.968624
                                    975 ;	../strtoull.c: 131: if (ret < oldret)
                                    976 ;	genCmp
      00036B ADr09r00         [ 4]  977 	lda	_strtoull_ret_10000_95
      00036E 38               [ 2]  978 	sec
      00036F EDr15r00         [ 4]  979 	sbc	_strtoull_oldret_30001_114
      000372 8A               [ 2]  980 	txa
      000373 EDr16r00         [ 4]  981 	sbc	(_strtoull_oldret_30001_114 + 1)
      000376 ADr0Br00         [ 4]  982 	lda	(_strtoull_ret_10000_95 + 2)
      000379 EDr17r00         [ 4]  983 	sbc	(_strtoull_oldret_30001_114 + 2)
      00037C ADr0Cr00         [ 4]  984 	lda	(_strtoull_ret_10000_95 + 3)
      00037F EDr18r00         [ 4]  985 	sbc	(_strtoull_oldret_30001_114 + 3)
      000382 ADr0Dr00         [ 4]  986 	lda	(_strtoull_ret_10000_95 + 4)
      000385 EDr19r00         [ 4]  987 	sbc	(_strtoull_oldret_30001_114 + 4)
      000388 ADr0Er00         [ 4]  988 	lda	(_strtoull_ret_10000_95 + 5)
      00038B EDr1Ar00         [ 4]  989 	sbc	(_strtoull_oldret_30001_114 + 5)
      00038E ADr0Fr00         [ 4]  990 	lda	(_strtoull_ret_10000_95 + 6)
      000391 EDr1Br00         [ 4]  991 	sbc	(_strtoull_oldret_30001_114 + 6)
      000394 ADr10r00         [ 4]  992 	lda	(_strtoull_ret_10000_95 + 7)
      000397 EDr1Cr00         [ 4]  993 	sbc	(_strtoull_oldret_30001_114 + 7)
      00039A B0 05            [ 4]  994 	bcs	00137$
                                    995 ;	Raw cost for generated ic 207 : (52, 69.599998) count=2.968624
                                    996 ;	skipping generated iCode
                                    997 ;	Raw cost for generated ic 208 : (0, 0.000000) count=2.968624
                                    998 ;	../strtoull.c: 132: range_error = true;
                                    999 ;	genAssign
                                   1000 ;	genAssignLit
      00039C A2 01            [ 2] 1001 	ldx	#0x01
      00039E 8Er11r00         [ 4] 1002 	stx	_strtoull_range_error_10000_95
                                   1003 ;	Raw cost for generated ic 211 : (5, 6.000000) count=2.226612
                                   1004 ;	genLabel
      0003A1                       1005 00137$:
                                   1006 ;	Raw cost for generated ic 212 : (0, 0.000000) count=2.968816
                                   1007 ;	../strtoull.c: 133: ret += (unsigned char)digit;
                                   1008 ;	genCast
                                   1009 ;	genCopy
      0003A1 ADr14r00         [ 4] 1010 	lda	_strtoull_digit_30000_112
                                   1011 ;	Raw cost for generated ic 213 : (3, 4.000000) count=2.968816
                                   1012 ;	genCast
      0003A4 85*02            [ 3] 1013 	sta	*_strtoull_sloc1_1_0
      0003A6 A0 00            [ 2] 1014 	ldy	#0x00
      0003A8 84*03            [ 3] 1015 	sty	*(_strtoull_sloc1_1_0 + 1)
      0003AA 84*04            [ 3] 1016 	sty	*(_strtoull_sloc1_1_0 + 2)
      0003AC 84*05            [ 3] 1017 	sty	*(_strtoull_sloc1_1_0 + 3)
      0003AE 84*06            [ 3] 1018 	sty	*(_strtoull_sloc1_1_0 + 4)
      0003B0 84*07            [ 3] 1019 	sty	*(_strtoull_sloc1_1_0 + 5)
      0003B2 84*08            [ 3] 1020 	sty	*(_strtoull_sloc1_1_0 + 6)
      0003B4 84*09            [ 3] 1021 	sty	*(_strtoull_sloc1_1_0 + 7)
                                   1022 ;	Raw cost for generated ic 215 : (18, 26.000000) count=2.968816
                                   1023 ;	genPlus
      0003B6 ADr09r00         [ 4] 1024 	lda	_strtoull_ret_10000_95
      0003B9 18               [ 2] 1025 	clc
      0003BA 65*02            [ 3] 1026 	adc	*_strtoull_sloc1_1_0
      0003BC 8Dr09r00         [ 4] 1027 	sta	_strtoull_ret_10000_95
      0003BF ADr0Ar00         [ 4] 1028 	lda	(_strtoull_ret_10000_95 + 1)
      0003C2 65*03            [ 3] 1029 	adc	*(_strtoull_sloc1_1_0 + 1)
      0003C4 8Dr0Ar00         [ 4] 1030 	sta	(_strtoull_ret_10000_95 + 1)
      0003C7 ADr0Br00         [ 4] 1031 	lda	(_strtoull_ret_10000_95 + 2)
      0003CA 65*04            [ 3] 1032 	adc	*(_strtoull_sloc1_1_0 + 2)
      0003CC 8Dr0Br00         [ 4] 1033 	sta	(_strtoull_ret_10000_95 + 2)
      0003CF ADr0Cr00         [ 4] 1034 	lda	(_strtoull_ret_10000_95 + 3)
      0003D2 65*05            [ 3] 1035 	adc	*(_strtoull_sloc1_1_0 + 3)
      0003D4 8Dr0Cr00         [ 4] 1036 	sta	(_strtoull_ret_10000_95 + 3)
      0003D7 ADr0Dr00         [ 4] 1037 	lda	(_strtoull_ret_10000_95 + 4)
      0003DA 65*06            [ 3] 1038 	adc	*(_strtoull_sloc1_1_0 + 4)
      0003DC 8Dr0Dr00         [ 4] 1039 	sta	(_strtoull_ret_10000_95 + 4)
      0003DF ADr0Er00         [ 4] 1040 	lda	(_strtoull_ret_10000_95 + 5)
      0003E2 65*07            [ 3] 1041 	adc	*(_strtoull_sloc1_1_0 + 5)
      0003E4 8Dr0Er00         [ 4] 1042 	sta	(_strtoull_ret_10000_95 + 5)
      0003E7 ADr0Fr00         [ 4] 1043 	lda	(_strtoull_ret_10000_95 + 6)
      0003EA 65*08            [ 3] 1044 	adc	*(_strtoull_sloc1_1_0 + 6)
      0003EC 8Dr0Fr00         [ 4] 1045 	sta	(_strtoull_ret_10000_95 + 6)
      0003EF ADr10r00         [ 4] 1046 	lda	(_strtoull_ret_10000_95 + 7)
      0003F2 65*09            [ 3] 1047 	adc	*(_strtoull_sloc1_1_0 + 7)
      0003F4 8Dr10r00         [ 4] 1048 	sta	(_strtoull_ret_10000_95 + 7)
                                   1049 ;	Raw cost for generated ic 216 : (65, 90.000000) count=2.968816
                                   1050 ;	../strtoull.c: 118: for (ret = 0;; ptr++)
                                   1051 ;	genPlus
                                   1052 ;	  genPlusInc
      0003F7 E6*00            [ 5] 1053 	inc	*_strtoull_sloc0_1_0
      0003F9 D0 02            [ 4] 1054 	bne	00315$
      0003FB E6*01            [ 5] 1055 	inc	*(_strtoull_sloc0_1_0 + 1)
      0003FD                       1056 00315$:
                                   1057 ;	Raw cost for generated ic 220 : (6, 12.600000) count=2.968816
                                   1058 ;	genGoto
      0003FD 4CrB2r02         [ 3] 1059 	jmp	00144$
                                   1060 ;	Raw cost for generated ic 222 : (3, 3.000000) count=2.968816
                                   1061 ;	genLabel
      000400                       1062 00138$:
                                   1063 ;	Raw cost for generated ic 223 : (0, 0.000000) count=0.989605
                                   1064 ;	../strtoull.c: 138: if (endptr)
                                   1065 ;	genIfx
      000400 ADr02r00         [ 4] 1066 	lda	(_strtoull_PARM_2 + 1)
      000403 0Dr01r00         [ 4] 1067 	ora	_strtoull_PARM_2
                                   1068 ;	genIfxJump : z
      000406 F0 15            [ 4] 1069 	beq	00140$
                                   1070 ;	Raw cost for generated ic 224 : (11, 13.600000) count=0.989605
                                   1071 ;	../strtoull.c: 139: *endptr = (char*)ptr;
                                   1072 ;	genAssign
                                   1073 ;	genCopy
      000408 AEr02r00         [ 4] 1074 	ldx	(_strtoull_PARM_2 + 1)
      00040B ADr01r00         [ 4] 1075 	lda	_strtoull_PARM_2
                                   1076 ;	Raw cost for generated ic 227 : (6, 8.000000) count=0.742204
                                   1077 ;	genPointerSet
                                   1078 ;	  setupDPTR - off=0 remat=(null) savea=0
      00040E 85*00            [ 3] 1079 	sta	*(DPTR+0)
      000410 86*01            [ 3] 1080 	stx	*(DPTR+1)
      000412 A5*00            [ 3] 1081 	lda	*_strtoull_sloc0_1_0
      000414 A0 00            [ 2] 1082 	ldy	#0x00
      000416 91*00            [ 6] 1083 	sta	[DPTR],y
      000418 A5*01            [ 3] 1084 	lda	*(_strtoull_sloc0_1_0 + 1)
      00041A C8               [ 2] 1085 	iny
      00041B 91*00            [ 6] 1086 	sta	[DPTR],y
                                   1087 ;	Raw cost for generated ic 228 : (15, 28.000000) count=0.742204
                                   1088 ;	genLabel
      00041D                       1089 00140$:
                                   1090 ;	Raw cost for generated ic 229 : (0, 0.000000) count=0.989605
                                   1091 ;	../strtoull.c: 141: if (range_error)
                                   1092 ;	genIfx
      00041D ADr11r00         [ 4] 1093 	lda	_strtoull_range_error_10000_95
                                   1094 ;	genIfxJump : z
      000420 F0 1A            [ 4] 1095 	beq	00142$
                                   1096 ;	Raw cost for generated ic 230 : (8, 9.600000) count=0.989605
                                   1097 ;	../strtoull.c: 143: errno = ERANGE;
                                   1098 ;	genAssign
                                   1099 ;	genAssignLit
      000422 A2 22            [ 2] 1100 	ldx	#0x22
      000424 8Er00r00         [ 4] 1101 	stx	_errno
      000427 A0 00            [ 2] 1102 	ldy	#0x00
      000429 8Cr01r00         [ 4] 1103 	sty	(_errno + 1)
                                   1104 ;	Raw cost for generated ic 234 : (10, 12.000000) count=0.742204
                                   1105 ;	../strtoull.c: 144: return (ULLONG_MAX);
                                   1106 ;	genRet
      00042C A9 FF            [ 2] 1107 	lda	#0xff
      00042E AA               [ 2] 1108 	tax
      00042F 85*00            [ 3] 1109 	sta	*___SDCC_m6502_ret2
      000431 85*00            [ 3] 1110 	sta	*___SDCC_m6502_ret3
      000433 85*00            [ 3] 1111 	sta	*___SDCC_m6502_ret4
      000435 85*00            [ 3] 1112 	sta	*___SDCC_m6502_ret5
      000437 85*00            [ 3] 1113 	sta	*___SDCC_m6502_ret6
      000439 85*00            [ 3] 1114 	sta	*___SDCC_m6502_ret7
      00043B 60               [ 6] 1115 	rts
                                   1116 ;	Raw cost for generated ic 235 : (18, 25.000000) count=0.742204
                                   1117 ;	genLabel
      00043C                       1118 00142$:
                                   1119 ;	Raw cost for generated ic 236 : (0, 0.000000) count=0.989605
                                   1120 ;	../strtoull.c: 147: return (neg ? -ret : ret);
                                   1121 ;	genIfx
      00043C ADr12r00         [ 4] 1122 	lda	_strtoull_neg_10000_95
                                   1123 ;	genIfxJump : z
      00043F F0 3C            [ 4] 1124 	beq	00151$
                                   1125 ;	Raw cost for generated ic 237 : (8, 9.600000) count=0.989605
                                   1126 ;	genUminus
      000441 A9 00            [ 2] 1127 	lda	#0x00
      000443 38               [ 2] 1128 	sec
      000444 EDr09r00         [ 4] 1129 	sbc	_strtoull_ret_10000_95
      000447 85*02            [ 3] 1130 	sta	*_strtoull_sloc1_1_0
      000449 A9 00            [ 2] 1131 	lda	#0x00
      00044B EDr0Ar00         [ 4] 1132 	sbc	(_strtoull_ret_10000_95 + 1)
      00044E 85*03            [ 3] 1133 	sta	*(_strtoull_sloc1_1_0 + 1)
      000450 A9 00            [ 2] 1134 	lda	#0x00
      000452 EDr0Br00         [ 4] 1135 	sbc	(_strtoull_ret_10000_95 + 2)
      000455 85*04            [ 3] 1136 	sta	*(_strtoull_sloc1_1_0 + 2)
      000457 A9 00            [ 2] 1137 	lda	#0x00
      000459 EDr0Cr00         [ 4] 1138 	sbc	(_strtoull_ret_10000_95 + 3)
      00045C 85*05            [ 3] 1139 	sta	*(_strtoull_sloc1_1_0 + 3)
      00045E A9 00            [ 2] 1140 	lda	#0x00
      000460 EDr0Dr00         [ 4] 1141 	sbc	(_strtoull_ret_10000_95 + 4)
      000463 85*06            [ 3] 1142 	sta	*(_strtoull_sloc1_1_0 + 4)
      000465 A9 00            [ 2] 1143 	lda	#0x00
      000467 EDr0Er00         [ 4] 1144 	sbc	(_strtoull_ret_10000_95 + 5)
      00046A 85*07            [ 3] 1145 	sta	*(_strtoull_sloc1_1_0 + 5)
      00046C A9 00            [ 2] 1146 	lda	#0x00
      00046E EDr0Fr00         [ 4] 1147 	sbc	(_strtoull_ret_10000_95 + 6)
      000471 85*08            [ 3] 1148 	sta	*(_strtoull_sloc1_1_0 + 6)
      000473 A9 00            [ 2] 1149 	lda	#0x00
      000475 EDr10r00         [ 4] 1150 	sbc	(_strtoull_ret_10000_95 + 7)
      000478 85*09            [ 3] 1151 	sta	*(_strtoull_sloc1_1_0 + 7)
                                   1152 ;	Raw cost for generated ic 238 : (57, 74.000000) count=0.742204
                                   1153 ;	genGoto
      00047A 4CrA5r04         [ 3] 1154 	jmp	00152$
                                   1155 ;	Raw cost for generated ic 240 : (3, 3.000000) count=0.742204
                                   1156 ;	genLabel
      00047D                       1157 00151$:
                                   1158 ;	Raw cost for generated ic 241 : (0, 0.000000) count=0.247540
                                   1159 ;	genAssign
                                   1160 ;	genCopy
      00047D ADr10r00         [ 4] 1161 	lda	(_strtoull_ret_10000_95 + 7)
      000480 85*09            [ 3] 1162 	sta	*(_strtoull_sloc1_1_0 + 7)
      000482 ADr0Fr00         [ 4] 1163 	lda	(_strtoull_ret_10000_95 + 6)
      000485 85*08            [ 3] 1164 	sta	*(_strtoull_sloc1_1_0 + 6)
      000487 ADr0Er00         [ 4] 1165 	lda	(_strtoull_ret_10000_95 + 5)
      00048A 85*07            [ 3] 1166 	sta	*(_strtoull_sloc1_1_0 + 5)
      00048C ADr0Dr00         [ 4] 1167 	lda	(_strtoull_ret_10000_95 + 4)
      00048F 85*06            [ 3] 1168 	sta	*(_strtoull_sloc1_1_0 + 4)
      000491 ADr0Cr00         [ 4] 1169 	lda	(_strtoull_ret_10000_95 + 3)
      000494 85*05            [ 3] 1170 	sta	*(_strtoull_sloc1_1_0 + 3)
      000496 ADr0Br00         [ 4] 1171 	lda	(_strtoull_ret_10000_95 + 2)
      000499 85*04            [ 3] 1172 	sta	*(_strtoull_sloc1_1_0 + 2)
      00049B ADr0Ar00         [ 4] 1173 	lda	(_strtoull_ret_10000_95 + 1)
      00049E 85*03            [ 3] 1174 	sta	*(_strtoull_sloc1_1_0 + 1)
      0004A0 ADr09r00         [ 4] 1175 	lda	_strtoull_ret_10000_95
      0004A3 85*02            [ 3] 1176 	sta	*_strtoull_sloc1_1_0
                                   1177 ;	Raw cost for generated ic 242 : (40, 56.000000) count=0.247540
                                   1178 ;	genLabel
      0004A5                       1179 00152$:
                                   1180 ;	Raw cost for generated ic 243 : (0, 0.000000) count=0.989744
                                   1181 ;	genRet
      0004A5 A5*09            [ 3] 1182 	lda	*(_strtoull_sloc1_1_0 + 7)
      0004A7 85*00            [ 3] 1183 	sta	*___SDCC_m6502_ret7
      0004A9 A5*08            [ 3] 1184 	lda	*(_strtoull_sloc1_1_0 + 6)
      0004AB 85*00            [ 3] 1185 	sta	*___SDCC_m6502_ret6
      0004AD A5*07            [ 3] 1186 	lda	*(_strtoull_sloc1_1_0 + 5)
      0004AF 85*00            [ 3] 1187 	sta	*___SDCC_m6502_ret5
      0004B1 A5*06            [ 3] 1188 	lda	*(_strtoull_sloc1_1_0 + 4)
      0004B3 85*00            [ 3] 1189 	sta	*___SDCC_m6502_ret4
      0004B5 A5*05            [ 3] 1190 	lda	*(_strtoull_sloc1_1_0 + 3)
      0004B7 85*00            [ 3] 1191 	sta	*___SDCC_m6502_ret3
      0004B9 A5*04            [ 3] 1192 	lda	*(_strtoull_sloc1_1_0 + 2)
      0004BB 85*00            [ 3] 1193 	sta	*___SDCC_m6502_ret2
      0004BD A6*03            [ 3] 1194 	ldx	*(_strtoull_sloc1_1_0 + 1)
      0004BF A5*02            [ 3] 1195 	lda	*_strtoull_sloc1_1_0
                                   1196 ;	Raw cost for generated ic 244 : (28, 42.000000) count=0.989744
                                   1197 ;	genLabel
                                   1198 ;	Raw cost for generated ic 245 : (0, 0.000000) count=0.989744
                                   1199 ;	../strtoull.c: 148: }
                                   1200 ;	genEndFunction
      0004C1 60               [ 6] 1201 	rts
                                   1202 ;	Raw cost for generated ic 246 : (1, 6.000000) count=0.989744
                                   1203 	.area CODE
                                   1204 	.area RODATA
                                   1205 	.area RODATA
      000000                       1206 ___str_0:
      000000 30 78                 1207 	.ascii "0x"
      000002 00                    1208 	.db 0x00
                                   1209 	.area CODE
                                   1210 	.area RODATA
      000003                       1211 ___str_1:
      000003 30 58                 1212 	.ascii "0X"
      000005 00                    1213 	.db 0x00
                                   1214 	.area CODE
                                   1215 	.area RODATA
      000006                       1216 ___str_2:
      000006 30 62                 1217 	.ascii "0b"
      000008 00                    1218 	.db 0x00
                                   1219 	.area CODE
                                   1220 	.area RODATA
      000009                       1221 ___str_3:
      000009 30 42                 1222 	.ascii "0B"
      00000B 00                    1223 	.db 0x00
                                   1224 	.area CODE
                                   1225 	.area XINIT
                                   1226 	.area CABS    (ABS)
