                                      1 ;--------------------------------------------------------
                                      2 ; File Created by SDCC : free open source ISO C Compiler
                                      3 ; Version 4.5.10 #15691 (Linux)
                                      4 ;--------------------------------------------------------
                                      5 	.module wcscmp
                                      6 	
                                      7 	.optsdcc -mmos6502
                                      8 
                                      9 ;--------------------------------------------------------
                                     10 ;  Ordering of segments for the linker.
                                     11 ;--------------------------------------------------------
                                     12 	.area ZP      (PAG)
                                     13 	.area OSEG    (PAG, OVR)
                                     14 	.area _CODE
                                     15 	.area GSINIT
                                     16 	.area GSFINAL
                                     17 	.area CODE
                                     18 	.area RODATA
                                     19 	.area XINIT
                                     20 	.area _DATA
                                     21 	.area DATA
                                     22 	.area BSS
                                     23 ;--------------------------------------------------------
                                     24 ; Public variables in this module
                                     25 ;--------------------------------------------------------
                                     26 	.globl _wcscmp_PARM_2
                                     27 	.globl _wcscmp
                                     28 ;--------------------------------------------------------
                                     29 ; ZP ram data
                                     30 ;--------------------------------------------------------
                                     31 	.area ZP      (PAG)
                                     32 ;--------------------------------------------------------
                                     33 ; overlayable items in ram
                                     34 ;--------------------------------------------------------
                                     35 	.area	OSEG    (PAG, OVR)
      000000                         36 _wcscmp_sloc0_1_0:
      000000                         37 	.ds 2
      000002                         38 _wcscmp_sloc1_1_0:
      000002                         39 	.ds 2
      000004                         40 _wcscmp_sloc2_1_0:
      000004                         41 	.ds 4
      000008                         42 _wcscmp_sloc3_1_0:
      000008                         43 	.ds 4
                                     44 ;--------------------------------------------------------
                                     45 ; uninitialized external ram data
                                     46 ;--------------------------------------------------------
                                     47 	.area BSS
      000000                         48 _wcscmp_PARM_2:
      000000                         49 	.ds 2
                                     50 ;--------------------------------------------------------
                                     51 ; absolute external ram data
                                     52 ;--------------------------------------------------------
                                     53 	.area DABS    (ABS)
                                     54 ;--------------------------------------------------------
                                     55 ; initialized external ram data
                                     56 ;--------------------------------------------------------
                                     57 	.area DATA
                                     58 ;--------------------------------------------------------
                                     59 ; global & static initialisations
                                     60 ;--------------------------------------------------------
                                     61 	.area _CODE
                                     62 	.area GSINIT
                                     63 	.area GSFINAL
                                     64 	.area GSINIT
                                     65 ;--------------------------------------------------------
                                     66 ; Home
                                     67 ;--------------------------------------------------------
                                     68 	.area _CODE
                                     69 	.area _CODE
                                     70 ;--------------------------------------------------------
                                     71 ; code
                                     72 ;--------------------------------------------------------
                                     73 	.area CODE
                                     74 ;------------------------------------------------------------
                                     75 ;Allocation info for local variables in function 'wcscmp'
                                     76 ;------------------------------------------------------------
                                     77 ;s2            Allocated with name '_wcscmp_PARM_2'
                                     78 ;s1            Allocated to registers 
                                     79 ;sloc0         Allocated with name '_wcscmp_sloc0_1_0'
                                     80 ;sloc1         Allocated with name '_wcscmp_sloc1_1_0'
                                     81 ;sloc2         Allocated with name '_wcscmp_sloc2_1_0'
                                     82 ;sloc3         Allocated with name '_wcscmp_sloc3_1_0'
                                     83 ;------------------------------------------------------------
                                     84 ;	../wcscmp.c: 31: int wcscmp(const wchar_t *s1, const wchar_t *s2)
                                     85 ;	genLabel
                                     86 ;	Raw cost for generated ic 0 : (0, 0.000000) count=1.000000
                                     87 ;	-----------------------------------------
                                     88 ;	 function wcscmp
                                     89 ;	-----------------------------------------
                                     90 ;	Register assignment is optimal.
                                     91 ;	Stack space usage: 0 bytes.
      000000                         92 _wcscmp:
                                     93 ;	Raw cost for generated ic 1 : (0, 0.000000) count=1.000000
                                     94 ;	genReceive
      000000 85*00            [ 3]   95 	sta	*_wcscmp_sloc0_1_0
      000002 86*01            [ 3]   96 	stx	*(_wcscmp_sloc0_1_0 + 1)
                                     97 ;	Raw cost for generated ic 2 : (4, 6.000000) count=1.000000
                                     98 ;	../wcscmp.c: 33: while(*s1 == *s2 && *s1)
                                     99 ;	genAssign
                                    100 ;	genCopy
      000004 ADr01r00         [ 4]  101 	lda	(_wcscmp_PARM_2 + 1)
      000007 85*03            [ 3]  102 	sta	*(_wcscmp_sloc1_1_0 + 1)
      000009 ADr00r00         [ 4]  103 	lda	_wcscmp_PARM_2
      00000C 85*02            [ 3]  104 	sta	*_wcscmp_sloc1_1_0
                                    105 ;	Raw cost for generated ic 52 : (10, 14.000000) count=1.000000
                                    106 ;	genLabel
      00000E                        107 00102$:
                                    108 ;	Raw cost for generated ic 3 : (0, 0.000000) count=2.285713
                                    109 ;	genPointerGet
      00000E A0 00            [ 2]  110 	ldy	#0x00
      000010 B1*00            [ 6]  111 	lda	[*_wcscmp_sloc0_1_0],y
      000012 85*04            [ 3]  112 	sta	*_wcscmp_sloc2_1_0
      000014 C8               [ 2]  113 	iny
      000015 B1*00            [ 6]  114 	lda	[*_wcscmp_sloc0_1_0],y
      000017 85*05            [ 3]  115 	sta	*(_wcscmp_sloc2_1_0 + 1)
      000019 C8               [ 2]  116 	iny
      00001A B1*00            [ 6]  117 	lda	[*_wcscmp_sloc0_1_0],y
      00001C 85*06            [ 3]  118 	sta	*(_wcscmp_sloc2_1_0 + 2)
      00001E C8               [ 2]  119 	iny
      00001F B1*00            [ 6]  120 	lda	[*_wcscmp_sloc0_1_0],y
      000021 85*07            [ 3]  121 	sta	*(_wcscmp_sloc2_1_0 + 3)
                                    122 ;	Raw cost for generated ic 5 : (21, 40.000000) count=2.285713
                                    123 ;	genPointerGet
      000023 A0 00            [ 2]  124 	ldy	#0x00
      000025 B1*02            [ 6]  125 	lda	[*_wcscmp_sloc1_1_0],y
      000027 85*08            [ 3]  126 	sta	*_wcscmp_sloc3_1_0
      000029 C8               [ 2]  127 	iny
      00002A B1*02            [ 6]  128 	lda	[*_wcscmp_sloc1_1_0],y
      00002C 85*09            [ 3]  129 	sta	*(_wcscmp_sloc3_1_0 + 1)
      00002E C8               [ 2]  130 	iny
      00002F B1*02            [ 6]  131 	lda	[*_wcscmp_sloc1_1_0],y
      000031 85*0A            [ 3]  132 	sta	*(_wcscmp_sloc3_1_0 + 2)
      000033 C8               [ 2]  133 	iny
      000034 B1*02            [ 6]  134 	lda	[*_wcscmp_sloc1_1_0],y
      000036 85*0B            [ 3]  135 	sta	*(_wcscmp_sloc3_1_0 + 3)
                                    136 ;	Raw cost for generated ic 7 : (21, 40.000000) count=2.285713
                                    137 ;	genCmpEQorNE
      000038 A5*04            [ 3]  138 	lda	*_wcscmp_sloc2_1_0
      00003A C5*08            [ 3]  139 	cmp	*_wcscmp_sloc3_1_0
      00003C D0 35            [ 4]  140 	bne	00104$
      00003E A5*05            [ 3]  141 	lda	*(_wcscmp_sloc2_1_0 + 1)
      000040 C5*09            [ 3]  142 	cmp	*(_wcscmp_sloc3_1_0 + 1)
      000042 D0 2F            [ 4]  143 	bne	00104$
      000044 A5*06            [ 3]  144 	lda	*(_wcscmp_sloc2_1_0 + 2)
      000046 C5*0A            [ 3]  145 	cmp	*(_wcscmp_sloc3_1_0 + 2)
      000048 D0 29            [ 4]  146 	bne	00104$
      00004A A5*07            [ 3]  147 	lda	*(_wcscmp_sloc2_1_0 + 3)
      00004C C5*0B            [ 3]  148 	cmp	*(_wcscmp_sloc3_1_0 + 3)
      00004E D0 23            [ 4]  149 	bne	00104$
                                    150 ;	Raw cost for generated ic 8 : (36, 46.400002) count=2.285713
                                    151 ;	skipping generated iCode
                                    152 ;	Raw cost for generated ic 9 : (0, 0.000000) count=2.285713
                                    153 ;	genIfx
      000050 A5*07            [ 3]  154 	lda	*(_wcscmp_sloc2_1_0 + 3)
      000052 05*06            [ 3]  155 	ora	*(_wcscmp_sloc2_1_0 + 2)
      000054 05*05            [ 3]  156 	ora	*(_wcscmp_sloc2_1_0 + 1)
      000056 05*04            [ 3]  157 	ora	*_wcscmp_sloc2_1_0
                                    158 ;	genIfxJump : z
      000058 F0 19            [ 4]  159 	beq	00104$
                                    160 ;	Raw cost for generated ic 14 : (13, 17.600000) count=1.714284
                                    161 ;	../wcscmp.c: 34: s1++, s2++;
                                    162 ;	genPlus
                                    163 ;	  genPlusInc
      00005A A5*00            [ 3]  164 	lda	*_wcscmp_sloc0_1_0
      00005C 18               [ 2]  165 	clc
      00005D 69 04            [ 2]  166 	adc	#0x04
      00005F 85*00            [ 3]  167 	sta	*_wcscmp_sloc0_1_0
      000061 90 02            [ 4]  168 	bcc	00149$
      000063 E6*01            [ 5]  169 	inc	*(_wcscmp_sloc0_1_0 + 1)
      000065                        170 00149$:
                                    171 ;	Raw cost for generated ic 18 : (11, 17.600000) count=1.285713
                                    172 ;	genPlus
                                    173 ;	  genPlusInc
      000065 A5*02            [ 3]  174 	lda	*_wcscmp_sloc1_1_0
      000067 18               [ 2]  175 	clc
      000068 69 04            [ 2]  176 	adc	#0x04
      00006A 85*02            [ 3]  177 	sta	*_wcscmp_sloc1_1_0
      00006C 90 A0            [ 4]  178 	bcc	00102$
      00006E E6*03            [ 5]  179 	inc	*(_wcscmp_sloc1_1_0 + 1)
                                    180 ;	Raw cost for generated ic 21 : (11, 17.600000) count=1.285713
                                    181 ;	genGoto
      000070 4Cr0Er00         [ 3]  182 	jmp	00102$
                                    183 ;	Raw cost for generated ic 23 : (3, 3.000000) count=1.285713
                                    184 ;	genLabel
      000073                        185 00104$:
                                    186 ;	Raw cost for generated ic 24 : (0, 0.000000) count=0.999999
                                    187 ;	../wcscmp.c: 36: if(*s1 < *s2)
                                    188 ;	genPointerGet
      000073 A0 00            [ 2]  189 	ldy	#0x00
      000075 B1*00            [ 6]  190 	lda	[*_wcscmp_sloc0_1_0],y
      000077 85*08            [ 3]  191 	sta	*_wcscmp_sloc3_1_0
      000079 C8               [ 2]  192 	iny
      00007A B1*00            [ 6]  193 	lda	[*_wcscmp_sloc0_1_0],y
      00007C 85*09            [ 3]  194 	sta	*(_wcscmp_sloc3_1_0 + 1)
      00007E C8               [ 2]  195 	iny
      00007F B1*00            [ 6]  196 	lda	[*_wcscmp_sloc0_1_0],y
      000081 85*0A            [ 3]  197 	sta	*(_wcscmp_sloc3_1_0 + 2)
      000083 C8               [ 2]  198 	iny
      000084 B1*00            [ 6]  199 	lda	[*_wcscmp_sloc0_1_0],y
      000086 85*0B            [ 3]  200 	sta	*(_wcscmp_sloc3_1_0 + 3)
                                    201 ;	Raw cost for generated ic 26 : (21, 40.000000) count=0.999999
                                    202 ;	genPointerGet
      000088 A0 00            [ 2]  203 	ldy	#0x00
      00008A B1*02            [ 6]  204 	lda	[*_wcscmp_sloc1_1_0],y
      00008C 85*04            [ 3]  205 	sta	*_wcscmp_sloc2_1_0
      00008E C8               [ 2]  206 	iny
      00008F B1*02            [ 6]  207 	lda	[*_wcscmp_sloc1_1_0],y
      000091 85*05            [ 3]  208 	sta	*(_wcscmp_sloc2_1_0 + 1)
      000093 C8               [ 2]  209 	iny
      000094 B1*02            [ 6]  210 	lda	[*_wcscmp_sloc1_1_0],y
      000096 85*06            [ 3]  211 	sta	*(_wcscmp_sloc2_1_0 + 2)
      000098 C8               [ 2]  212 	iny
      000099 B1*02            [ 6]  213 	lda	[*_wcscmp_sloc1_1_0],y
      00009B 85*07            [ 3]  214 	sta	*(_wcscmp_sloc2_1_0 + 3)
                                    215 ;	Raw cost for generated ic 28 : (21, 40.000000) count=0.999999
                                    216 ;	genCmp
      00009D A5*08            [ 3]  217 	lda	*_wcscmp_sloc3_1_0
      00009F 38               [ 2]  218 	sec
      0000A0 E5*04            [ 3]  219 	sbc	*_wcscmp_sloc2_1_0
      0000A2 A5*09            [ 3]  220 	lda	*(_wcscmp_sloc3_1_0 + 1)
      0000A4 E5*05            [ 3]  221 	sbc	*(_wcscmp_sloc2_1_0 + 1)
      0000A6 A5*0A            [ 3]  222 	lda	*(_wcscmp_sloc3_1_0 + 2)
      0000A8 E5*06            [ 3]  223 	sbc	*(_wcscmp_sloc2_1_0 + 2)
      0000AA A5*0B            [ 3]  224 	lda	*(_wcscmp_sloc3_1_0 + 3)
      0000AC E5*07            [ 3]  225 	sbc	*(_wcscmp_sloc2_1_0 + 3)
      0000AE B0 04            [ 4]  226 	bcs	00106$
                                    227 ;	Raw cost for generated ic 29 : (22, 31.600000) count=0.999999
                                    228 ;	skipping generated iCode
                                    229 ;	Raw cost for generated ic 30 : (0, 0.000000) count=0.999999
                                    230 ;	../wcscmp.c: 37: return(-1);
                                    231 ;	genRet
      0000B0 A9 FF            [ 2]  232 	lda	#0xff
      0000B2 AA               [ 2]  233 	tax
      0000B3 60               [ 6]  234 	rts
                                    235 ;	Raw cost for generated ic 33 : (6, 7.000000) count=0.749999
                                    236 ;	genLabel
      0000B4                        237 00106$:
                                    238 ;	Raw cost for generated ic 34 : (0, 0.000000) count=0.999998
                                    239 ;	../wcscmp.c: 38: if(*s1 > *s2)
                                    240 ;	genCmp
      0000B4 A5*04            [ 3]  241 	lda	*_wcscmp_sloc2_1_0
      0000B6 38               [ 2]  242 	sec
      0000B7 E5*08            [ 3]  243 	sbc	*_wcscmp_sloc3_1_0
      0000B9 A5*05            [ 3]  244 	lda	*(_wcscmp_sloc2_1_0 + 1)
      0000BB E5*09            [ 3]  245 	sbc	*(_wcscmp_sloc3_1_0 + 1)
      0000BD A5*06            [ 3]  246 	lda	*(_wcscmp_sloc2_1_0 + 2)
      0000BF E5*0A            [ 3]  247 	sbc	*(_wcscmp_sloc3_1_0 + 2)
      0000C1 A5*07            [ 3]  248 	lda	*(_wcscmp_sloc2_1_0 + 3)
      0000C3 E5*0B            [ 3]  249 	sbc	*(_wcscmp_sloc3_1_0 + 3)
      0000C5 B0 05            [ 4]  250 	bcs	00108$
                                    251 ;	Raw cost for generated ic 39 : (22, 31.600000) count=0.999998
                                    252 ;	skipping generated iCode
                                    253 ;	Raw cost for generated ic 40 : (0, 0.000000) count=0.999998
                                    254 ;	../wcscmp.c: 39: return(1);
                                    255 ;	genRet
      0000C7 A9 01            [ 2]  256 	lda	#0x01
      0000C9 A2 00            [ 2]  257 	ldx	#0x00
      0000CB 60               [ 6]  258 	rts
                                    259 ;	Raw cost for generated ic 43 : (7, 7.000000) count=0.749999
                                    260 ;	genLabel
      0000CC                        261 00108$:
                                    262 ;	Raw cost for generated ic 44 : (0, 0.000000) count=0.999998
                                    263 ;	../wcscmp.c: 40: return(0);
                                    264 ;	genRet
      0000CC A9 00            [ 2]  265 	lda	#0x00
      0000CE AA               [ 2]  266 	tax
                                    267 ;	Raw cost for generated ic 45 : (3, 4.000000) count=0.999998
                                    268 ;	genLabel
                                    269 ;	Raw cost for generated ic 46 : (0, 0.000000) count=0.999998
                                    270 ;	../wcscmp.c: 41: }
                                    271 ;	genEndFunction
      0000CF 60               [ 6]  272 	rts
                                    273 ;	Raw cost for generated ic 47 : (1, 6.000000) count=0.999998
                                    274 	.area CODE
                                    275 	.area RODATA
                                    276 	.area XINIT
                                    277 	.area CABS    (ABS)
