                                      1 ;--------------------------------------------------------
                                      2 ; File Created by SDCC : free open source ISO C Compiler
                                      3 ; Version 4.5.10 #15691 (Linux)
                                      4 ;--------------------------------------------------------
                                      5 	.module _modslong
                                      6 	
      000000                          7 	.r65c02
                                      8 	.optsdcc -mmos65c02
                                      9 
                                     10 ;--------------------------------------------------------
                                     11 ;  Ordering of segments for the linker.
                                     12 ;--------------------------------------------------------
                                     13 	.area ZP      (PAG)
                                     14 	.area OSEG    (PAG, OVR)
                                     15 	.area _CODE
                                     16 	.area GSINIT
                                     17 	.area GSFINAL
                                     18 	.area CODE
                                     19 	.area RODATA
                                     20 	.area XINIT
                                     21 	.area _DATA
                                     22 	.area DATA
                                     23 	.area BSS
                                     24 ;--------------------------------------------------------
                                     25 ; Public variables in this module
                                     26 ;--------------------------------------------------------
                                     27 	.globl __modslong_PARM_2
                                     28 	.globl __modslong_PARM_1
                                     29 	.globl __modslong
                                     30 ;--------------------------------------------------------
                                     31 ; ZP ram data
                                     32 ;--------------------------------------------------------
                                     33 	.area ZP      (PAG)
      000000                         34 __modslong_sloc0_1_0:
      000000                         35 	.ds 4
      000004                         36 __modslong_sloc1_1_0:
      000004                         37 	.ds 4
                                     38 ;--------------------------------------------------------
                                     39 ; overlayable items in ram
                                     40 ;--------------------------------------------------------
                                     41 ;--------------------------------------------------------
                                     42 ; uninitialized external ram data
                                     43 ;--------------------------------------------------------
                                     44 	.area BSS
      000000                         45 __modslong_PARM_1:
      000000                         46 	.ds 4
      000004                         47 __modslong_PARM_2:
      000004                         48 	.ds 4
                                     49 ;--------------------------------------------------------
                                     50 ; absolute external ram data
                                     51 ;--------------------------------------------------------
                                     52 	.area DABS    (ABS)
                                     53 ;--------------------------------------------------------
                                     54 ; initialized external ram data
                                     55 ;--------------------------------------------------------
                                     56 	.area DATA
                                     57 ;--------------------------------------------------------
                                     58 ; global & static initialisations
                                     59 ;--------------------------------------------------------
                                     60 	.area _CODE
                                     61 	.area GSINIT
                                     62 	.area GSFINAL
                                     63 	.area GSINIT
                                     64 ;--------------------------------------------------------
                                     65 ; Home
                                     66 ;--------------------------------------------------------
                                     67 	.area _CODE
                                     68 	.area _CODE
                                     69 ;--------------------------------------------------------
                                     70 ; code
                                     71 ;--------------------------------------------------------
                                     72 	.area CODE
                                     73 ;------------------------------------------------------------
                                     74 ;Allocation info for local variables in function '_modslong'
                                     75 ;------------------------------------------------------------
                                     76 ;sloc0         Allocated with name '__modslong_sloc0_1_0'
                                     77 ;sloc1         Allocated with name '__modslong_sloc1_1_0'
                                     78 ;a             Allocated with name '__modslong_PARM_1'
                                     79 ;b             Allocated with name '__modslong_PARM_2'
                                     80 ;r             Allocated with name '__modslong_r_10000_2'
                                     81 ;------------------------------------------------------------
                                     82 ;	../_modslong.c: 259: _modslong (long a, long b) __SDCC_NONBANKED
                                     83 ;	genLabel
                                     84 ;	Raw cost for generated ic 0 : (0, 0.000000) count=1.000000
                                     85 ;	-----------------------------------------
                                     86 ;	 function _modslong
                                     87 ;	-----------------------------------------
                                     88 ;	Register assignment is optimal.
                                     89 ;	Stack space usage: 0 bytes.
      000000                         90 __modslong:
                                     91 ;	Raw cost for generated ic 1 : (0, 0.000000) count=1.000000
                                     92 ;	../_modslong.c: 263: r = (unsigned long)(a < 0 ? -a : a) % (unsigned long)(b < 0 ? -b : b);
                                     93 ;	genCmp
      000000 2Cr03r00         [ 4]   94 	bit	(__modslong_PARM_1 + 3)
      000003 30 04            [ 4]   95 	bmi	00128$
      000005 A9 00            [ 2]   96 	lda	#0x00
      000007 80 02            [ 4]   97 	bra	00129$
      000009                         98 00128$:
      000009 A9 01            [ 2]   99 	lda	#0x01
      00000B                        100 00129$:
      00000B AA               [ 2]  101 	tax
                                    102 ;	Raw cost for generated ic 2 : (12, 15.200001) count=1.000000
                                    103 ;	genIfx
                                    104 ;	genIfxJump : z
      00000C F0 20            [ 4]  105 	beq	00106$
                                    106 ;	Raw cost for generated ic 3 : (5, 5.600000) count=1.000000
                                    107 ;	genUminus
      00000E A9 00            [ 2]  108 	lda	#0x00
      000010 38               [ 2]  109 	sec
      000011 EDr00r00         [ 5]  110 	sbc	__modslong_PARM_1
      000014 85*00            [ 3]  111 	sta	*__modslong_sloc0_1_0
      000016 A9 00            [ 2]  112 	lda	#0x00
      000018 EDr01r00         [ 5]  113 	sbc	(__modslong_PARM_1 + 1)
      00001B 85*01            [ 3]  114 	sta	*(__modslong_sloc0_1_0 + 1)
      00001D A9 00            [ 2]  115 	lda	#0x00
      00001F EDr02r00         [ 5]  116 	sbc	(__modslong_PARM_1 + 2)
      000022 85*02            [ 3]  117 	sta	*(__modslong_sloc0_1_0 + 2)
      000024 A9 00            [ 2]  118 	lda	#0x00
      000026 EDr03r00         [ 5]  119 	sbc	(__modslong_PARM_1 + 3)
      000029 85*03            [ 3]  120 	sta	*(__modslong_sloc0_1_0 + 3)
                                    121 ;	Raw cost for generated ic 4 : (29, 38.000000) count=0.750000
                                    122 ;	genGoto
      00002B 4Cr42r00         [ 3]  123 	jmp	00107$
                                    124 ;	Raw cost for generated ic 6 : (3, 3.000000) count=0.750000
                                    125 ;	genLabel
      00002E                        126 00106$:
                                    127 ;	Raw cost for generated ic 7 : (0, 0.000000) count=0.250000
                                    128 ;	genAssign
                                    129 ;	genCopy
      00002E ADr03r00         [ 4]  130 	lda	(__modslong_PARM_1 + 3)
      000031 85*03            [ 3]  131 	sta	*(__modslong_sloc0_1_0 + 3)
      000033 ADr02r00         [ 4]  132 	lda	(__modslong_PARM_1 + 2)
      000036 85*02            [ 3]  133 	sta	*(__modslong_sloc0_1_0 + 2)
      000038 ADr01r00         [ 4]  134 	lda	(__modslong_PARM_1 + 1)
      00003B 85*01            [ 3]  135 	sta	*(__modslong_sloc0_1_0 + 1)
      00003D ADr00r00         [ 4]  136 	lda	__modslong_PARM_1
      000040 85*00            [ 3]  137 	sta	*__modslong_sloc0_1_0
                                    138 ;	Raw cost for generated ic 8 : (20, 28.000000) count=0.250000
                                    139 ;	genLabel
      000042                        140 00107$:
                                    141 ;	Raw cost for generated ic 9 : (0, 0.000000) count=1.000000
                                    142 ;	genCast
                                    143 ;	genCopy
                                    144 ;	Raw cost for generated ic 10 : (0, 0.000000) count=1.000000
                                    145 ;	genCmp
      000042 2Cr07r00         [ 4]  146 	bit	(__modslong_PARM_2 + 3)
      000045 10 20            [ 4]  147 	bpl	00108$
                                    148 ;	Raw cost for generated ic 11 : (8, 9.600000) count=1.000000
                                    149 ;	skipping generated iCode
                                    150 ;	Raw cost for generated ic 12 : (0, 0.000000) count=1.000000
                                    151 ;	genUminus
      000047 A9 00            [ 2]  152 	lda	#0x00
      000049 38               [ 2]  153 	sec
      00004A EDr04r00         [ 5]  154 	sbc	__modslong_PARM_2
      00004D 85*04            [ 3]  155 	sta	*__modslong_sloc1_1_0
      00004F A9 00            [ 2]  156 	lda	#0x00
      000051 EDr05r00         [ 5]  157 	sbc	(__modslong_PARM_2 + 1)
      000054 85*05            [ 3]  158 	sta	*(__modslong_sloc1_1_0 + 1)
      000056 A9 00            [ 2]  159 	lda	#0x00
      000058 EDr06r00         [ 5]  160 	sbc	(__modslong_PARM_2 + 2)
      00005B 85*06            [ 3]  161 	sta	*(__modslong_sloc1_1_0 + 2)
      00005D A9 00            [ 2]  162 	lda	#0x00
      00005F EDr07r00         [ 5]  163 	sbc	(__modslong_PARM_2 + 3)
      000062 85*07            [ 3]  164 	sta	*(__modslong_sloc1_1_0 + 3)
                                    165 ;	Raw cost for generated ic 13 : (29, 38.000000) count=0.750000
                                    166 ;	genGoto
      000064 4Cr7Br00         [ 3]  167 	jmp	00109$
                                    168 ;	Raw cost for generated ic 15 : (3, 3.000000) count=0.750000
                                    169 ;	genLabel
      000067                        170 00108$:
                                    171 ;	Raw cost for generated ic 16 : (0, 0.000000) count=0.250000
                                    172 ;	genAssign
                                    173 ;	genCopy
      000067 ADr07r00         [ 4]  174 	lda	(__modslong_PARM_2 + 3)
      00006A 85*07            [ 3]  175 	sta	*(__modslong_sloc1_1_0 + 3)
      00006C ADr06r00         [ 4]  176 	lda	(__modslong_PARM_2 + 2)
      00006F 85*06            [ 3]  177 	sta	*(__modslong_sloc1_1_0 + 2)
      000071 ADr05r00         [ 4]  178 	lda	(__modslong_PARM_2 + 1)
      000074 85*05            [ 3]  179 	sta	*(__modslong_sloc1_1_0 + 1)
      000076 ADr04r00         [ 4]  180 	lda	__modslong_PARM_2
      000079 85*04            [ 3]  181 	sta	*__modslong_sloc1_1_0
                                    182 ;	Raw cost for generated ic 17 : (20, 28.000000) count=0.250000
                                    183 ;	genLabel
      00007B                        184 00109$:
                                    185 ;	Raw cost for generated ic 18 : (0, 0.000000) count=1.000000
                                    186 ;	genCast
                                    187 ;	genCopy
      00007B A5*07            [ 3]  188 	lda	*(__modslong_sloc1_1_0 + 3)
      00007D 8Dr03r00         [ 4]  189 	sta	(__modulong_PARM_2 + 3)
      000080 A5*06            [ 3]  190 	lda	*(__modslong_sloc1_1_0 + 2)
      000082 8Dr02r00         [ 4]  191 	sta	(__modulong_PARM_2 + 2)
      000085 A5*05            [ 3]  192 	lda	*(__modslong_sloc1_1_0 + 1)
      000087 8Dr01r00         [ 4]  193 	sta	(__modulong_PARM_2 + 1)
      00008A A5*04            [ 3]  194 	lda	*__modslong_sloc1_1_0
      00008C 8Dr00r00         [ 4]  195 	sta	__modulong_PARM_2
                                    196 ;	Raw cost for generated ic 19 : (20, 28.000000) count=1.000000
                                    197 ;	genAssign
                                    198 ;	genCopy
      00008F A5*03            [ 3]  199 	lda	*(__modslong_sloc0_1_0 + 3)
      000091 8Dr03r00         [ 4]  200 	sta	(__modulong_PARM_1 + 3)
      000094 A5*02            [ 3]  201 	lda	*(__modslong_sloc0_1_0 + 2)
      000096 8Dr02r00         [ 4]  202 	sta	(__modulong_PARM_1 + 2)
      000099 A5*01            [ 3]  203 	lda	*(__modslong_sloc0_1_0 + 1)
      00009B 8Dr01r00         [ 4]  204 	sta	(__modulong_PARM_1 + 1)
      00009E A5*00            [ 3]  205 	lda	*__modslong_sloc0_1_0
      0000A0 8Dr00r00         [ 4]  206 	sta	__modulong_PARM_1
                                    207 ;	Raw cost for generated ic 34 : (20, 28.000000) count=1.000000
                                    208 ;	../_modslong.c: 265: if (a < 0)
                                    209 ;	genCall
      0000A3 DA               [ 3]  210 	phx
      0000A4 20r00r00         [ 6]  211 	jsr	__modulong
                                    212 ;	assignResultValue
      0000A7 85*04            [ 3]  213 	sta	*__modslong_sloc1_1_0
      0000A9 86*05            [ 3]  214 	stx	*(__modslong_sloc1_1_0 + 1)
      0000AB A5*00            [ 3]  215 	lda	*___SDCC_m6502_ret2
      0000AD 85*06            [ 3]  216 	sta	*(__modslong_sloc1_1_0 + 2)
      0000AF A5*00            [ 3]  217 	lda	*___SDCC_m6502_ret3
      0000B1 85*07            [ 3]  218 	sta	*(__modslong_sloc1_1_0 + 3)
      0000B3 FA               [ 4]  219 	plx
                                    220 ;	Raw cost for generated ic 36 : (17, 31.000000) count=1.000000
                                    221 ;	genIfx
                                    222 ;	genIfxJump : z
      0000B4 F0 24            [ 4]  223 	beq	00102$
                                    224 ;	Raw cost for generated ic 23 : (5, 5.600000) count=1.000000
                                    225 ;	../_modslong.c: 266: return -r;
                                    226 ;	genUminus
      0000B6 A9 00            [ 2]  227 	lda	#0x00
      0000B8 38               [ 2]  228 	sec
      0000B9 E5*04            [ 4]  229 	sbc	*__modslong_sloc1_1_0
      0000BB 85*00            [ 3]  230 	sta	*__modslong_sloc0_1_0
      0000BD A9 00            [ 2]  231 	lda	#0x00
      0000BF E5*05            [ 4]  232 	sbc	*(__modslong_sloc1_1_0 + 1)
      0000C1 85*01            [ 3]  233 	sta	*(__modslong_sloc0_1_0 + 1)
      0000C3 A9 00            [ 2]  234 	lda	#0x00
      0000C5 E5*06            [ 4]  235 	sbc	*(__modslong_sloc1_1_0 + 2)
      0000C7 85*02            [ 3]  236 	sta	*(__modslong_sloc0_1_0 + 2)
      0000C9 A9 00            [ 2]  237 	lda	#0x00
      0000CB E5*07            [ 4]  238 	sbc	*(__modslong_sloc1_1_0 + 3)
      0000CD 85*03            [ 3]  239 	sta	*(__modslong_sloc0_1_0 + 3)
                                    240 ;	Raw cost for generated ic 26 : (25, 34.000000) count=0.750000
                                    241 ;	genRet
      0000CF 85*00            [ 3]  242 	sta	*___SDCC_m6502_ret3
      0000D1 A5*02            [ 3]  243 	lda	*(__modslong_sloc0_1_0 + 2)
      0000D3 85*00            [ 3]  244 	sta	*___SDCC_m6502_ret2
      0000D5 A6*01            [ 3]  245 	ldx	*(__modslong_sloc0_1_0 + 1)
      0000D7 A5*00            [ 3]  246 	lda	*__modslong_sloc0_1_0
      0000D9 60               [ 6]  247 	rts
                                    248 ;	Raw cost for generated ic 27 : (13, 18.000000) count=0.750000
                                    249 ;	genLabel
      0000DA                        250 00102$:
                                    251 ;	Raw cost for generated ic 29 : (0, 0.000000) count=1.000000
                                    252 ;	../_modslong.c: 268: return r;
                                    253 ;	genRet
      0000DA A5*07            [ 3]  254 	lda	*(__modslong_sloc1_1_0 + 3)
      0000DC 85*00            [ 3]  255 	sta	*___SDCC_m6502_ret3
      0000DE A5*06            [ 3]  256 	lda	*(__modslong_sloc1_1_0 + 2)
      0000E0 85*00            [ 3]  257 	sta	*___SDCC_m6502_ret2
      0000E2 A6*05            [ 3]  258 	ldx	*(__modslong_sloc1_1_0 + 1)
      0000E4 A5*04            [ 3]  259 	lda	*__modslong_sloc1_1_0
                                    260 ;	Raw cost for generated ic 30 : (12, 18.000000) count=1.000000
                                    261 ;	genLabel
                                    262 ;	Raw cost for generated ic 32 : (0, 0.000000) count=1.000000
                                    263 ;	../_modslong.c: 269: }
                                    264 ;	genEndFunction
      0000E6 60               [ 6]  265 	rts
                                    266 ;	Raw cost for generated ic 33 : (1, 6.000000) count=1.000000
                                    267 	.area CODE
                                    268 	.area RODATA
                                    269 	.area XINIT
                                    270 	.area CABS    (ABS)
