                                      1 ;--------------------------------------------------------
                                      2 ; File Created by SDCC : free open source ISO C Compiler
                                      3 ; Version 4.5.10 #15691 (Linux)
                                      4 ;--------------------------------------------------------
                                      5 	.module _slslonglong
                                      6 	
      000000                          7 	.r65c02
                                      8 	.optsdcc -mmos65c02
                                      9 
                                     10 ;--------------------------------------------------------
                                     11 ;  Ordering of segments for the linker.
                                     12 ;--------------------------------------------------------
                                     13 	.area ZP      (PAG)
                                     14 	.area OSEG    (PAG, OVR)
                                     15 	.area _CODE
                                     16 	.area GSINIT
                                     17 	.area GSFINAL
                                     18 	.area CODE
                                     19 	.area RODATA
                                     20 	.area XINIT
                                     21 	.area _DATA
                                     22 	.area DATA
                                     23 	.area BSS
                                     24 ;--------------------------------------------------------
                                     25 ; Public variables in this module
                                     26 ;--------------------------------------------------------
                                     27 	.globl __slslonglong_PARM_2
                                     28 	.globl __slslonglong_PARM_1
                                     29 	.globl __slslonglong
                                     30 ;--------------------------------------------------------
                                     31 ; ZP ram data
                                     32 ;--------------------------------------------------------
                                     33 	.area ZP      (PAG)
      000000                         34 __slslonglong_sloc0_1_0:
      000000                         35 	.ds 8
                                     36 ;--------------------------------------------------------
                                     37 ; overlayable items in ram
                                     38 ;--------------------------------------------------------
                                     39 ;--------------------------------------------------------
                                     40 ; uninitialized external ram data
                                     41 ;--------------------------------------------------------
                                     42 	.area BSS
      000000                         43 __slslonglong_PARM_1:
      000000                         44 	.ds 8
      000008                         45 __slslonglong_PARM_2:
      000008                         46 	.ds 1
                                     47 ;--------------------------------------------------------
                                     48 ; absolute external ram data
                                     49 ;--------------------------------------------------------
                                     50 	.area DABS    (ABS)
                                     51 ;--------------------------------------------------------
                                     52 ; initialized external ram data
                                     53 ;--------------------------------------------------------
                                     54 	.area DATA
                                     55 ;--------------------------------------------------------
                                     56 ; global & static initialisations
                                     57 ;--------------------------------------------------------
                                     58 	.area _CODE
                                     59 	.area GSINIT
                                     60 	.area GSFINAL
                                     61 	.area GSINIT
                                     62 ;--------------------------------------------------------
                                     63 ; Home
                                     64 ;--------------------------------------------------------
                                     65 	.area _CODE
                                     66 	.area _CODE
                                     67 ;--------------------------------------------------------
                                     68 ; code
                                     69 ;--------------------------------------------------------
                                     70 	.area CODE
                                     71 ;------------------------------------------------------------
                                     72 ;Allocation info for local variables in function '_slslonglong'
                                     73 ;------------------------------------------------------------
                                     74 ;sloc0         Allocated with name '__slslonglong_sloc0_1_0'
                                     75 ;l             Allocated with name '__slslonglong_PARM_1'
                                     76 ;s             Allocated with name '__slslonglong_PARM_2'
                                     77 ;------------------------------------------------------------
                                     78 ;	../_slslonglong.c: 35: long long _slslonglong(long long l, char s) __SDCC_NONBANKED
                                     79 ;	genLabel
                                     80 ;	Raw cost for generated ic 0 : (0, 0.000000) count=1.000000
                                     81 ;	-----------------------------------------
                                     82 ;	 function _slslonglong
                                     83 ;	-----------------------------------------
                                     84 ;	Register assignment is optimal.
                                     85 ;	Stack space usage: 0 bytes.
      000000                         86 __slslonglong:
                                     87 ;	Raw cost for generated ic 1 : (0, 0.000000) count=1.000000
                                     88 ;	../_slslonglong.c: 37: return((unsigned long long)(l) << s);
                                     89 ;	genCast
                                     90 ;	genCopy
      000000 ADr07r00         [ 4]   91 	lda	(__slslonglong_PARM_1 + 7)
      000003 8Dr07r00         [ 4]   92 	sta	(__slulonglong_PARM_1 + 7)
      000006 ADr06r00         [ 4]   93 	lda	(__slslonglong_PARM_1 + 6)
      000009 8Dr06r00         [ 4]   94 	sta	(__slulonglong_PARM_1 + 6)
      00000C ADr05r00         [ 4]   95 	lda	(__slslonglong_PARM_1 + 5)
      00000F 8Dr05r00         [ 4]   96 	sta	(__slulonglong_PARM_1 + 5)
      000012 ADr04r00         [ 4]   97 	lda	(__slslonglong_PARM_1 + 4)
      000015 8Dr04r00         [ 4]   98 	sta	(__slulonglong_PARM_1 + 4)
      000018 ADr03r00         [ 4]   99 	lda	(__slslonglong_PARM_1 + 3)
      00001B 8Dr03r00         [ 4]  100 	sta	(__slulonglong_PARM_1 + 3)
      00001E ADr02r00         [ 4]  101 	lda	(__slslonglong_PARM_1 + 2)
      000021 8Dr02r00         [ 4]  102 	sta	(__slulonglong_PARM_1 + 2)
      000024 ADr01r00         [ 4]  103 	lda	(__slslonglong_PARM_1 + 1)
      000027 8Dr01r00         [ 4]  104 	sta	(__slulonglong_PARM_1 + 1)
      00002A ADr00r00         [ 4]  105 	lda	__slslonglong_PARM_1
      00002D 8Dr00r00         [ 4]  106 	sta	__slulonglong_PARM_1
                                    107 ;	Raw cost for generated ic 2 : (48, 64.000000) count=1.000000
                                    108 ;	genCast
                                    109 ;	genCopy
      000030 ADr08r00         [ 4]  110 	lda	__slslonglong_PARM_2
      000033 8Dr00r00         [ 4]  111 	sta	__slulonglong_PARM_2
                                    112 ;	Raw cost for generated ic 7 : (6, 8.000000) count=1.000000
                                    113 ;	genCall
      000036 20r00r00         [ 6]  114 	jsr	__slulonglong
                                    115 ;	assignResultValue
      000039 85*00            [ 3]  116 	sta	*__slslonglong_sloc0_1_0
      00003B 86*01            [ 3]  117 	stx	*(__slslonglong_sloc0_1_0 + 1)
      00003D A5*00            [ 3]  118 	lda	*___SDCC_m6502_ret2
      00003F 85*02            [ 3]  119 	sta	*(__slslonglong_sloc0_1_0 + 2)
      000041 A5*00            [ 3]  120 	lda	*___SDCC_m6502_ret3
      000043 85*03            [ 3]  121 	sta	*(__slslonglong_sloc0_1_0 + 3)
      000045 A5*00            [ 3]  122 	lda	*___SDCC_m6502_ret4
      000047 85*04            [ 3]  123 	sta	*(__slslonglong_sloc0_1_0 + 4)
      000049 A5*00            [ 3]  124 	lda	*___SDCC_m6502_ret5
      00004B 85*05            [ 3]  125 	sta	*(__slslonglong_sloc0_1_0 + 5)
      00004D A5*00            [ 3]  126 	lda	*___SDCC_m6502_ret6
      00004F 85*06            [ 3]  127 	sta	*(__slslonglong_sloc0_1_0 + 6)
      000051 A5*00            [ 3]  128 	lda	*___SDCC_m6502_ret7
      000053 85*07            [ 3]  129 	sta	*(__slslonglong_sloc0_1_0 + 7)
                                    130 ;	Raw cost for generated ic 10 : (31, 48.000000) count=1.000000
                                    131 ;	genRet
      000055 85*00            [ 3]  132 	sta	*___SDCC_m6502_ret7
      000057 A5*06            [ 3]  133 	lda	*(__slslonglong_sloc0_1_0 + 6)
      000059 85*00            [ 3]  134 	sta	*___SDCC_m6502_ret6
      00005B A5*05            [ 3]  135 	lda	*(__slslonglong_sloc0_1_0 + 5)
      00005D 85*00            [ 3]  136 	sta	*___SDCC_m6502_ret5
      00005F A5*04            [ 3]  137 	lda	*(__slslonglong_sloc0_1_0 + 4)
      000061 85*00            [ 3]  138 	sta	*___SDCC_m6502_ret4
      000063 A5*03            [ 3]  139 	lda	*(__slslonglong_sloc0_1_0 + 3)
      000065 85*00            [ 3]  140 	sta	*___SDCC_m6502_ret3
      000067 A5*02            [ 3]  141 	lda	*(__slslonglong_sloc0_1_0 + 2)
      000069 85*00            [ 3]  142 	sta	*___SDCC_m6502_ret2
      00006B A5*00            [ 3]  143 	lda	*__slslonglong_sloc0_1_0
                                    144 ;	Raw cost for generated ic 4 : (24, 36.000000) count=1.000000
                                    145 ;	genLabel
                                    146 ;	Raw cost for generated ic 5 : (0, 0.000000) count=1.000000
                                    147 ;	../_slslonglong.c: 38: }
                                    148 ;	genEndFunction
      00006D 60               [ 6]  149 	rts
                                    150 ;	Raw cost for generated ic 6 : (1, 6.000000) count=1.000000
                                    151 	.area CODE
                                    152 	.area RODATA
                                    153 	.area XINIT
                                    154 	.area CABS    (ABS)
