                                      1 ;--------------------------------------------------------
                                      2 ; File Created by SDCC : free open source ISO C Compiler
                                      3 ; Version 4.5.10 #15691 (Linux)
                                      4 ;--------------------------------------------------------
                                      5 	.module ceilf
                                      6 	
      000000                          7 	.r65c02
                                      8 	.optsdcc -mmos65c02
                                      9 
                                     10 ;--------------------------------------------------------
                                     11 ;  Ordering of segments for the linker.
                                     12 ;--------------------------------------------------------
                                     13 	.area ZP      (PAG)
                                     14 	.area OSEG    (PAG, OVR)
                                     15 	.area _CODE
                                     16 	.area GSINIT
                                     17 	.area GSFINAL
                                     18 	.area CODE
                                     19 	.area RODATA
                                     20 	.area XINIT
                                     21 	.area _DATA
                                     22 	.area DATA
                                     23 	.area BSS
                                     24 ;--------------------------------------------------------
                                     25 ; Public variables in this module
                                     26 ;--------------------------------------------------------
                                     27 	.globl _ceilf_PARM_1
                                     28 	.globl _ceilf
                                     29 ;--------------------------------------------------------
                                     30 ; ZP ram data
                                     31 ;--------------------------------------------------------
                                     32 	.area ZP      (PAG)
      000000                         33 _ceilf_sloc0_1_0:
      000000                         34 	.ds 4
      000004                         35 _ceilf_sloc1_1_0:
      000004                         36 	.ds 4
                                     37 ;--------------------------------------------------------
                                     38 ; overlayable items in ram
                                     39 ;--------------------------------------------------------
                                     40 ;--------------------------------------------------------
                                     41 ; uninitialized external ram data
                                     42 ;--------------------------------------------------------
                                     43 	.area BSS
      000000                         44 _ceilf_PARM_1:
      000000                         45 	.ds 4
                                     46 ;--------------------------------------------------------
                                     47 ; absolute external ram data
                                     48 ;--------------------------------------------------------
                                     49 	.area DABS    (ABS)
                                     50 ;--------------------------------------------------------
                                     51 ; initialized external ram data
                                     52 ;--------------------------------------------------------
                                     53 	.area DATA
                                     54 ;--------------------------------------------------------
                                     55 ; global & static initialisations
                                     56 ;--------------------------------------------------------
                                     57 	.area _CODE
                                     58 	.area GSINIT
                                     59 	.area GSFINAL
                                     60 	.area GSINIT
                                     61 ;--------------------------------------------------------
                                     62 ; Home
                                     63 ;--------------------------------------------------------
                                     64 	.area _CODE
                                     65 	.area _CODE
                                     66 ;--------------------------------------------------------
                                     67 ; code
                                     68 ;--------------------------------------------------------
                                     69 	.area CODE
                                     70 ;------------------------------------------------------------
                                     71 ;Allocation info for local variables in function 'ceilf'
                                     72 ;------------------------------------------------------------
                                     73 ;sloc0         Allocated with name '_ceilf_sloc0_1_0'
                                     74 ;sloc1         Allocated with name '_ceilf_sloc1_1_0'
                                     75 ;x             Allocated with name '_ceilf_PARM_1'
                                     76 ;r             Allocated with name '_ceilf_r_10000_26'
                                     77 ;------------------------------------------------------------
                                     78 ;	../ceilf.c: 33: float ceilf(float x) _FLOAT_FUNC_REENTRANT
                                     79 ;	genLabel
                                     80 ;	Raw cost for generated ic 0 : (0, 0.000000) count=1.000000
                                     81 ;	-----------------------------------------
                                     82 ;	 function ceilf
                                     83 ;	-----------------------------------------
                                     84 ;	Register assignment is optimal.
                                     85 ;	Stack space usage: 0 bytes.
      000000                         86 _ceilf:
                                     87 ;	Raw cost for generated ic 1 : (0, 0.000000) count=1.000000
                                     88 ;	../ceilf.c: 36: r=x;
                                     89 ;	genAssign
                                     90 ;	genCopy
      000000 ADr03r00         [ 4]   91 	lda	(_ceilf_PARM_1 + 3)
      000003 8Dr03r00         [ 4]   92 	sta	(___fs2slong_PARM_1 + 3)
      000006 ADr02r00         [ 4]   93 	lda	(_ceilf_PARM_1 + 2)
      000009 8Dr02r00         [ 4]   94 	sta	(___fs2slong_PARM_1 + 2)
      00000C ADr01r00         [ 4]   95 	lda	(_ceilf_PARM_1 + 1)
      00000F 8Dr01r00         [ 4]   96 	sta	(___fs2slong_PARM_1 + 1)
      000012 ADr00r00         [ 4]   97 	lda	_ceilf_PARM_1
      000015 8Dr00r00         [ 4]   98 	sta	___fs2slong_PARM_1
                                     99 ;	Raw cost for generated ic 27 : (24, 32.000000) count=1.000000
                                    100 ;	genCall
      000018 20r00r00         [ 6]  101 	jsr	___fs2slong
                                    102 ;	assignResultValue
      00001B 85*00            [ 3]  103 	sta	*_ceilf_sloc0_1_0
      00001D 86*01            [ 3]  104 	stx	*(_ceilf_sloc0_1_0 + 1)
      00001F A5*00            [ 3]  105 	lda	*___SDCC_m6502_ret2
      000021 85*02            [ 3]  106 	sta	*(_ceilf_sloc0_1_0 + 2)
      000023 A5*00            [ 3]  107 	lda	*___SDCC_m6502_ret3
      000025 85*03            [ 3]  108 	sta	*(_ceilf_sloc0_1_0 + 3)
                                    109 ;	Raw cost for generated ic 28 : (15, 24.000000) count=1.000000
                                    110 ;	../ceilf.c: 37: if (r<0)
                                    111 ;	genCmp
      000027 24*03            [ 3]  112 	bit	*(_ceilf_sloc0_1_0 + 3)
      000029 10 29            [ 4]  113 	bpl	00102$
                                    114 ;	Raw cost for generated ic 4 : (7, 8.600000) count=1.000000
                                    115 ;	skipping generated iCode
                                    116 ;	Raw cost for generated ic 5 : (0, 0.000000) count=1.000000
                                    117 ;	../ceilf.c: 38: return r;
                                    118 ;	genAssign
                                    119 ;	genCopy
      00002B 8Dr03r00         [ 4]  120 	sta	(___slong2fs_PARM_1 + 3)
      00002E A5*02            [ 3]  121 	lda	*(_ceilf_sloc0_1_0 + 2)
      000030 8Dr02r00         [ 4]  122 	sta	(___slong2fs_PARM_1 + 2)
      000033 8A               [ 2]  123 	txa
      000034 8Dr01r00         [ 4]  124 	sta	(___slong2fs_PARM_1 + 1)
      000037 A5*00            [ 3]  125 	lda	*_ceilf_sloc0_1_0
      000039 8Dr00r00         [ 4]  126 	sta	___slong2fs_PARM_1
                                    127 ;	Raw cost for generated ic 29 : (17, 24.000000) count=0.750000
                                    128 ;	genCall
      00003C 20r00r00         [ 6]  129 	jsr	___slong2fs
                                    130 ;	assignResultValue
      00003F 85*04            [ 3]  131 	sta	*_ceilf_sloc1_1_0
      000041 86*05            [ 3]  132 	stx	*(_ceilf_sloc1_1_0 + 1)
      000043 A5*00            [ 3]  133 	lda	*___SDCC_m6502_ret2
      000045 85*06            [ 3]  134 	sta	*(_ceilf_sloc1_1_0 + 2)
      000047 A5*00            [ 3]  135 	lda	*___SDCC_m6502_ret3
      000049 85*07            [ 3]  136 	sta	*(_ceilf_sloc1_1_0 + 3)
                                    137 ;	Raw cost for generated ic 30 : (15, 24.000000) count=0.750000
                                    138 ;	genRet
      00004B 85*00            [ 3]  139 	sta	*___SDCC_m6502_ret3
      00004D A5*06            [ 3]  140 	lda	*(_ceilf_sloc1_1_0 + 2)
      00004F 85*00            [ 3]  141 	sta	*___SDCC_m6502_ret2
      000051 A5*04            [ 3]  142 	lda	*_ceilf_sloc1_1_0
      000053 60               [ 6]  143 	rts
                                    144 ;	Raw cost for generated ic 9 : (11, 15.000000) count=0.750000
                                    145 ;	genLabel
      000054                        146 00102$:
                                    147 ;	Raw cost for generated ic 11 : (0, 0.000000) count=1.000000
                                    148 ;	../ceilf.c: 40: return (r+((r<x)?1:0));
                                    149 ;	genAssign
                                    150 ;	genCopy
      000054 A5*03            [ 3]  151 	lda	*(_ceilf_sloc0_1_0 + 3)
      000056 8Dr03r00         [ 4]  152 	sta	(___slong2fs_PARM_1 + 3)
      000059 A5*02            [ 3]  153 	lda	*(_ceilf_sloc0_1_0 + 2)
      00005B 8Dr02r00         [ 4]  154 	sta	(___slong2fs_PARM_1 + 2)
      00005E A5*01            [ 3]  155 	lda	*(_ceilf_sloc0_1_0 + 1)
      000060 8Dr01r00         [ 4]  156 	sta	(___slong2fs_PARM_1 + 1)
      000063 A5*00            [ 3]  157 	lda	*_ceilf_sloc0_1_0
      000065 8Dr00r00         [ 4]  158 	sta	___slong2fs_PARM_1
                                    159 ;	Raw cost for generated ic 31 : (20, 28.000000) count=1.000000
                                    160 ;	genCall
      000068 20r00r00         [ 6]  161 	jsr	___slong2fs
                                    162 ;	assignResultValue
      00006B 8Dr00r00         [ 4]  163 	sta	___fslt_PARM_1
      00006E 8Er01r00         [ 4]  164 	stx	(___fslt_PARM_1 + 1)
      000071 A5*00            [ 3]  165 	lda	*___SDCC_m6502_ret2
      000073 8Dr02r00         [ 4]  166 	sta	(___fslt_PARM_1 + 2)
      000076 A5*00            [ 3]  167 	lda	*___SDCC_m6502_ret3
      000078 8Dr03r00         [ 4]  168 	sta	(___fslt_PARM_1 + 3)
                                    169 ;	Raw cost for generated ic 32 : (19, 28.000000) count=1.000000
                                    170 ;	genAssign
                                    171 ;	genCopy
      00007B ADr03r00         [ 4]  172 	lda	(_ceilf_PARM_1 + 3)
      00007E 8Dr03r00         [ 4]  173 	sta	(___fslt_PARM_2 + 3)
      000081 ADr02r00         [ 4]  174 	lda	(_ceilf_PARM_1 + 2)
      000084 8Dr02r00         [ 4]  175 	sta	(___fslt_PARM_2 + 2)
      000087 ADr01r00         [ 4]  176 	lda	(_ceilf_PARM_1 + 1)
      00008A 8Dr01r00         [ 4]  177 	sta	(___fslt_PARM_2 + 1)
      00008D ADr00r00         [ 4]  178 	lda	_ceilf_PARM_1
      000090 8Dr00r00         [ 4]  179 	sta	___fslt_PARM_2
                                    180 ;	Raw cost for generated ic 34 : (24, 32.000000) count=1.000000
                                    181 ;	genCall
      000093 20r00r00         [ 6]  182 	jsr	___fslt
                                    183 ;	assignResultValue
                                    184 ;	Raw cost for generated ic 35 : (3, 6.000000) count=1.000000
                                    185 ;	genIfx
      000096 C9 00            [ 2]  186 	cmp	#0x00
                                    187 ;	genIfxJump : z
      000098 F0 05            [ 4]  188 	beq	00106$
                                    189 ;	Raw cost for generated ic 14 : (7, 7.600000) count=1.000000
                                    190 ;	genAssign
                                    191 ;	genCopy
      00009A A9 01            [ 2]  192 	lda	#0x01
                                    193 ;	Raw cost for generated ic 15 : (2, 2.000000) count=0.750000
                                    194 ;	genGoto
      00009C 4CrA1r00         [ 3]  195 	jmp	00107$
                                    196 ;	Raw cost for generated ic 16 : (3, 3.000000) count=0.750000
                                    197 ;	genLabel
      00009F                        198 00106$:
                                    199 ;	Raw cost for generated ic 17 : (0, 0.000000) count=0.250000
                                    200 ;	genAssign
                                    201 ;	genCopy
      00009F A9 00            [ 2]  202 	lda	#0x00
                                    203 ;	Raw cost for generated ic 18 : (2, 2.000000) count=0.250000
                                    204 ;	genLabel
      0000A1                        205 00107$:
                                    206 ;	Raw cost for generated ic 19 : (0, 0.000000) count=1.000000
                                    207 ;	genCast
      0000A1 85*04            [ 3]  208 	sta	*_ceilf_sloc1_1_0
      0000A3 64*05            [ 3]  209 	stz	*(_ceilf_sloc1_1_0 + 1)
      0000A5 64*06            [ 3]  210 	stz	*(_ceilf_sloc1_1_0 + 2)
      0000A7 64*07            [ 3]  211 	stz	*(_ceilf_sloc1_1_0 + 3)
                                    212 ;	Raw cost for generated ic 20 : (11, 15.000000) count=1.000000
                                    213 ;	genPlus
      0000A9 A5*00            [ 3]  214 	lda	*_ceilf_sloc0_1_0
      0000AB 18               [ 2]  215 	clc
      0000AC 65*04            [ 4]  216 	adc	*_ceilf_sloc1_1_0
      0000AE 8Dr00r00         [ 4]  217 	sta	___slong2fs_PARM_1
      0000B1 A5*01            [ 3]  218 	lda	*(_ceilf_sloc0_1_0 + 1)
      0000B3 65*05            [ 4]  219 	adc	*(_ceilf_sloc1_1_0 + 1)
      0000B5 8Dr01r00         [ 4]  220 	sta	(___slong2fs_PARM_1 + 1)
      0000B8 A5*02            [ 3]  221 	lda	*(_ceilf_sloc0_1_0 + 2)
      0000BA 65*06            [ 4]  222 	adc	*(_ceilf_sloc1_1_0 + 2)
      0000BC 8Dr02r00         [ 4]  223 	sta	(___slong2fs_PARM_1 + 2)
      0000BF A5*03            [ 3]  224 	lda	*(_ceilf_sloc0_1_0 + 3)
      0000C1 65*07            [ 4]  225 	adc	*(_ceilf_sloc1_1_0 + 3)
      0000C3 8Dr03r00         [ 4]  226 	sta	(___slong2fs_PARM_1 + 3)
                                    227 ;	Raw cost for generated ic 21 : (29, 42.000000) count=1.000000
                                    228 ;	genCall
      0000C6 20r00r00         [ 6]  229 	jsr	___slong2fs
                                    230 ;	assignResultValue
      0000C9 85*04            [ 3]  231 	sta	*_ceilf_sloc1_1_0
      0000CB 86*05            [ 3]  232 	stx	*(_ceilf_sloc1_1_0 + 1)
      0000CD A5*00            [ 3]  233 	lda	*___SDCC_m6502_ret2
      0000CF 85*06            [ 3]  234 	sta	*(_ceilf_sloc1_1_0 + 2)
      0000D1 A5*00            [ 3]  235 	lda	*___SDCC_m6502_ret3
      0000D3 85*07            [ 3]  236 	sta	*(_ceilf_sloc1_1_0 + 3)
                                    237 ;	Raw cost for generated ic 37 : (15, 24.000000) count=1.000000
                                    238 ;	genRet
      0000D5 85*00            [ 3]  239 	sta	*___SDCC_m6502_ret3
      0000D7 A5*06            [ 3]  240 	lda	*(_ceilf_sloc1_1_0 + 2)
      0000D9 85*00            [ 3]  241 	sta	*___SDCC_m6502_ret2
      0000DB A5*04            [ 3]  242 	lda	*_ceilf_sloc1_1_0
                                    243 ;	Raw cost for generated ic 23 : (8, 12.000000) count=1.000000
                                    244 ;	genLabel
                                    245 ;	Raw cost for generated ic 25 : (0, 0.000000) count=1.000000
                                    246 ;	../ceilf.c: 41: }
                                    247 ;	genEndFunction
      0000DD 60               [ 6]  248 	rts
                                    249 ;	Raw cost for generated ic 26 : (1, 6.000000) count=1.000000
                                    250 	.area CODE
                                    251 	.area RODATA
                                    252 	.area XINIT
                                    253 	.area CABS    (ABS)
