                                      1 ;--------------------------------------------------------
                                      2 ; File Created by SDCC : free open source ISO C Compiler
                                      3 ; Version 4.5.10 #15691 (Linux)
                                      4 ;--------------------------------------------------------
                                      5 	.module isdigit
                                      6 	
      000000                          7 	.r65c02
                                      8 	.optsdcc -mmos65c02
                                      9 
                                     10 ;--------------------------------------------------------
                                     11 ;  Ordering of segments for the linker.
                                     12 ;--------------------------------------------------------
                                     13 	.area ZP      (PAG)
                                     14 	.area OSEG    (PAG, OVR)
                                     15 	.area _CODE
                                     16 	.area GSINIT
                                     17 	.area GSFINAL
                                     18 	.area CODE
                                     19 	.area RODATA
                                     20 	.area XINIT
                                     21 	.area _DATA
                                     22 	.area DATA
                                     23 	.area BSS
                                     24 ;--------------------------------------------------------
                                     25 ; Public variables in this module
                                     26 ;--------------------------------------------------------
                                     27 	.globl _isdigit
                                     28 ;--------------------------------------------------------
                                     29 ; ZP ram data
                                     30 ;--------------------------------------------------------
                                     31 	.area ZP      (PAG)
                                     32 ;--------------------------------------------------------
                                     33 ; overlayable items in ram
                                     34 ;--------------------------------------------------------
                                     35 ;--------------------------------------------------------
                                     36 ; uninitialized external ram data
                                     37 ;--------------------------------------------------------
                                     38 	.area BSS
                                     39 ;--------------------------------------------------------
                                     40 ; absolute external ram data
                                     41 ;--------------------------------------------------------
                                     42 	.area DABS    (ABS)
                                     43 ;--------------------------------------------------------
                                     44 ; initialized external ram data
                                     45 ;--------------------------------------------------------
                                     46 	.area DATA
                                     47 ;--------------------------------------------------------
                                     48 ; global & static initialisations
                                     49 ;--------------------------------------------------------
                                     50 	.area _CODE
                                     51 	.area GSINIT
                                     52 	.area GSFINAL
                                     53 	.area GSINIT
                                     54 ;--------------------------------------------------------
                                     55 ; Home
                                     56 ;--------------------------------------------------------
                                     57 	.area _CODE
                                     58 	.area _CODE
                                     59 ;--------------------------------------------------------
                                     60 ; code
                                     61 ;--------------------------------------------------------
                                     62 	.area CODE
                                     63 ;------------------------------------------------------------
                                     64 ;Allocation info for local variables in function 'isdigit'
                                     65 ;------------------------------------------------------------
                                     66 ;c             Allocated to registers a x 
                                     67 ;------------------------------------------------------------
                                     68 ;	./../../include/ctype.h: 60: inline int isdigit (int c)
                                     69 ;	genLabel
                                     70 ;	Raw cost for generated ic 0 : (0, 0.000000) count=1.000000
                                     71 ;	-----------------------------------------
                                     72 ;	 function isdigit
                                     73 ;	-----------------------------------------
                                     74 ;	Register assignment is optimal.
                                     75 ;	Stack space usage: 0 bytes.
      000000                         76 _isdigit:
                                     77 ;	Raw cost for generated ic 1 : (0, 0.000000) count=1.000000
                                     78 ;	genReceive
                                     79 ;	Raw cost for generated ic 2 : (0, 0.000000) count=1.000000
                                     80 ;	./../../include/ctype.h: 62: return ((unsigned char)c >= '0' && (unsigned char)c <= '9');
                                     81 ;	genCast
                                     82 ;	genCopy
                                     83 ;	Raw cost for generated ic 3 : (0, 0.000000) count=1.000000
                                     84 ;	genCmp
      000000 C9 30            [ 2]   85 	cmp	#0x30
      000002 90 06            [ 4]   86 	bcc	00103$
                                     87 ;	Raw cost for generated ic 4 : (7, 7.600000) count=1.000000
                                     88 ;	skipping generated iCode
                                     89 ;	Raw cost for generated ic 6 : (0, 0.000000) count=1.000000
                                     90 ;	genCmp
      000004 C9 39            [ 2]   91 	cmp	#0x39
      000006 F0 07            [ 4]   92 	beq	00104$
      000008 90 05            [ 4]   93 	bcc	00104$
                                     94 ;	Raw cost for generated ic 8 : (9, 10.200000) count=0.750000
                                     95 ;	skipping generated iCode
                                     96 ;	Raw cost for generated ic 10 : (0, 0.000000) count=0.750000
                                     97 ;	genLabel
      00000A                         98 00103$:
                                     99 ;	Raw cost for generated ic 11 : (0, 0.000000) count=0.812500
                                    100 ;	genAssign
                                    101 ;	genCopy
      00000A A9 00            [ 2]  102 	lda	#0x00
                                    103 ;	Raw cost for generated ic 12 : (2, 2.000000) count=0.812500
                                    104 ;	genGoto
      00000C 4Cr11r00         [ 3]  105 	jmp	00105$
                                    106 ;	Raw cost for generated ic 13 : (3, 3.000000) count=0.812500
                                    107 ;	genLabel
      00000F                        108 00104$:
                                    109 ;	Raw cost for generated ic 14 : (0, 0.000000) count=0.187500
                                    110 ;	genAssign
                                    111 ;	genCopy
      00000F A9 01            [ 2]  112 	lda	#0x01
                                    113 ;	Raw cost for generated ic 15 : (2, 2.000000) count=0.187500
                                    114 ;	genLabel
      000011                        115 00105$:
                                    116 ;	Raw cost for generated ic 16 : (0, 0.000000) count=1.000000
                                    117 ;	genCast
                                    118 ;	genCopy
      000011 A2 00            [ 2]  119 	ldx	#0x00
                                    120 ;	Raw cost for generated ic 17 : (2, 2.000000) count=1.000000
                                    121 ;	genRet
                                    122 ;	Raw cost for generated ic 18 : (0, 0.000000) count=1.000000
                                    123 ;	genLabel
                                    124 ;	Raw cost for generated ic 19 : (0, 0.000000) count=1.000000
                                    125 ;	./../../include/ctype.h: 63: }
                                    126 ;	genEndFunction
      000013 60               [ 6]  127 	rts
                                    128 ;	Raw cost for generated ic 20 : (1, 6.000000) count=1.000000
                                    129 	.area CODE
                                    130 	.area RODATA
                                    131 	.area XINIT
                                    132 	.area CABS    (ABS)
