                                      1 ;--------------------------------------------------------
                                      2 ; File Created by SDCC : free open source ISO C Compiler
                                      3 ; Version 4.5.10 #15691 (Linux)
                                      4 ;--------------------------------------------------------
                                      5 	.module isgraph
                                      6 	
      000000                          7 	.r65c02
                                      8 	.optsdcc -mmos65c02
                                      9 
                                     10 ;--------------------------------------------------------
                                     11 ;  Ordering of segments for the linker.
                                     12 ;--------------------------------------------------------
                                     13 	.area ZP      (PAG)
                                     14 	.area OSEG    (PAG, OVR)
                                     15 	.area _CODE
                                     16 	.area GSINIT
                                     17 	.area GSFINAL
                                     18 	.area CODE
                                     19 	.area RODATA
                                     20 	.area XINIT
                                     21 	.area _DATA
                                     22 	.area DATA
                                     23 	.area BSS
                                     24 ;--------------------------------------------------------
                                     25 ; Public variables in this module
                                     26 ;--------------------------------------------------------
                                     27 	.globl _isgraph
                                     28 ;--------------------------------------------------------
                                     29 ; ZP ram data
                                     30 ;--------------------------------------------------------
                                     31 	.area ZP      (PAG)
                                     32 ;--------------------------------------------------------
                                     33 ; overlayable items in ram
                                     34 ;--------------------------------------------------------
                                     35 ;--------------------------------------------------------
                                     36 ; uninitialized external ram data
                                     37 ;--------------------------------------------------------
                                     38 	.area BSS
      000000                         39 _isgraph_c_10000_21:
      000000                         40 	.ds 2
                                     41 ;--------------------------------------------------------
                                     42 ; absolute external ram data
                                     43 ;--------------------------------------------------------
                                     44 	.area DABS    (ABS)
                                     45 ;--------------------------------------------------------
                                     46 ; initialized external ram data
                                     47 ;--------------------------------------------------------
                                     48 	.area DATA
                                     49 ;--------------------------------------------------------
                                     50 ; global & static initialisations
                                     51 ;--------------------------------------------------------
                                     52 	.area _CODE
                                     53 	.area GSINIT
                                     54 	.area GSFINAL
                                     55 	.area GSINIT
                                     56 ;--------------------------------------------------------
                                     57 ; Home
                                     58 ;--------------------------------------------------------
                                     59 	.area _CODE
                                     60 	.area _CODE
                                     61 ;--------------------------------------------------------
                                     62 ; code
                                     63 ;--------------------------------------------------------
                                     64 	.area CODE
                                     65 ;------------------------------------------------------------
                                     66 ;Allocation info for local variables in function 'isgraph'
                                     67 ;------------------------------------------------------------
                                     68 ;c             Allocated with name '_isgraph_c_10000_21'
                                     69 ;------------------------------------------------------------
                                     70 ;	../isgraph.c: 33: int isgraph (int c)
                                     71 ;	genLabel
                                     72 ;	Raw cost for generated ic 0 : (0, 0.000000) count=1.000000
                                     73 ;	-----------------------------------------
                                     74 ;	 function isgraph
                                     75 ;	-----------------------------------------
                                     76 ;	Register assignment is optimal.
                                     77 ;	Stack space usage: 0 bytes.
      000000                         78 _isgraph:
                                     79 ;	Raw cost for generated ic 1 : (0, 0.000000) count=1.000000
                                     80 ;	genReceive
      000000 8Dr00r00         [ 4]   81 	sta	_isgraph_c_10000_21
      000003 8Er01r00         [ 4]   82 	stx	(_isgraph_c_10000_21 + 1)
                                     83 ;	Raw cost for generated ic 2 : (6, 8.000000) count=1.000000
                                     84 ;	../isgraph.c: 35: return (c > ' ' && c <= '~');
                                     85 ;	genCmp
      000006 A9 20            [ 2]   86 	lda	#0x20
      000008 38               [ 2]   87 	sec
      000009 EDr00r00         [ 5]   88 	sbc	_isgraph_c_10000_21
      00000C A9 00            [ 2]   89 	lda	#0x00
      00000E EDr01r00         [ 5]   90 	sbc	(_isgraph_c_10000_21 + 1)
      000011 50 04            [ 4]   91 	bvc	00113$
      000013 10 04            [ 4]   92 	bpl	00112$
      000015 30 15            [ 4]   93 	bmi	00103$
      000017                         94 00113$:
      000017 10 13            [ 4]   95 	bpl	00103$
      000019                         96 00112$:
                                     97 ;	Raw cost for generated ic 3 : (22, 27.400002) count=1.000000
                                     98 ;	skipping generated iCode
                                     99 ;	Raw cost for generated ic 4 : (0, 0.000000) count=1.000000
                                    100 ;	genCmp
      000019 A9 7E            [ 2]  101 	lda	#0x7e
      00001B 38               [ 2]  102 	sec
      00001C EDr00r00         [ 5]  103 	sbc	_isgraph_c_10000_21
      00001F A9 00            [ 2]  104 	lda	#0x00
      000021 EDr01r00         [ 5]  105 	sbc	(_isgraph_c_10000_21 + 1)
      000024 50 04            [ 4]  106 	bvc	00116$
      000026 10 04            [ 4]  107 	bpl	00115$
      000028 30 07            [ 4]  108 	bmi	00104$
      00002A                        109 00116$:
      00002A 10 05            [ 4]  110 	bpl	00104$
      00002C                        111 00115$:
                                    112 ;	Raw cost for generated ic 5 : (22, 27.400002) count=0.750000
                                    113 ;	skipping generated iCode
                                    114 ;	Raw cost for generated ic 7 : (0, 0.000000) count=0.750000
                                    115 ;	genLabel
      00002C                        116 00103$:
                                    117 ;	Raw cost for generated ic 8 : (0, 0.000000) count=0.812500
                                    118 ;	genAssign
                                    119 ;	genCopy
      00002C A9 00            [ 2]  120 	lda	#0x00
                                    121 ;	Raw cost for generated ic 9 : (2, 2.000000) count=0.812500
                                    122 ;	genGoto
      00002E 4Cr33r00         [ 3]  123 	jmp	00105$
                                    124 ;	Raw cost for generated ic 10 : (3, 3.000000) count=0.812500
                                    125 ;	genLabel
      000031                        126 00104$:
                                    127 ;	Raw cost for generated ic 11 : (0, 0.000000) count=0.187500
                                    128 ;	genAssign
                                    129 ;	genCopy
      000031 A9 01            [ 2]  130 	lda	#0x01
                                    131 ;	Raw cost for generated ic 12 : (2, 2.000000) count=0.187500
                                    132 ;	genLabel
      000033                        133 00105$:
                                    134 ;	Raw cost for generated ic 13 : (0, 0.000000) count=1.000000
                                    135 ;	genCast
                                    136 ;	genCopy
      000033 A2 00            [ 2]  137 	ldx	#0x00
                                    138 ;	Raw cost for generated ic 14 : (2, 2.000000) count=1.000000
                                    139 ;	genRet
                                    140 ;	Raw cost for generated ic 15 : (0, 0.000000) count=1.000000
                                    141 ;	genLabel
                                    142 ;	Raw cost for generated ic 16 : (0, 0.000000) count=1.000000
                                    143 ;	../isgraph.c: 36: }
                                    144 ;	genEndFunction
      000035 60               [ 6]  145 	rts
                                    146 ;	Raw cost for generated ic 17 : (1, 6.000000) count=1.000000
                                    147 	.area CODE
                                    148 	.area RODATA
                                    149 	.area XINIT
                                    150 	.area CABS    (ABS)
