ASxxxx Linker V03.00 + NoICE + sdld,  page 1.
Hexadecimal  [32-Bits]

Area                                    Addr        Size        Decimal Bytes (Attributes)
--------------------------------        ----        ----        ------- ----- ------------
CABS                                00000000    00000000 =           0. bytes (ABS,CON)

      Value  Global                              Global Defined In Module
      -----  --------------------------------   ------------------------
     00000000  l_CABS                          
     00000000  l_CODEIVT                       
     00000000  l_DABS                          
     00000000  l_DATA                          
     00000000  l_RODATA                        
     00000000  l_XINIT                         
     00000000  l__CODE                         
     00000000  l__DATA                         
     00000000  s_CABS                          
     00000000  s_CODEIVT                       
     00000000  s_CODEIVT0                      
     00000000  s_DABS                          
     00000001  s_ZP                            
     00000004  l_OSEG                          
     00000006  l_CODEIVT0                      
     00000006  l_GSFINAL                       
     00000008  l_ZP                            
     00000009  l_BSS                           
     00000009  s_OSEG                          
     00000045  l_GSINIT                        
     00000200  s_BSS                           
     00000200  s_DATA                          
     00000200  s__DATA                         
     00000209  s_GSINIT                        
     00000242  l_CODE                          
     0000024E  s_GSFINAL                       
     00000254  s_CODE                          
     00000496  s_RODATA                        
     00000496  s_XINIT                         
     00008000  s__CODE                         
ASxxxx Linker V03.00 + NoICE + sdld,  page 2.
Hexadecimal  [32-Bits]

Area                                    Addr        Size        Decimal Bytes (Attributes)
--------------------------------        ----        ----        ------- ----- ------------
CODEIVT0                            00000000    00000006 =           6. bytes (ABS,CON)

      Value  Global                              Global Defined In Module
      -----  --------------------------------   ------------------------
ASxxxx Linker V03.00 + NoICE + sdld,  page 3.
Hexadecimal  [32-Bits]

Area                                    Addr        Size        Decimal Bytes (Attributes)
--------------------------------        ----        ----        ------- ----- ------------
.  .ABS.                            00000000    00000000 =           0. bytes (ABS,CON)

      Value  Global                              Global Defined In Module
      -----  --------------------------------   ------------------------
     00000000  .__.ABS.                           _startup
     00000020  _zp_var                            test
     00000021  _zp_var2                           test
     00000030  _ind_x_addr_lo                     test
     00000031  _ind_x_addr_hi                     test
     00000040  _ind_y_addr_lo                     test
     00000041  _ind_y_addr_hi                     test
     00000050  _actual                            test
     00000051  _addr                              test
     00001000  _abs_var                           test
     00001100  _abs_x_var                         test
     00001200  _abs_y_var                         test
     00002000  _test_result                       test
     00002010  _current_test                      test
     00002011  _test_status                       test
ASxxxx Linker V03.00 + NoICE + sdld,  page 4.
Hexadecimal  [32-Bits]

Area                                    Addr        Size        Decimal Bytes (Attributes)
--------------------------------        ----        ----        ------- ----- ------------
ZP                                  00000001    00000008 =           8. bytes (REL,CON,PAG)

      Value  Global                              Global Defined In Module
      -----  --------------------------------   ------------------------
     00000001  REGTEMP                            __sdcc_regs
     00000001  ___SDCC_m6502_ret0                 __sdcc_regs
     00000002  ___SDCC_m6502_ret1                 __sdcc_regs
     00000003  ___SDCC_m6502_ret2                 __sdcc_regs
     00000004  ___SDCC_m6502_ret3                 __sdcc_regs
     00000005  ___SDCC_m6502_ret4                 __sdcc_regs
     00000006  ___SDCC_m6502_ret5                 __sdcc_regs
     00000007  DPTR                               __sdcc_regs
     00000007  ___SDCC_m6502_ret6                 __sdcc_regs
     00000008  ___SDCC_m6502_ret7                 __sdcc_regs

ASxxxx Linker V03.00 + NoICE + sdld,  page 5.
Hexadecimal  [32-Bits]

Area                                    Addr        Size        Decimal Bytes (Attributes)
--------------------------------        ----        ----        ------- ----- ------------
OSEG                                00000009    00000004 =           4. bytes (REL,OVR,PAG)

      Value  Global                              Global Defined In Module
      -----  --------------------------------   ------------------------
     00000009  ___memcpy_PARM_2                   _memcpy
     00000009  _memcpy_PARM_2                     _memcpy
     00000009  _memset_PARM_2                     _memset
     0000000A  _memset_PARM_3                     _memset
     0000000B  ___memcpy_PARM_3                   _memcpy
     0000000B  _memcpy_PARM_3                     _memcpy
ASxxxx Linker V03.00 + NoICE + sdld,  page 6.
Hexadecimal  [32-Bits]

Area                                    Addr        Size        Decimal Bytes (Attributes)
--------------------------------        ----        ----        ------- ----- ------------
BSS                                 00000200    00000009 =           9. bytes (REL,CON)

      Value  Global                              Global Defined In Module
      -----  --------------------------------   ------------------------
     00000206  _verify_mem_PARM_2                 test
     00000207  _verify_mem_PARM_3                 test
     00000208  _verify_zp_PARM_3                  test
ASxxxx Linker V03.00 + NoICE + sdld,  page 7.
Hexadecimal  [32-Bits]

Area                                    Addr        Size        Decimal Bytes (Attributes)
--------------------------------        ----        ----        ------- ----- ------------
GSINIT                              00000209    00000045 =          69. bytes (REL,CON)

      Value  Global                              Global Defined In Module
      -----  --------------------------------   ------------------------
ASxxxx Linker V03.00 + NoICE + sdld,  page 8.
Hexadecimal  [32-Bits]

Area                                    Addr        Size        Decimal Bytes (Attributes)
--------------------------------        ----        ----        ------- ----- ------------
GSFINAL                             0000024E    00000006 =           6. bytes (REL,CON)

      Value  Global                              Global Defined In Module
      -----  --------------------------------   ------------------------
ASxxxx Linker V03.00 + NoICE + sdld,  page 9.
Hexadecimal  [32-Bits]

Area                                    Addr        Size        Decimal Bytes (Attributes)
--------------------------------        ----        ----        ------- ----- ------------
CODE                                00000254    00000242 =         578. bytes (REL,CON)

      Value  Global                              Global Defined In Module
      -----  --------------------------------   ------------------------
     00000254  _main                              test
     000002A2  _test_failed                       test
     000002B3  _test_passed                       test
     000002BC  _verify_a                          test
     000002D5  _verify_x                          test
     000002EE  _verify_y                          test
     00000307  _verify_mem                        test
     00000320  _verify_zp                         test
     0000032F  _test_load_store                   test
     000003E9  _test_arithmetic                   test
     0000042E  _test_logical                      test
     0000042F  _test_shift_rotate                 test
     00000430  _test_branch                       test
     00000431  _test_flags                        test
     00000432  _test_stack                        test
     00000433  _test_jump_subroutine              test
     00000434  _test_misc                         test
     00000435  ___memcpy                          _memcpy
     00000435  _memcpy                            _memcpy
     00000467  _memset                            _memset
     00000493  ___sdcc_external_startup           _startup
ASxxxx Linker V03.00 + NoICE + sdld,  page 10.

Files Linked                              [ module(s) ]

/usr/local/bin/../share/sdcc/lib/mos6502/crt0.rel
                                          [ crt0 ]
test.rel                                  [ test ]


Libraries Linked                          [ object file ]

/usr/local/bin/../share/sdcc/lib/mos6502/mos6502.lib
                                          [ memcpy.rel ]
/usr/local/bin/../share/sdcc/lib/mos6502/mos6502.lib
                                          [ _memset.rel ]
/usr/local/bin/../share/sdcc/lib/mos6502/mos6502.lib
                                          [ __sdcc_regs.rel ]
/usr/local/bin/../share/sdcc/lib/mos6502/mos6502.lib
                                          [ _startup.rel ]

ASxxxx Linker V03.00 + NoICE + sdld,  page 11.

User Base Address Definitions

_CODE = 0x8000
ZP = 0x0001
_DATA = 0x0200

