ASxxxx Linker V03.00/V05.40 + sdld,  page 1.
Hexadecimal  [32-Bits]

Area                                    Addr        Size        Decimal Bytes (Attributes)
--------------------------------        ----        ----        ------- ----- ------------
CABS                                00000000    00000000 =           0. bytes (ABS,CON)

         Value  Global                             Global Defined In Module
         -----  --------------------------------   ------------------------
     00000000  l_CABS                          
     00000000  l_CODEIVT                       
     00000000  l_DABS                          
     00000000  l_DATA                          
     00000000  l_RODATA                        
     00000000  l_XINIT                         
     00000000  l__CODE                         
     00000000  l__DATA                         
     00000000  s_CABS                          
     00000000  s_CODEIVT                       
     00000000  s_CODEIVT0                      
     00000000  s_DABS                          
     00000001  l_BSS                           
     00000001  s_ZP                            
     00000004  l_OSEG                          
     00000006  l_CODEIVT0                      
     00000006  l_GSFINAL                       
     00000008  l_ZP                            
     00000009  s_OSEG                          
     00000045  l_GSINIT                        
     00000200  s_BSS                           
     00000200  s_DATA                          
     00000200  s__DATA                         
     00000201  s_GSINIT                        
     00000246  s_GSFINAL                       
     0000024C  s_CODE                          
     00000512  l_CODE                          
     0000075E  s_RODATA                        
     0000075E  s_XINIT                         
     00008000  s__CODE                         
ASxxxx Linker V03.00/V05.40 + sdld,  page 2.
Hexadecimal  [32-Bits]

Area                                    Addr        Size        Decimal Bytes (Attributes)
--------------------------------        ----        ----        ------- ----- ------------
CODEIVT0                            00000000    00000006 =           6. bytes (ABS,CON)

         Value  Global                             Global Defined In Module
         -----  --------------------------------   ------------------------
ASxxxx Linker V03.00/V05.40 + sdld,  page 3.
Hexadecimal  [32-Bits]

Area                                    Addr        Size        Decimal Bytes (Attributes)
--------------------------------        ----        ----        ------- ----- ------------
.  .ABS.                            00000000    00000000 =           0. bytes (ABS,CON)

         Value  Global                             Global Defined In Module
         -----  --------------------------------   ------------------------
     00000000  .__.ABS.                           _startup
     00000020  _zp_var                            test
     00000021  _zp_var2                           test
     00000022  _zp_store                          test
     00000023  _zp_store2                         test
     00000030  _ind_x_addr_lo                     test
     00000031  _ind_x_addr_hi                     test
     00000032  _ind_store_lo                      test
     00000033  _ind_store_hi                      test
     00000040  _ind_y_addr_lo                     test
     00000041  _ind_y_addr_hi                     test
     00000050  _actual                            test
     00000051  _flags                             test
     00000052  _addr                              test
     00000060  _test_num                          test
     00001000  _abs_var                           test
     00001002  _abs_store                         test
     00001003  _abs_store2                        test
     00001100  _abs_x_var                         test
     00001101  _abs_x_var2                        test
     00001200  _abs_y_var                         test
     00001201  _abs_y_var2                        test
     00002000  _test_result                       test
     00002002  _test_block                        test
     00002004  _test_status                       test

ASxxxx Linker V03.00/V05.40 + sdld,  page 4.
Hexadecimal  [32-Bits]

Area                                    Addr        Size        Decimal Bytes (Attributes)
--------------------------------        ----        ----        ------- ----- ------------
ZP                                  00000001    00000008 =           8. bytes (REL,CON,PAG)

         Value  Global                             Global Defined In Module
         -----  --------------------------------   ------------------------
     00000001  REGTEMP                            __sdcc_regs
     00000001  ___SDCC_m6502_ret0                 __sdcc_regs
     00000002  ___SDCC_m6502_ret1                 __sdcc_regs
     00000003  ___SDCC_m6502_ret2                 __sdcc_regs
     00000004  ___SDCC_m6502_ret3                 __sdcc_regs
     00000005  ___SDCC_m6502_ret4                 __sdcc_regs
     00000006  ___SDCC_m6502_ret5                 __sdcc_regs
     00000007  DPTR                               __sdcc_regs
     00000007  ___SDCC_m6502_ret6                 __sdcc_regs
     00000008  ___SDCC_m6502_ret7                 __sdcc_regs

ASxxxx Linker V03.00/V05.40 + sdld,  page 5.
Hexadecimal  [32-Bits]

Area                                    Addr        Size        Decimal Bytes (Attributes)
--------------------------------        ----        ----        ------- ----- ------------
OSEG                                00000009    00000004 =           4. bytes (REL,OVR,PAG)

         Value  Global                             Global Defined In Module
         -----  --------------------------------   ------------------------
     00000009  ___memcpy_PARM_2                   _memcpy
     00000009  _memcpy_PARM_2                     _memcpy
     00000009  _memset_PARM_2                     _memset
     0000000A  _memset_PARM_3                     _memset
     0000000B  ___memcpy_PARM_3                   _memcpy
     0000000B  _memcpy_PARM_3                     _memcpy
ASxxxx Linker V03.00/V05.40 + sdld,  page 6.
Hexadecimal  [32-Bits]

Area                                    Addr        Size        Decimal Bytes (Attributes)
--------------------------------        ----        ----        ------- ----- ------------
BSS                                 00000200    00000001 =           1. bytes (REL,CON)

         Value  Global                             Global Defined In Module
         -----  --------------------------------   ------------------------
     00000200  _verify_mem_PARM_2                 test

ASxxxx Linker V03.00/V05.40 + sdld,  page 7.
Hexadecimal  [32-Bits]

Area                                    Addr        Size        Decimal Bytes (Attributes)
--------------------------------        ----        ----        ------- ----- ------------
GSINIT                              00000201    00000045 =          69. bytes (REL,CON)

         Value  Global                             Global Defined In Module
         -----  --------------------------------   ------------------------
ASxxxx Linker V03.00/V05.40 + sdld,  page 8.
Hexadecimal  [32-Bits]

Area                                    Addr        Size        Decimal Bytes (Attributes)
--------------------------------        ----        ----        ------- ----- ------------
GSFINAL                             00000246    00000006 =           6. bytes (REL,CON)

         Value  Global                             Global Defined In Module
         -----  --------------------------------   ------------------------
ASxxxx Linker V03.00/V05.40 + sdld,  page 9.
Hexadecimal  [32-Bits]

Area                                    Addr        Size        Decimal Bytes (Attributes)
--------------------------------        ----        ----        ------- ----- ------------
CODE                                0000024C    00000512 =        1298. bytes (REL,CON)

         Value  Global                             Global Defined In Module
         -----  --------------------------------   ------------------------
     0000024C  _main                              test
     000002C0  _test_failed                       test
     000002D4  _test_passed                       test
     000002E8  _verify                            test
     000002F9  _verify_flags                      test
     0000031D  _start_test_block                  test
     0000032B  _verify_mem                        test
     00000347  _verify_zp                         test
     00000350  _test_load                         test
     0000044D  _test_store                        test
     00000537  _test_arithmetic                   test
     000006F6  _test_logical                      test
     000006F7  _test_shift_rotate                 test
     000006F8  _test_branch                       test
     000006F9  _test_flags                        test
     000006FA  _test_stack                        test
     000006FB  _test_jump_subroutine              test
     000006FC  _test_misc                         test
     000006FD  ___memcpy                          _memcpy
     000006FD  _memcpy                            _memcpy
     0000072F  _memset                            _memset
     0000075B  ___sdcc_external_startup           _startup

ASxxxx Linker V03.00/V05.40 + sdld,  page 10.

Files Linked                              [ module(s) ]

/usr/local/bin/../share/sdcc/lib/mos6502/crt0.rel
                                          [ crt0 ]
test.rel                                  [ test ]


Libraries Linked                          [ object file ]

/usr/local/bin/../share/sdcc/lib/mos6502/mos6502.lib
                                          [ memcpy.rel ]
/usr/local/bin/../share/sdcc/lib/mos6502/mos6502.lib
                                          [ _memset.rel ]
/usr/local/bin/../share/sdcc/lib/mos6502/mos6502.lib
                                          [ __sdcc_regs.rel ]
/usr/local/bin/../share/sdcc/lib/mos6502/mos6502.lib
                                          [ _startup.rel ]

ASxxxx Linker V03.00/V05.40 + sdld,  page 11.

User Base Address Definitions

_CODE = 0x8000
ZP = 0x0001
_DATA = 0x0200

